130.239.30.142 - - [02/Sep/2003:04:58:02 -0700] "GET /doc/streams.html HTTP/1.1" 200 37824 "http://www.antlr.org/doc/index.html" "Mozilla/4.0 (compatible; MSIE 6.0; Windows NT 5.0; .NET CLR 1.1.4322)"
130.239.30.142 - - [02/Sep/2003:04:58:02 -0700] "GET /doc/stream.splitter.gif HTTP/1.1" 200 5527 "http://www.antlr.org/doc/streams.html" "Mozilla/4.0 (compatible; MSIE 6.0; Windows NT 5.0; .NET CLR 1.1.4322)"
130.239.30.142 - - [02/Sep/2003:04:58:02 -0700] "GET /doc/hidden.stream.gif HTTP/1.1" 200 3667 "http://www.antlr.org/doc/streams.html" "Mozilla/4.0 (compatible; MSIE 6.0; Windows NT 5.0; .NET CLR 1.1.4322)"
130.239.30.142 - - [02/Sep/2003:04:58:02 -0700] "GET /doc/stream.selector.gif HTTP/1.1" 200 5976 "http://www.antlr.org/doc/streams.html" "Mozilla/4.0 (compatible; MSIE 6.0; Windows NT 5.0; .NET CLR 1.1.4322)"
130.239.30.142 - - [02/Sep/2003:04:58:02 -0700] "GET /doc/stream.perspectives.gif HTTP/1.1" 200 2679 "http://www.antlr.org/doc/streams.html" "Mozilla/4.0 (compatible; MSIE 6.0; Windows NT 5.0; .NET CLR 1.1.4322)"
217.238.30.222 - - [02/Sep/2003:04:58:07 -0700] "GET /download/antlr-2.7.2.zip HTTP/1.1" 200 1943296 "http://www.antlr.org/download.html" "Mozilla/4.0 (compatible; MSIE 6.0; Windows NT 5.0) Opera 7.11  [en]"
159.149.157.151 - - [02/Sep/2003:04:58:33 -0700] "GET /images/shim.gif HTTP/1.1" 304 - "http://www.antlr.org/doc/index.html" "Mozilla/4.0 (compatible; MSIE 6.0; Windows NT 5.0; .NET CLR 1.0.3705)"
159.149.157.151 - - [02/Sep/2003:04:58:33 -0700] "GET /images/logo-head.gif HTTP/1.1" 304 - "http://www.antlr.org/doc/index.html" "Mozilla/4.0 (compatible; MSIE 6.0; Windows NT 5.0; .NET CLR 1.0.3705)"
159.149.157.151 - - [02/Sep/2003:04:58:34 -0700] "GET /images/head-shim.gif HTTP/1.1" 304 - "http://www.antlr.org/doc/index.html" "Mozilla/4.0 (compatible; MSIE 6.0; Windows NT 5.0; .NET CLR 1.0.3705)"
159.149.157.151 - - [02/Sep/2003:04:58:35 -0700] "GET /images/button-download.gif HTTP/1.1" 304 - "http://www.antlr.org/doc/index.html" "Mozilla/4.0 (compatible; MSIE 6.0; Windows NT 5.0; .NET CLR 1.0.3705)"
159.149.157.151 - - [02/Sep/2003:04:58:36 -0700] "GET /images/search-go.gif HTTP/1.1" 304 - "http://www.antlr.org/doc/index.html" "Mozilla/4.0 (compatible; MSIE 6.0; Windows NT 5.0; .NET CLR 1.0.3705)"
159.149.157.151 - - [02/Sep/2003:04:58:36 -0700] "GET /doc/index.html HTTP/1.1" 200 26469 "http://www.antlr.org/about.html" "Mozilla/4.0 (compatible; MSIE 6.0; Windows NT 5.0; .NET CLR 1.0.3705)"
159.149.157.151 - - [02/Sep/2003:04:58:36 -0700] "GET /images/search.gif HTTP/1.1" 304 - "http://www.antlr.org/doc/index.html" "Mozilla/4.0 (compatible; MSIE 6.0; Windows NT 5.0; .NET CLR 1.0.3705)"
216.88.158.142 - - [02/Sep/2003:04:58:44 -0700] "GET /grammars/ORACLE-7-SQL/ HTTP/1.1" 200 6469 "-" "Mozilla/4.0 compatible ZyBorg/1.0 DLC (wn.zyborg@looksmart.net; http://www.WISEnutbot.com)"
159.149.157.151 - - [02/Sep/2003:04:58:56 -0700] "GET /doc/vocab.html HTTP/1.1" 200 20040 "http://www.antlr.org/doc/index.html" "Mozilla/4.0 (compatible; MSIE 6.0; Windows NT 5.0; .NET CLR 1.0.3705)"
159.149.157.151 - - [02/Sep/2003:04:59:18 -0700] "GET /doc/index.html HTTP/1.1" 200 26469 "http://www.antlr.org/about.html" "Mozilla/4.0 (compatible; MSIE 6.0; Windows NT 5.0; .NET CLR 1.0.3705)"
130.239.30.142 - - [02/Sep/2003:04:59:20 -0700] "GET /doc/index.html HTTP/1.1" 200 26469 "http://www.antlr.org/grammar/java" "Mozilla/4.0 (compatible; MSIE 6.0; Windows NT 5.0; .NET CLR 1.1.4322)"
130.239.30.142 - - [02/Sep/2003:04:59:26 -0700] "GET /doc/vocab.html HTTP/1.1" 200 20040 "http://www.antlr.org/doc/index.html" "Mozilla/4.0 (compatible; MSIE 6.0; Windows NT 5.0; .NET CLR 1.1.4322)"
159.149.157.151 - - [02/Sep/2003:04:59:42 -0700] "GET /doc/lexer.html HTTP/1.1" 200 81920 "http://www.antlr.org/doc/index.html" "Mozilla/4.0 (compatible; MSIE 6.0; Windows NT 5.0; .NET CLR 1.0.3705)"
159.149.157.151 - - [02/Sep/2003:04:59:51 -0700] "GET /doc/lexer.html HTTP/1.1" 200 83864 "http://www.antlr.org/doc/index.html" "Mozilla/4.0 (compatible; MSIE 6.0; Windows NT 5.0; .NET CLR 1.0.3705)"
130.239.30.142 - - [02/Sep/2003:05:00:09 -0700] "GET /doc/index.html HTTP/1.1" 200 26469 "http://www.antlr.org/grammar/java" "Mozilla/4.0 (compatible; MSIE 6.0; Windows NT 5.0; .NET CLR 1.1.4322)"
212.157.192.194 - - [02/Sep/2003:05:00:10 -0700] "GET /doc/index.html HTTP/1.0" 200 26469 "http://www.antlr.org/" "Mozilla/5.0 (Windows; U; Windows NT 5.1; en-US; rv:1.4) Gecko/20030612"
212.157.192.194 - - [02/Sep/2003:05:00:18 -0700] "GET /doc/runtime.html HTTP/1.0" 200 49604 "http://www.antlr.org/doc/index.html" "Mozilla/5.0 (Windows; U; Windows NT 5.1; en-US; rv:1.4) Gecko/20030612"
130.239.30.142 - - [02/Sep/2003:05:00:20 -0700] "GET /doc/inheritance.html HTTP/1.1" 200 14890 "http://www.antlr.org/doc/index.html" "Mozilla/4.0 (compatible; MSIE 6.0; Windows NT 5.0; .NET CLR 1.1.4322)"
130.239.30.142 - - [02/Sep/2003:05:00:26 -0700] "GET /doc/index.html HTTP/1.1" 200 26469 "http://www.antlr.org/grammar/java" "Mozilla/4.0 (compatible; MSIE 6.0; Windows NT 5.0; .NET CLR 1.1.4322)"
130.239.30.142 - - [02/Sep/2003:05:00:29 -0700] "GET /doc/options.html HTTP/1.1" 200 37045 "http://www.antlr.org/doc/index.html" "Mozilla/4.0 (compatible; MSIE 6.0; Windows NT 5.0; .NET CLR 1.1.4322)"
130.239.30.142 - - [02/Sep/2003:05:00:39 -0700] "GET /doc/index.html HTTP/1.1" 200 26469 "http://www.antlr.org/grammar/java" "Mozilla/4.0 (compatible; MSIE 6.0; Windows NT 5.0; .NET CLR 1.1.4322)"
159.149.157.151 - - [02/Sep/2003:05:01:12 -0700] "GET /doc/index.html HTTP/1.1" 200 26469 "http://www.antlr.org/about.html" "Mozilla/4.0 (compatible; MSIE 6.0; Windows NT 5.0; .NET CLR 1.0.3705)"
159.149.157.151 - - [02/Sep/2003:05:01:22 -0700] "GET /doc/metalang.html HTTP/1.1" 200 40960 "http://www.antlr.org/doc/index.html" "Mozilla/4.0 (compatible; MSIE 6.0; Windows NT 5.0; .NET CLR 1.0.3705)"
159.149.157.151 - - [02/Sep/2003:05:01:27 -0700] "GET /doc/metalang.html HTTP/1.1" 200 52606 "http://www.antlr.org/doc/index.html" "Mozilla/4.0 (compatible; MSIE 6.0; Windows NT 5.0; .NET CLR 1.0.3705)"
130.239.30.142 - - [02/Sep/2003:05:01:30 -0700] "GET /doc/metalang.html HTTP/1.1" 200 52606 "http://www.antlr.org/doc/index.html" "Mozilla/4.0 (compatible; MSIE 6.0; Windows NT 5.0; .NET CLR 1.1.4322)"
130.239.30.142 - - [02/Sep/2003:05:01:30 -0700] "GET /doc/optional.gif HTTP/1.1" 200 2018 "http://www.antlr.org/doc/metalang.html" "Mozilla/4.0 (compatible; MSIE 6.0; Windows NT 5.0; .NET CLR 1.1.4322)"
130.239.30.142 - - [02/Sep/2003:05:01:31 -0700] "GET /doc/subrule.gif HTTP/1.1" 200 1887 "http://www.antlr.org/doc/metalang.html" "Mozilla/4.0 (compatible; MSIE 6.0; Windows NT 5.0; .NET CLR 1.1.4322)"
130.239.30.142 - - [02/Sep/2003:05:01:31 -0700] "GET /doc/closure.gif HTTP/1.1" 200 2166 "http://www.antlr.org/doc/metalang.html" "Mozilla/4.0 (compatible; MSIE 6.0; Windows NT 5.0; .NET CLR 1.1.4322)"
130.239.30.142 - - [02/Sep/2003:05:01:31 -0700] "GET /doc/posclosure.gif HTTP/1.1" 200 2031 "http://www.antlr.org/doc/metalang.html" "Mozilla/4.0 (compatible; MSIE 6.0; Windows NT 5.0; .NET CLR 1.1.4322)"
159.149.157.151 - - [02/Sep/2003:05:01:33 -0700] "GET /doc/metalang.html HTTP/1.1" 200 52606 "http://www.antlr.org/doc/index.html" "Mozilla/4.0 (compatible; MSIE 6.0; Windows NT 5.0; .NET CLR 1.0.3705)"
159.149.157.151 - - [02/Sep/2003:05:01:37 -0700] "GET /doc/optional.gif HTTP/1.1" 200 2018 "http://www.antlr.org/doc/metalang.html" "Mozilla/4.0 (compatible; MSIE 6.0; Windows NT 5.0; .NET CLR 1.0.3705)"
159.149.157.151 - - [02/Sep/2003:05:01:38 -0700] "GET /doc/posclosure.gif HTTP/1.1" 200 2031 "http://www.antlr.org/doc/metalang.html" "Mozilla/4.0 (compatible; MSIE 6.0; Windows NT 5.0; .NET CLR 1.0.3705)"
159.149.157.151 - - [02/Sep/2003:05:01:39 -0700] "GET /doc/closure.gif HTTP/1.1" 200 2166 "http://www.antlr.org/doc/metalang.html" "Mozilla/4.0 (compatible; MSIE 6.0; Windows NT 5.0; .NET CLR 1.0.3705)"
130.239.30.142 - - [02/Sep/2003:05:01:54 -0700] "GET /doc/getting-started.html HTTP/1.1" 200 11326 "http://www.antlr.org/" "Mozilla/4.0 (compatible; MSIE 6.0; Windows NT 5.0; .NET CLR 1.1.4322)"
159.226.5.209 - - [02/Sep/2003:05:01:54 -0700] "GET / HTTP/1.1" 200 11690 "http://www.jguru.com/download/index.jsp" "Mozilla/4.0 (compatible; MSIE 6.0; Windows NT 5.1; MyIE2)"
159.226.5.209 - - [02/Sep/2003:05:01:55 -0700] "GET /images/logo-head.gif HTTP/1.1" 304 - "http://www.antlr.org/" "Mozilla/4.0 (compatible; MSIE 6.0; Windows NT 5.1; MyIE2)"
159.226.5.209 - - [02/Sep/2003:05:01:55 -0700] "GET /images/button-download.gif HTTP/1.1" 304 - "http://www.antlr.org/" "Mozilla/4.0 (compatible; MSIE 6.0; Windows NT 5.1; MyIE2)"
159.226.5.209 - - [02/Sep/2003:05:01:55 -0700] "GET /images/parr-head.jpg HTTP/1.1" 304 - "http://www.antlr.org/" "Mozilla/4.0 (compatible; MSIE 6.0; Windows NT 5.1; MyIE2)"
159.226.5.209 - - [02/Sep/2003:05:01:55 -0700] "GET /images/search.gif HTTP/1.1" 304 - "http://www.antlr.org/" "Mozilla/4.0 (compatible; MSIE 6.0; Windows NT 5.1; MyIE2)"
159.226.5.209 - - [02/Sep/2003:05:01:55 -0700] "GET /images/search-go.gif HTTP/1.1" 304 - "http://www.antlr.org/" "Mozilla/4.0 (compatible; MSIE 6.0; Windows NT 5.1; MyIE2)"
159.226.5.209 - - [02/Sep/2003:05:02:04 -0700] "GET /images/shim.gif HTTP/1.1" 304 - "http://www.antlr.org/" "Mozilla/4.0 (compatible; MSIE 6.0; Windows NT 5.1; MyIE2)"
159.226.5.209 - - [02/Sep/2003:05:02:04 -0700] "GET /favicon.ico HTTP/1.1" 404 1015 "-" "Mozilla/4.0 (compatible; MSIE 6.0; Windows NT 5.1; MyIE2)"
159.149.157.151 - - [02/Sep/2003:05:03:07 -0700] "GET /about.html HTTP/1.1" 200 8707 "http://www.antlr.org" "Mozilla/4.0 (compatible; MSIE 6.0; Windows NT 5.0; .NET CLR 1.0.3705)"
159.149.157.151 - - [02/Sep/2003:05:03:12 -0700] "GET /grammar/list HTTP/1.1" 200 15685 "http://www.antlr.org/about.html" "Mozilla/4.0 (compatible; MSIE 6.0; Windows NT 5.0; .NET CLR 1.0.3705)"
159.149.157.151 - - [02/Sep/2003:05:03:22 -0700] "GET /grammar/cgram HTTP/1.1" 200 8086 "http://www.antlr.org/grammar/list" "Mozilla/4.0 (compatible; MSIE 6.0; Windows NT 5.0; .NET CLR 1.0.3705)"
159.149.157.151 - - [02/Sep/2003:05:03:23 -0700] "GET /images/shim.gif HTTP/1.1" 304 - "http://www.antlr.org/grammar/cgram" "Mozilla/4.0 (compatible; MSIE 6.0; Windows NT 5.0; .NET CLR 1.0.3705)"
159.149.157.151 - - [02/Sep/2003:05:03:24 -0700] "GET /images/logo-head.gif HTTP/1.1" 304 - "http://www.antlr.org/grammar/cgram" "Mozilla/4.0 (compatible; MSIE 6.0; Windows NT 5.0; .NET CLR 1.0.3705)"
159.149.157.151 - - [02/Sep/2003:05:03:25 -0700] "GET /images/button-download.gif HTTP/1.1" 304 - "http://www.antlr.org/grammar/cgram" "Mozilla/4.0 (compatible; MSIE 6.0; Windows NT 5.0; .NET CLR 1.0.3705)"
159.149.157.151 - - [02/Sep/2003:05:03:26 -0700] "GET /images/head-shim.gif HTTP/1.1" 304 - "http://www.antlr.org/grammar/cgram" "Mozilla/4.0 (compatible; MSIE 6.0; Windows NT 5.0; .NET CLR 1.0.3705)"
159.149.157.151 - - [02/Sep/2003:05:03:27 -0700] "GET /grammar/java HTTP/1.1" 200 8472 "http://www.antlr.org/grammar/list" "Mozilla/4.0 (compatible; MSIE 6.0; Windows NT 5.0; .NET CLR 1.0.3705)"
159.149.157.151 - - [02/Sep/2003:05:03:29 -0700] "GET /images/search.gif HTTP/1.1" 304 - "http://www.antlr.org/grammar/cgram" "Mozilla/4.0 (compatible; MSIE 6.0; Windows NT 5.0; .NET CLR 1.0.3705)"
159.149.157.151 - - [02/Sep/2003:05:03:30 -0700] "GET /images/search-go.gif HTTP/1.1" 304 - "http://www.antlr.org/grammar/cgram" "Mozilla/4.0 (compatible; MSIE 6.0; Windows NT 5.0; .NET CLR 1.0.3705)"
159.149.157.151 - - [02/Sep/2003:05:03:30 -0700] "GET /images/search.gif HTTP/1.1" 304 - "http://www.antlr.org/grammar/java" "Mozilla/4.0 (compatible; MSIE 6.0; Windows NT 5.0; .NET CLR 1.0.3705)"
159.149.157.151 - - [02/Sep/2003:05:03:31 -0700] "GET /images/search-go.gif HTTP/1.1" 304 - "http://www.antlr.org/grammar/java" "Mozilla/4.0 (compatible; MSIE 6.0; Windows NT 5.0; .NET CLR 1.0.3705)"
159.149.157.151 - - [02/Sep/2003:05:03:37 -0700] "GET /grammar/java/java.g HTTP/1.1" 200 33216 "http://www.antlr.org/grammar/java" "Mozilla/4.0 (compatible; MSIE 6.0; Windows NT 5.0; .NET CLR 1.0.3705)"
159.149.157.151 - - [02/Sep/2003:05:03:53 -0700] "GET /grammar/java/java.tree.g HTTP/1.1" 200 5213 "http://www.antlr.org/grammar/java" "Mozilla/4.0 (compatible; MSIE 6.0; Windows NT 5.0; .NET CLR 1.0.3705)"
159.149.157.151 - - [02/Sep/2003:05:04:01 -0700] "GET /grammar/java HTTP/1.1" 200 8472 "http://www.antlr.org/grammar/list" "Mozilla/4.0 (compatible; MSIE 6.0; Windows NT 5.0; .NET CLR 1.0.3705)"
159.149.157.151 - - [02/Sep/2003:05:04:12 -0700] "GET /grammar/cgram/examples HTTP/1.1" 200 8004 "http://www.antlr.org/grammar/cgram" "Mozilla/4.0 (compatible; MSIE 6.0; Windows NT 5.0; .NET CLR 1.0.3705)"
159.149.157.151 - - [02/Sep/2003:05:04:17 -0700] "GET /grammar/cgram HTTP/1.1" 200 8086 "http://www.antlr.org/grammar/list" "Mozilla/4.0 (compatible; MSIE 6.0; Windows NT 5.0; .NET CLR 1.0.3705)"
159.149.157.151 - - [02/Sep/2003:05:04:33 -0700] "GET /grammar/cpp HTTP/1.1" 200 8441 "http://www.antlr.org/grammar/list" "Mozilla/4.0 (compatible; MSIE 6.0; Windows NT 5.0; .NET CLR 1.0.3705)"
159.149.157.151 - - [02/Sep/2003:05:04:44 -0700] "GET /grammar/cpp/CPP_parser.g HTTP/1.1" 200 60526 "http://www.antlr.org/grammar/cpp" "Mozilla/4.0 (compatible; MSIE 6.0; Windows NT 5.0; .NET CLR 1.0.3705)"
159.149.157.151 - - [02/Sep/2003:05:04:46 -0700] "GET /grammar/cpp HTTP/1.1" 200 8441 "http://www.antlr.org/grammar/list" "Mozilla/4.0 (compatible; MSIE 6.0; Windows NT 5.0; .NET CLR 1.0.3705)"
159.149.157.151 - - [02/Sep/2003:05:05:00 -0700] "GET /doc/getting-started.html HTTP/1.1" 200 11326 "http://www.antlr.org/grammar/cpp" "Mozilla/4.0 (compatible; MSIE 6.0; Windows NT 5.0; .NET CLR 1.0.3705)"
131.246.120.9 - - [02/Sep/2003:05:05:13 -0700] "GET /images/head-shim.gif HTTP/1.0" 200 158 "http://www.antlr.org/doc/index.html" "Mozilla/5.0 (compatible; Konqueror/3.1; Linux)"
131.246.120.9 - - [02/Sep/2003:05:05:13 -0700] "GET /images/shim.gif HTTP/1.0" 200 43 "http://www.antlr.org/doc/index.html" "Mozilla/5.0 (compatible; Konqueror/3.1; Linux)"
131.246.120.14 - - [02/Sep/2003:05:05:13 -0700] "GET /images/logo-head.gif HTTP/1.0" 200 4098 "http://www.antlr.org/doc/index.html" "Mozilla/5.0 (compatible; Konqueror/3.1; Linux)"
131.246.120.9 - - [02/Sep/2003:05:05:14 -0700] "GET /doc/index.html HTTP/1.0" 200 26469 "-" "Mozilla/5.0 (compatible; Konqueror/3.1; Linux)"
131.246.120.14 - - [02/Sep/2003:05:05:15 -0700] "GET /images/search.gif HTTP/1.0" 200 299 "http://www.antlr.org/doc/index.html" "Mozilla/5.0 (compatible; Konqueror/3.1; Linux)"
131.246.120.9 - - [02/Sep/2003:05:05:15 -0700] "GET /images/button-download.gif HTTP/1.0" 200 733 "http://www.antlr.org/doc/index.html" "Mozilla/5.0 (compatible; Konqueror/3.1; Linux)"
131.246.120.14 - - [02/Sep/2003:05:05:15 -0700] "GET /images/search-go.gif HTTP/1.0" 200 266 "http://www.antlr.org/doc/index.html" "Mozilla/5.0 (compatible; Konqueror/3.1; Linux)"
131.246.120.9 - - [02/Sep/2003:05:05:16 -0700] "GET /favicon.ico HTTP/1.0" 404 173 "-" "Mozilla/5.0 (compatible; Konqueror/3.1; Linux)"
131.246.120.14 - - [02/Sep/2003:05:05:19 -0700] "GET /doc/index.html HTTP/1.0" 200 26469 "http://www.antlr.org/doc/index.html" "Mozilla/5.0 (compatible; Konqueror/3.1; Linux)"
131.246.120.14 - - [02/Sep/2003:05:06:13 -0700] "GET /doc/metalang.html HTTP/1.0" 200 52606 "http://www.antlr.org/doc/index.html" "Mozilla/5.0 (compatible; Konqueror/3.1; Linux)"
131.246.120.9 - - [02/Sep/2003:05:06:16 -0700] "GET /doc/optional.gif HTTP/1.0" 200 2018 "http://www.antlr.org/doc/metalang.html" "Mozilla/5.0 (compatible; Konqueror/3.1; Linux)"
131.246.120.9 - - [02/Sep/2003:05:06:16 -0700] "GET /doc/closure.gif HTTP/1.0" 200 2166 "http://www.antlr.org/doc/metalang.html" "Mozilla/5.0 (compatible; Konqueror/3.1; Linux)"
131.246.120.14 - - [02/Sep/2003:05:06:16 -0700] "GET /doc/subrule.gif HTTP/1.0" 200 1887 "http://www.antlr.org/doc/metalang.html" "Mozilla/5.0 (compatible; Konqueror/3.1; Linux)"
131.246.120.14 - - [02/Sep/2003:05:06:16 -0700] "GET /doc/posclosure.gif HTTP/1.0" 200 2031 "http://www.antlr.org/doc/metalang.html" "Mozilla/5.0 (compatible; Konqueror/3.1; Linux)"
68.167.92.90 - - [02/Sep/2003:05:14:00 -0700] "HEAD / HTTP/1.1" 200 8192 "-" "curl/7.7.2 (powerpc-apple-darwin6.0) libcurl 7.7.2 (OpenSSL 0.9.6b)"
209.237.238.172 - - [02/Sep/2003:05:15:11 -0700] "GET /robots.txt HTTP/1.0" 200 6457 "-" "ia_archiver"
209.237.238.172 - - [02/Sep/2003:05:15:11 -0700] "GET /grammars/IDL HTTP/1.0" 200 6459 "-" "ia_archiver"
209.237.238.173 - - [02/Sep/2003:05:15:14 -0700] "GET /robots.txt HTTP/1.0" 200 6457 "-" "ia_archiver"
209.237.238.173 - - [02/Sep/2003:05:15:14 -0700] "GET /?frames=yes HTTP/1.0" 200 11690 "-" "ia_archiver"
209.237.238.175 - - [02/Sep/2003:05:15:45 -0700] "GET /index.html HTTP/1.0" 302 140 "-" "ia_archiver"
159.226.5.209 - - [02/Sep/2003:05:16:57 -0700] "GET /download HTTP/1.1" 200 8226 "http://www.doc.ic.ac.uk/lab/secondyear/Antlr/" "Mozilla/4.0 (compatible; MSIE 6.0; Windows NT 5.1; MyIE2)"
159.226.5.209 - - [02/Sep/2003:05:16:58 -0700] "GET /images/shim.gif HTTP/1.1" 304 - "http://www.antlr.org/download" "Mozilla/4.0 (compatible; MSIE 6.0; Windows NT 5.1; MyIE2)"
159.226.5.209 - - [02/Sep/2003:05:16:58 -0700] "GET /images/logo-head.gif HTTP/1.1" 304 - "http://www.antlr.org/download" "Mozilla/4.0 (compatible; MSIE 6.0; Windows NT 5.1; MyIE2)"
159.226.5.209 - - [02/Sep/2003:05:16:58 -0700] "GET /images/button-download.gif HTTP/1.1" 304 - "http://www.antlr.org/download" "Mozilla/4.0 (compatible; MSIE 6.0; Windows NT 5.1; MyIE2)"
159.226.5.209 - - [02/Sep/2003:05:16:58 -0700] "GET /images/search.gif HTTP/1.1" 304 - "http://www.antlr.org/download" "Mozilla/4.0 (compatible; MSIE 6.0; Windows NT 5.1; MyIE2)"
159.226.5.209 - - [02/Sep/2003:05:16:58 -0700] "GET /images/search-go.gif HTTP/1.1" 304 - "http://www.antlr.org/download" "Mozilla/4.0 (compatible; MSIE 6.0; Windows NT 5.1; MyIE2)"
159.226.5.209 - - [02/Sep/2003:05:16:58 -0700] "GET /favicon.ico HTTP/1.1" 404 1015 "-" "Mozilla/4.0 (compatible; MSIE 6.0; Windows NT 5.1; MyIE2)"
193.175.135.53 - - [02/Sep/2003:05:18:04 -0700] "GET / HTTP/1.1" 200 11690 "-" "Mozilla/5.0 (Windows; U; Windows NT 5.0; de-DE; rv:1.0.2) Gecko/20021120 Netscape/7.01"
193.175.135.53 - - [02/Sep/2003:05:18:04 -0700] "GET /favicon.ico HTTP/1.1" 404 173 "-" "Mozilla/5.0 (Windows; U; Windows NT 5.0; de-DE; rv:1.0.2) Gecko/20021120 Netscape/7.01"
193.175.135.53 - - [02/Sep/2003:05:18:04 -0700] "GET /images/shim.gif HTTP/1.1" 200 43 "http://www.antlr.org/" "Mozilla/5.0 (Windows; U; Windows NT 5.0; de-DE; rv:1.0.2) Gecko/20021120 Netscape/7.01"
193.175.135.53 - - [02/Sep/2003:05:18:04 -0700] "GET /images/logo-head.gif HTTP/1.1" 200 4098 "http://www.antlr.org/" "Mozilla/5.0 (Windows; U; Windows NT 5.0; de-DE; rv:1.0.2) Gecko/20021120 Netscape/7.01"
193.175.135.53 - - [02/Sep/2003:05:18:04 -0700] "GET /images/button-download.gif HTTP/1.1" 200 733 "http://www.antlr.org/" "Mozilla/5.0 (Windows; U; Windows NT 5.0; de-DE; rv:1.0.2) Gecko/20021120 Netscape/7.01"
193.175.135.53 - - [02/Sep/2003:05:18:05 -0700] "GET /images/parr-head.jpg HTTP/1.1" 200 3582 "http://www.antlr.org/" "Mozilla/5.0 (Windows; U; Windows NT 5.0; de-DE; rv:1.0.2) Gecko/20021120 Netscape/7.01"
193.175.135.53 - - [02/Sep/2003:05:18:05 -0700] "GET /images/search.gif HTTP/1.1" 200 299 "http://www.antlr.org/" "Mozilla/5.0 (Windows; U; Windows NT 5.0; de-DE; rv:1.0.2) Gecko/20021120 Netscape/7.01"
193.175.135.53 - - [02/Sep/2003:05:18:05 -0700] "GET /images/search-go.gif HTTP/1.1" 200 266 "http://www.antlr.org/" "Mozilla/5.0 (Windows; U; Windows NT 5.0; de-DE; rv:1.0.2) Gecko/20021120 Netscape/7.01"
193.175.135.53 - - [02/Sep/2003:05:18:05 -0700] "GET /images/head-shim.gif HTTP/1.1" 200 158 "http://www.antlr.org/" "Mozilla/5.0 (Windows; U; Windows NT 5.0; de-DE; rv:1.0.2) Gecko/20021120 Netscape/7.01"
193.175.135.53 - - [02/Sep/2003:05:18:13 -0700] "GET /download.html HTTP/1.1" 200 9276 "http://www.antlr.org/" "Mozilla/5.0 (Windows; U; Windows NT 5.0; de-DE; rv:1.0.2) Gecko/20021120 Netscape/7.01"
193.175.135.53 - - [02/Sep/2003:05:18:14 -0700] "GET /images/shim.gif HTTP/1.1" 304 - "http://www.antlr.org/download.html" "Mozilla/5.0 (Windows; U; Windows NT 5.0; de-DE; rv:1.0.2) Gecko/20021120 Netscape/7.01"
193.175.135.53 - - [02/Sep/2003:05:18:14 -0700] "GET /images/logo-head.gif HTTP/1.1" 304 - "http://www.antlr.org/download.html" "Mozilla/5.0 (Windows; U; Windows NT 5.0; de-DE; rv:1.0.2) Gecko/20021120 Netscape/7.01"
193.175.135.53 - - [02/Sep/2003:05:18:14 -0700] "GET /images/button-download.gif HTTP/1.1" 304 - "http://www.antlr.org/download.html" "Mozilla/5.0 (Windows; U; Windows NT 5.0; de-DE; rv:1.0.2) Gecko/20021120 Netscape/7.01"
193.175.135.53 - - [02/Sep/2003:05:18:14 -0700] "GET /images/search.gif HTTP/1.1" 304 - "http://www.antlr.org/download.html" "Mozilla/5.0 (Windows; U; Windows NT 5.0; de-DE; rv:1.0.2) Gecko/20021120 Netscape/7.01"
193.175.135.53 - - [02/Sep/2003:05:18:14 -0700] "GET /images/search-go.gif HTTP/1.1" 304 - "http://www.antlr.org/download.html" "Mozilla/5.0 (Windows; U; Windows NT 5.0; de-DE; rv:1.0.2) Gecko/20021120 Netscape/7.01"
193.175.135.53 - - [02/Sep/2003:05:18:17 -0700] "GET /grammar/list HTTP/1.1" 200 15685 "http://www.antlr.org/download.html" "Mozilla/5.0 (Windows; U; Windows NT 5.0; de-DE; rv:1.0.2) Gecko/20021120 Netscape/7.01"
193.175.135.53 - - [02/Sep/2003:05:18:17 -0700] "GET /images/shim.gif HTTP/1.1" 304 - "http://www.antlr.org/grammar/list" "Mozilla/5.0 (Windows; U; Windows NT 5.0; de-DE; rv:1.0.2) Gecko/20021120 Netscape/7.01"
193.175.135.53 - - [02/Sep/2003:05:18:17 -0700] "GET /images/logo-head.gif HTTP/1.1" 304 - "http://www.antlr.org/grammar/list" "Mozilla/5.0 (Windows; U; Windows NT 5.0; de-DE; rv:1.0.2) Gecko/20021120 Netscape/7.01"
193.175.135.53 - - [02/Sep/2003:05:18:17 -0700] "GET /images/button-download.gif HTTP/1.1" 304 - "http://www.antlr.org/grammar/list" "Mozilla/5.0 (Windows; U; Windows NT 5.0; de-DE; rv:1.0.2) Gecko/20021120 Netscape/7.01"
193.175.135.53 - - [02/Sep/2003:05:18:17 -0700] "GET /images/search.gif HTTP/1.1" 304 - "http://www.antlr.org/grammar/list" "Mozilla/5.0 (Windows; U; Windows NT 5.0; de-DE; rv:1.0.2) Gecko/20021120 Netscape/7.01"
193.175.135.53 - - [02/Sep/2003:05:18:17 -0700] "GET /images/search-go.gif HTTP/1.1" 304 - "http://www.antlr.org/grammar/list" "Mozilla/5.0 (Windows; U; Windows NT 5.0; de-DE; rv:1.0.2) Gecko/20021120 Netscape/7.01"
193.175.135.53 - - [02/Sep/2003:05:18:17 -0700] "GET /images/button-add-grammar.gif HTTP/1.1" 200 664 "http://www.antlr.org/grammar/list" "Mozilla/5.0 (Windows; U; Windows NT 5.0; de-DE; rv:1.0.2) Gecko/20021120 Netscape/7.01"
193.175.135.53 - - [02/Sep/2003:05:18:28 -0700] "GET /grammar/ASN.1 HTTP/1.1" 200 7671 "http://www.antlr.org/grammar/list" "Mozilla/5.0 (Windows; U; Windows NT 5.0; de-DE; rv:1.0.2) Gecko/20021120 Netscape/7.01"
193.175.135.53 - - [02/Sep/2003:05:18:29 -0700] "GET /images/logo-head.gif HTTP/1.1" 304 - "http://www.antlr.org/grammar/ASN.1" "Mozilla/5.0 (Windows; U; Windows NT 5.0; de-DE; rv:1.0.2) Gecko/20021120 Netscape/7.01"
193.175.135.53 - - [02/Sep/2003:05:18:29 -0700] "GET /images/shim.gif HTTP/1.1" 304 - "http://www.antlr.org/grammar/ASN.1" "Mozilla/5.0 (Windows; U; Windows NT 5.0; de-DE; rv:1.0.2) Gecko/20021120 Netscape/7.01"
193.175.135.53 - - [02/Sep/2003:05:18:29 -0700] "GET /images/button-download.gif HTTP/1.1" 304 - "http://www.antlr.org/grammar/ASN.1" "Mozilla/5.0 (Windows; U; Windows NT 5.0; de-DE; rv:1.0.2) Gecko/20021120 Netscape/7.01"
193.175.135.53 - - [02/Sep/2003:05:18:29 -0700] "GET /images/search.gif HTTP/1.1" 304 - "http://www.antlr.org/grammar/ASN.1" "Mozilla/5.0 (Windows; U; Windows NT 5.0; de-DE; rv:1.0.2) Gecko/20021120 Netscape/7.01"
193.175.135.53 - - [02/Sep/2003:05:18:29 -0700] "GET /images/search-go.gif HTTP/1.1" 304 - "http://www.antlr.org/grammar/ASN.1" "Mozilla/5.0 (Windows; U; Windows NT 5.0; de-DE; rv:1.0.2) Gecko/20021120 Netscape/7.01"
193.175.135.53 - - [02/Sep/2003:05:18:30 -0700] "GET /grammar/ASN.1/ASN1_grammar.g HTTP/1.1" 200 10010 "http://www.antlr.org/grammar/ASN.1" "Mozilla/5.0 (Windows; U; Windows NT 5.0; de-DE; rv:1.0.2) Gecko/20021120 Netscape/7.01"
158.147.195.36 - - [02/Sep/2003:05:18:47 -0700] "GET / HTTP/1.1" 200 11690 "http://www.google.com/search?hl=en&ie=UTF-8&oe=UTF-8&q=parser+generator" "Mozilla/4.0 (compatible; MSIE 6.0; Windows NT 5.1; .NET CLR 1.0.3705; .NET CLR 1.1.4322)"
158.147.195.36 - - [02/Sep/2003:05:18:47 -0700] "GET /images/shim.gif HTTP/1.1" 200 43 "http://www.antlr.org/" "Mozilla/4.0 (compatible; MSIE 6.0; Windows NT 5.1; .NET CLR 1.0.3705; .NET CLR 1.1.4322)"
158.147.195.36 - - [02/Sep/2003:05:18:47 -0700] "GET /images/logo-head.gif HTTP/1.1" 200 4098 "http://www.antlr.org/" "Mozilla/4.0 (compatible; MSIE 6.0; Windows NT 5.1; .NET CLR 1.0.3705; .NET CLR 1.1.4322)"
158.147.195.36 - - [02/Sep/2003:05:18:47 -0700] "GET /images/button-download.gif HTTP/1.1" 200 733 "http://www.antlr.org/" "Mozilla/4.0 (compatible; MSIE 6.0; Windows NT 5.1; .NET CLR 1.0.3705; .NET CLR 1.1.4322)"
158.147.195.36 - - [02/Sep/2003:05:18:47 -0700] "GET /images/parr-head.jpg HTTP/1.1" 200 3582 "http://www.antlr.org/" "Mozilla/4.0 (compatible; MSIE 6.0; Windows NT 5.1; .NET CLR 1.0.3705; .NET CLR 1.1.4322)"
158.147.195.36 - - [02/Sep/2003:05:18:47 -0700] "GET /images/head-shim.gif HTTP/1.1" 200 158 "http://www.antlr.org/" "Mozilla/4.0 (compatible; MSIE 6.0; Windows NT 5.1; .NET CLR 1.0.3705; .NET CLR 1.1.4322)"
158.147.195.36 - - [02/Sep/2003:05:18:47 -0700] "GET /images/search.gif HTTP/1.1" 200 299 "http://www.antlr.org/" "Mozilla/4.0 (compatible; MSIE 6.0; Windows NT 5.1; .NET CLR 1.0.3705; .NET CLR 1.1.4322)"
158.147.195.36 - - [02/Sep/2003:05:18:47 -0700] "GET /images/search-go.gif HTTP/1.1" 200 266 "http://www.antlr.org/" "Mozilla/4.0 (compatible; MSIE 6.0; Windows NT 5.1; .NET CLR 1.0.3705; .NET CLR 1.1.4322)"
24.199.108.164 - - [02/Sep/2003:05:20:56 -0700] "GET / HTTP/1.1" 200 11690 "-" "Mozilla/5.0 (Windows; U; Windows NT 5.1; en-US; rv:1.5a) Gecko/20030728 Mozilla Firebird/0.6.1"
24.199.108.164 - - [02/Sep/2003:05:20:56 -0700] "GET /images/shim.gif HTTP/1.1" 200 43 "http://www.antlr.org/" "Mozilla/5.0 (Windows; U; Windows NT 5.1; en-US; rv:1.5a) Gecko/20030728 Mozilla Firebird/0.6.1"
24.199.108.164 - - [02/Sep/2003:05:20:56 -0700] "GET /images/logo-head.gif HTTP/1.1" 200 4098 "http://www.antlr.org/" "Mozilla/5.0 (Windows; U; Windows NT 5.1; en-US; rv:1.5a) Gecko/20030728 Mozilla Firebird/0.6.1"
24.199.108.164 - - [02/Sep/2003:05:20:56 -0700] "GET /images/button-download.gif HTTP/1.1" 200 733 "http://www.antlr.org/" "Mozilla/5.0 (Windows; U; Windows NT 5.1; en-US; rv:1.5a) Gecko/20030728 Mozilla Firebird/0.6.1"
24.199.108.164 - - [02/Sep/2003:05:20:56 -0700] "GET /images/parr-head.jpg HTTP/1.1" 200 3582 "http://www.antlr.org/" "Mozilla/5.0 (Windows; U; Windows NT 5.1; en-US; rv:1.5a) Gecko/20030728 Mozilla Firebird/0.6.1"
24.199.108.164 - - [02/Sep/2003:05:20:56 -0700] "GET /favicon.ico HTTP/1.1" 404 173 "-" "Mozilla/5.0 (Windows; U; Windows NT 5.1; en-US; rv:1.5a) Gecko/20030728 Mozilla Firebird/0.6.1"
24.199.108.164 - - [02/Sep/2003:05:20:57 -0700] "GET /images/search.gif HTTP/1.1" 200 299 "http://www.antlr.org/" "Mozilla/5.0 (Windows; U; Windows NT 5.1; en-US; rv:1.5a) Gecko/20030728 Mozilla Firebird/0.6.1"
24.199.108.164 - - [02/Sep/2003:05:20:57 -0700] "GET /images/head-shim.gif HTTP/1.1" 200 158 "http://www.antlr.org/" "Mozilla/5.0 (Windows; U; Windows NT 5.1; en-US; rv:1.5a) Gecko/20030728 Mozilla Firebird/0.6.1"
24.199.108.164 - - [02/Sep/2003:05:20:57 -0700] "GET /images/search-go.gif HTTP/1.1" 200 266 "http://www.antlr.org/" "Mozilla/5.0 (Windows; U; Windows NT 5.1; en-US; rv:1.5a) Gecko/20030728 Mozilla Firebird/0.6.1"
24.199.108.164 - - [02/Sep/2003:05:21:38 -0700] "GET /news/list HTTP/1.1" 200 8648 "http://www.antlr.org/" "Mozilla/5.0 (Windows; U; Windows NT 5.1; en-US; rv:1.5a) Gecko/20030728 Mozilla Firebird/0.6.1"
24.199.108.164 - - [02/Sep/2003:05:21:45 -0700] "GET /download.html HTTP/1.1" 200 9276 "http://www.antlr.org/news/list" "Mozilla/5.0 (Windows; U; Windows NT 5.1; en-US; rv:1.5a) Gecko/20030728 Mozilla Firebird/0.6.1"
24.199.108.164 - - [02/Sep/2003:05:22:01 -0700] "GET /doc/index.html HTTP/1.1" 200 26469 "http://www.antlr.org/download.html" "Mozilla/5.0 (Windows; U; Windows NT 5.1; en-US; rv:1.5a) Gecko/20030728 Mozilla Firebird/0.6.1"
24.199.108.164 - - [02/Sep/2003:05:22:08 -0700] "GET /doc/antlr272release.html HTTP/1.1" 200 29232 "http://www.antlr.org/doc/index.html" "Mozilla/5.0 (Windows; U; Windows NT 5.1; en-US; rv:1.5a) Gecko/20030728 Mozilla Firebird/0.6.1"
61.11.48.139 - - [02/Sep/2003:05:22:26 -0700] "GET /doc/getting-started.html HTTP/1.1" 200 11326 "-" "Mozilla/4.0 (compatible; MSIE 6.0; Windows NT 5.0; .NET CLR 1.1.4322)"
213.114.96.156 - - [02/Sep/2003:05:22:48 -0700] "GET /grammars/cgram/grammars/GnuCParser.g HTTP/1.1" 200 6483 "-" "Mozilla/4.0 (compatible; grub-client-1.0.5; Crawl your own stuff with http://grub.org)"
195.92.253.140 - - [02/Sep/2003:05:22:49 -0700] "GET /bug/113.html HTTP/1.1" 302 144 "-" "Mozilla/4.0 (compatible; grub-client-1.5.3; Crawl your own stuff with http://grub.org)"
195.92.253.140 - - [02/Sep/2003:05:22:49 -0700] "GET /error.jsp?msg=Problems+extracting+content%2Ftitle+from+file+%2Fbug%2F113.html%3A+null HTTP/1.1" 200 6464 "-" "Mozilla/4.0 (compatible; grub-client-1.5.3; Crawl your own stuff with http://grub.org)"
24.199.108.164 - - [02/Sep/2003:05:23:13 -0700] "GET /doc/sor.html HTTP/1.1" 200 22139 "http://www.antlr.org/doc/index.html" "Mozilla/5.0 (Windows; U; Windows NT 5.1; en-US; rv:1.5a) Gecko/20030728 Mozilla Firebird/0.6.1"
192.118.48.248 - - [02/Sep/2003:05:23:31 -0700] "GET /buybook.html HTTP/1.1" 302 142 "http://blacksun.box.sk/books/programing.htm" "Mozilla/4.0 (compatible; MSIE 5.0; Windows 98)"
192.118.48.248 - - [02/Sep/2003:05:23:31 -0700] "GET /error.jsp?msg=Problems+extracting+content%2Ftitle+from+file+%2Fbuybook.html%3A+null HTTP/1.1" 200 6464 "http://blacksun.box.sk/books/programing.htm" "Mozilla/4.0 (compatible; MSIE 5.0; Windows 98)"
24.199.108.164 - - [02/Sep/2003:05:23:49 -0700] "GET /doc/sor.html HTTP/1.1" 200 22139 "http://www.antlr.org/doc/index.html" "Mozilla/5.0 (Windows; U; Windows NT 5.1; en-US; rv:1.5a) Gecko/20030728 Mozilla Firebird/0.6.1"
141.35.12.247 - - [02/Sep/2003:05:24:36 -0700] "GET /doc/inheritance.html HTTP/1.1" 200 14890 "http://www.antlr.org/doc/metalang.html#_bb1" "Mozilla/5.0 (X11; U; Linux i686; en-US; rv:1.0.2) Gecko/20030716"
12.148.209.198 - - [02/Sep/2003:05:24:56 -0700] "GET /robots.txt HTTP/1.1" 200 6457 "-" "NPBot (http://www.nameprotect.com/botinfo.html)"
12.148.209.198 - - [02/Sep/2003:05:24:57 -0700] "GET /article/tags/index.html HTTP/1.1" 200 14861 "-" "NPBot (http://www.nameprotect.com/botinfo.html)"
218.90.13.152 - - [02/Sep/2003:05:25:04 -0700] "GET / HTTP/1.1" 200 11690 "-" "Mozilla/4.0 (compatible; MSIE 5.01; Windows NT 5.0)"
218.90.13.152 - - [02/Sep/2003:05:25:05 -0700] "GET /images/shim.gif HTTP/1.1" 304 - "http://www.antlr.org/" "Mozilla/4.0 (compatible; MSIE 5.01; Windows NT 5.0)"
218.90.13.152 - - [02/Sep/2003:05:25:05 -0700] "GET /images/logo-head.gif HTTP/1.1" 304 - "http://www.antlr.org/" "Mozilla/4.0 (compatible; MSIE 5.01; Windows NT 5.0)"
218.90.13.152 - - [02/Sep/2003:05:25:05 -0700] "GET /images/button-download.gif HTTP/1.1" 304 - "http://www.antlr.org/" "Mozilla/4.0 (compatible; MSIE 5.01; Windows NT 5.0)"
218.90.13.152 - - [02/Sep/2003:05:25:05 -0700] "GET /images/parr-head.jpg HTTP/1.1" 304 - "http://www.antlr.org/" "Mozilla/4.0 (compatible; MSIE 5.01; Windows NT 5.0)"
218.90.13.152 - - [02/Sep/2003:05:25:05 -0700] "GET /images/head-shim.gif HTTP/1.1" 304 - "http://www.antlr.org/" "Mozilla/4.0 (compatible; MSIE 5.01; Windows NT 5.0)"
218.90.13.152 - - [02/Sep/2003:05:25:05 -0700] "GET /images/search.gif HTTP/1.1" 304 - "http://www.antlr.org/" "Mozilla/4.0 (compatible; MSIE 5.01; Windows NT 5.0)"
218.90.13.152 - - [02/Sep/2003:05:25:06 -0700] "GET /images/search-go.gif HTTP/1.1" 304 - "http://www.antlr.org/" "Mozilla/4.0 (compatible; MSIE 5.01; Windows NT 5.0)"
141.35.12.247 - - [02/Sep/2003:05:25:21 -0700] "GET /grammar/list HTTP/1.1" 200 15685 "http://www.antlr.org/doc/inheritance.html" "Mozilla/5.0 (X11; U; Linux i686; en-US; rv:1.0.2) Gecko/20030716"
141.35.12.247 - - [02/Sep/2003:05:25:29 -0700] "GET /grammar/HTML HTTP/1.1" 200 7830 "http://www.antlr.org/grammar/list" "Mozilla/5.0 (X11; U; Linux i686; en-US; rv:1.0.2) Gecko/20030716"
198.54.202.2 - - [02/Sep/2003:05:25:32 -0700] "GET / HTTP/1.1" 200 11690 "http://dbforums.com/arch/92/2003/1/654163" "Mozilla/5.0 (Macintosh; U; PPC Mac OS X; en) AppleWebKit/85 (KHTML, like Gecko) Safari/85"
141.35.12.247 - - [02/Sep/2003:05:25:34 -0700] "GET /grammar/HTML/html.g HTTP/1.1" 200 14739 "http://www.antlr.org/grammar/HTML" "Mozilla/5.0 (X11; U; Linux i686; en-US; rv:1.0.2) Gecko/20030716"
198.54.202.2 - - [02/Sep/2003:05:25:35 -0700] "GET /images/logo-head.gif HTTP/1.1" 200 4098 "http://www.antlr.org/" "Mozilla/5.0 (Macintosh; U; PPC Mac OS X; en) AppleWebKit/85 (KHTML, like Gecko) Safari/85"
198.54.202.2 - - [02/Sep/2003:05:25:35 -0700] "GET /images/button-download.gif HTTP/1.1" 200 733 "http://www.antlr.org/" "Mozilla/5.0 (Macintosh; U; PPC Mac OS X; en) AppleWebKit/85 (KHTML, like Gecko) Safari/85"
198.54.202.2 - - [02/Sep/2003:05:25:36 -0700] "GET /images/parr-head.jpg HTTP/1.1" 200 3582 "http://www.antlr.org/" "Mozilla/5.0 (Macintosh; U; PPC Mac OS X; en) AppleWebKit/85 (KHTML, like Gecko) Safari/85"
198.54.202.2 - - [02/Sep/2003:05:25:37 -0700] "GET /images/head-shim.gif HTTP/1.1" 200 158 "http://www.antlr.org/" "Mozilla/5.0 (Macintosh; U; PPC Mac OS X; en) AppleWebKit/85 (KHTML, like Gecko) Safari/85"
198.54.202.2 - - [02/Sep/2003:05:25:38 -0700] "GET /images/search.gif HTTP/1.1" 200 299 "http://www.antlr.org/" "Mozilla/5.0 (Macintosh; U; PPC Mac OS X; en) AppleWebKit/85 (KHTML, like Gecko) Safari/85"
198.54.202.2 - - [02/Sep/2003:05:25:38 -0700] "GET /images/search-go.gif HTTP/1.1" 200 266 "http://www.antlr.org/" "Mozilla/5.0 (Macintosh; U; PPC Mac OS X; en) AppleWebKit/85 (KHTML, like Gecko) Safari/85"
198.54.202.2 - - [02/Sep/2003:05:25:39 -0700] "GET /favicon.ico HTTP/1.1" 404 173 "-" "Mozilla/5.0 (Macintosh; U; PPC Mac OS X; en) AppleWebKit/85 (KHTML, like Gecko) Safari/85"
198.54.202.2 - - [02/Sep/2003:05:25:41 -0700] "GET /images/shim.gif HTTP/1.1" 200 43 "http://www.antlr.org/" "Mozilla/5.0 (Macintosh; U; PPC Mac OS X; en) AppleWebKit/85 (KHTML, like Gecko) Safari/85"
68.167.92.90 - - [02/Sep/2003:05:27:21 -0700] "HEAD /download/ HTTP/1.1" 200 8192 "-" "curl/7.7.2 (powerpc-apple-darwin6.0) libcurl 7.7.2 (OpenSSL 0.9.6b)"
159.226.5.209 - - [02/Sep/2003:05:27:49 -0700] "GET / HTTP/1.1" 200 11690 "http://klomp.org/KopiSusu/" "Mozilla/4.0 (compatible; MSIE 6.0; Windows NT 5.1; MyIE2)"
159.226.5.209 - - [02/Sep/2003:05:27:49 -0700] "GET /images/shim.gif HTTP/1.1" 304 - "http://www.antlr.org/" "Mozilla/4.0 (compatible; MSIE 6.0; Windows NT 5.1; MyIE2)"
159.226.5.209 - - [02/Sep/2003:05:27:49 -0700] "GET /images/logo-head.gif HTTP/1.1" 304 - "http://www.antlr.org/" "Mozilla/4.0 (compatible; MSIE 6.0; Windows NT 5.1; MyIE2)"
159.226.5.209 - - [02/Sep/2003:05:27:49 -0700] "GET /images/button-download.gif HTTP/1.1" 304 - "http://www.antlr.org/" "Mozilla/4.0 (compatible; MSIE 6.0; Windows NT 5.1; MyIE2)"
159.226.5.209 - - [02/Sep/2003:05:27:50 -0700] "GET /images/parr-head.jpg HTTP/1.1" 304 - "http://www.antlr.org/" "Mozilla/4.0 (compatible; MSIE 6.0; Windows NT 5.1; MyIE2)"
159.226.5.209 - - [02/Sep/2003:05:27:50 -0700] "GET /images/search.gif HTTP/1.1" 304 - "http://www.antlr.org/" "Mozilla/4.0 (compatible; MSIE 6.0; Windows NT 5.1; MyIE2)"
159.226.5.209 - - [02/Sep/2003:05:27:50 -0700] "GET /images/search-go.gif HTTP/1.1" 304 - "http://www.antlr.org/" "Mozilla/4.0 (compatible; MSIE 6.0; Windows NT 5.1; MyIE2)"
159.226.5.209 - - [02/Sep/2003:05:27:51 -0700] "GET /favicon.ico HTTP/1.1" 404 1015 "-" "Mozilla/4.0 (compatible; MSIE 6.0; Windows NT 5.1; MyIE2)"
212.76.33.70 - - [02/Sep/2003:05:29:00 -0700] "GET /doc/index.html HTTP/1.0" 200 26469 "http://www.antlr.org/doc/index.html" "Mozilla/4.0 (compatible; MSIE 6.0; Windows NT 5.1)"
212.76.33.70 - - [02/Sep/2003:05:29:19 -0700] "GET /doc/metalang.html HTTP/1.0" 200 52606 "http://www.antlr.org/doc/index.html" "Mozilla/4.0 (compatible; MSIE 6.0; Windows NT 5.1)"
212.76.33.70 - - [02/Sep/2003:05:29:19 -0700] "GET /doc/subrule.gif HTTP/1.0" 200 1887 "http://www.antlr.org/doc/metalang.html" "Mozilla/4.0 (compatible; MSIE 6.0; Windows NT 5.1)"
212.76.33.70 - - [02/Sep/2003:05:29:19 -0700] "GET /doc/optional.gif HTTP/1.0" 200 2018 "http://www.antlr.org/doc/metalang.html" "Mozilla/4.0 (compatible; MSIE 6.0; Windows NT 5.1)"
212.76.33.70 - - [02/Sep/2003:05:29:19 -0700] "GET /doc/closure.gif HTTP/1.0" 200 2166 "http://www.antlr.org/doc/metalang.html" "Mozilla/4.0 (compatible; MSIE 6.0; Windows NT 5.1)"
212.76.33.70 - - [02/Sep/2003:05:29:19 -0700] "GET /doc/posclosure.gif HTTP/1.0" 200 2031 "http://www.antlr.org/doc/metalang.html" "Mozilla/4.0 (compatible; MSIE 6.0; Windows NT 5.1)"
212.76.33.70 - - [02/Sep/2003:05:29:30 -0700] "GET /doc/trees.html HTTP/1.0" 200 48468 "http://www.antlr.org/doc/metalang.html" "Mozilla/4.0 (compatible; MSIE 6.0; Windows NT 5.1)"
159.226.5.209 - - [02/Sep/2003:05:30:16 -0700] "GET /favicon.ico HTTP/1.1" 404 1015 "-" "Mozilla/4.0 (compatible; MSIE 6.0; Windows NT 5.1; MyIE2)"
195.239.63.83 - - [02/Sep/2003:05:30:35 -0700] "GET / HTTP/1.0" 200 11690 "http://www.rsdn.ru/Forum/Message.aspx?mid=370180&only=1" "Mozilla/4.0 (compatible; MSIE 6.0; Windows NT 5.1; .NET CLR 1.0.3705; .NET CLR 1.1.4322)"
195.239.63.83 - - [02/Sep/2003:05:30:35 -0700] "GET /images/shim.gif HTTP/1.0" 200 43 "http://www.antlr.org/" "Mozilla/4.0 (compatible; MSIE 6.0; Windows NT 5.1; .NET CLR 1.0.3705; .NET CLR 1.1.4322)"
195.239.63.83 - - [02/Sep/2003:05:30:35 -0700] "GET /images/logo-head.gif HTTP/1.0" 200 4098 "http://www.antlr.org/" "Mozilla/4.0 (compatible; MSIE 6.0; Windows NT 5.1; .NET CLR 1.0.3705; .NET CLR 1.1.4322)"
195.239.63.83 - - [02/Sep/2003:05:30:36 -0700] "GET /images/button-download.gif HTTP/1.0" 200 733 "http://www.antlr.org/" "Mozilla/4.0 (compatible; MSIE 6.0; Windows NT 5.1; .NET CLR 1.0.3705; .NET CLR 1.1.4322)"
195.239.63.83 - - [02/Sep/2003:05:30:36 -0700] "GET /images/parr-head.jpg HTTP/1.0" 200 3582 "http://www.antlr.org/" "Mozilla/4.0 (compatible; MSIE 6.0; Windows NT 5.1; .NET CLR 1.0.3705; .NET CLR 1.1.4322)"
195.239.63.83 - - [02/Sep/2003:05:30:36 -0700] "GET /images/head-shim.gif HTTP/1.0" 200 158 "http://www.antlr.org/" "Mozilla/4.0 (compatible; MSIE 6.0; Windows NT 5.1; .NET CLR 1.0.3705; .NET CLR 1.1.4322)"
195.239.63.83 - - [02/Sep/2003:05:30:36 -0700] "GET /images/search.gif HTTP/1.0" 200 299 "http://www.antlr.org/" "Mozilla/4.0 (compatible; MSIE 6.0; Windows NT 5.1; .NET CLR 1.0.3705; .NET CLR 1.1.4322)"
195.239.63.83 - - [02/Sep/2003:05:30:39 -0700] "GET /images/search-go.gif HTTP/1.0" 200 266 "http://www.antlr.org/" "Mozilla/4.0 (compatible; MSIE 6.0; Windows NT 5.1; .NET CLR 1.0.3705; .NET CLR 1.1.4322)"
193.232.92.242 - - [02/Sep/2003:05:34:39 -0700] "GET / HTTP/1.0" 200 11690 "-" "Mozilla/4.0 (compatible; MSIE 6.0; Windows NT 5.0; .NET CLR 1.1.4322; .NET CLR 1.0.3705)"
193.232.92.242 - - [02/Sep/2003:05:34:39 -0700] "GET /images/shim.gif HTTP/1.0" 200 43 "http://www.antlr.org/" "Mozilla/4.0 (compatible; MSIE 6.0; Windows NT 5.0; .NET CLR 1.1.4322; .NET CLR 1.0.3705)"
193.232.92.242 - - [02/Sep/2003:05:34:49 -0700] "GET /images/button-download.gif HTTP/1.0" 200 733 "http://www.antlr.org/" "Mozilla/4.0 (compatible; MSIE 6.0; Windows NT 5.0; .NET CLR 1.1.4322; .NET CLR 1.0.3705)"
193.232.92.242 - - [02/Sep/2003:05:34:51 -0700] "GET /images/parr-head.jpg HTTP/1.0" 200 3582 "http://www.antlr.org/" "Mozilla/4.0 (compatible; MSIE 6.0; Windows NT 5.0; .NET CLR 1.1.4322; .NET CLR 1.0.3705)"
193.232.92.242 - - [02/Sep/2003:05:35:07 -0700] "GET /images/search-go.gif HTTP/1.0" 200 266 "http://www.antlr.org/" "Mozilla/4.0 (compatible; MSIE 6.0; Windows NT 5.0; .NET CLR 1.1.4322; .NET CLR 1.0.3705)"
193.232.92.242 - - [02/Sep/2003:05:35:21 -0700] "GET /images/logo-head.gif HTTP/1.0" 200 4098 "http://www.antlr.org/doc/index.html" "Mozilla/4.0 (compatible; MSIE 6.0; Windows NT 5.0; .NET CLR 1.1.4322; .NET CLR 1.0.3705)"
193.232.92.242 - - [02/Sep/2003:05:35:22 -0700] "GET /doc/index.html HTTP/1.0" 200 26469 "http://www.antlr.org/" "Mozilla/4.0 (compatible; MSIE 6.0; Windows NT 5.0; .NET CLR 1.1.4322; .NET CLR 1.0.3705)"
193.232.92.242 - - [02/Sep/2003:05:35:23 -0700] "GET /images/shim.gif HTTP/1.0" 200 43 "http://www.antlr.org/doc/index.html" "Mozilla/4.0 (compatible; MSIE 6.0; Windows NT 5.0; .NET CLR 1.1.4322; .NET CLR 1.0.3705)"
193.232.92.242 - - [02/Sep/2003:05:35:24 -0700] "GET /images/button-download.gif HTTP/1.0" 200 733 "http://www.antlr.org/doc/index.html" "Mozilla/4.0 (compatible; MSIE 6.0; Windows NT 5.0; .NET CLR 1.1.4322; .NET CLR 1.0.3705)"
193.232.92.242 - - [02/Sep/2003:05:35:24 -0700] "GET /images/search.gif HTTP/1.0" 200 299 "http://www.antlr.org/doc/index.html" "Mozilla/4.0 (compatible; MSIE 6.0; Windows NT 5.0; .NET CLR 1.1.4322; .NET CLR 1.0.3705)"
193.232.92.242 - - [02/Sep/2003:05:35:25 -0700] "GET /images/search-go.gif HTTP/1.0" 200 266 "http://www.antlr.org/doc/index.html" "Mozilla/4.0 (compatible; MSIE 6.0; Windows NT 5.0; .NET CLR 1.1.4322; .NET CLR 1.0.3705)"
193.232.92.242 - - [02/Sep/2003:05:37:03 -0700] "GET / HTTP/1.0" 200 11690 "-" "Mozilla/4.0 (compatible; MSIE 6.0; Windows NT 5.0; .NET CLR 1.1.4322; .NET CLR 1.0.3705)"
193.232.92.242 - - [02/Sep/2003:05:37:04 -0700] "GET /images/shim.gif HTTP/1.0" 200 43 "http://www.antlr.org/" "Mozilla/4.0 (compatible; MSIE 6.0; Windows NT 5.0; .NET CLR 1.1.4322; .NET CLR 1.0.3705)"
193.232.92.242 - - [02/Sep/2003:05:37:04 -0700] "GET /images/button-download.gif HTTP/1.0" 200 733 "http://www.antlr.org/" "Mozilla/4.0 (compatible; MSIE 6.0; Windows NT 5.0; .NET CLR 1.1.4322; .NET CLR 1.0.3705)"
193.232.92.242 - - [02/Sep/2003:05:37:28 -0700] "GET /images/search.gif HTTP/1.0" 200 299 "http://www.antlr.org/" "Mozilla/4.0 (compatible; MSIE 6.0; Windows NT 5.0; .NET CLR 1.1.4322; .NET CLR 1.0.3705)"
193.232.92.242 - - [02/Sep/2003:05:37:40 -0700] "GET /images/search-go.gif HTTP/1.0" 200 266 "http://www.antlr.org/" "Mozilla/4.0 (compatible; MSIE 6.0; Windows NT 5.0; .NET CLR 1.1.4322; .NET CLR 1.0.3705)"
193.232.92.242 - - [02/Sep/2003:05:37:40 -0700] "GET /download.html HTTP/1.0" 200 9276 "http://www.antlr.org/" "Mozilla/4.0 (compatible; MSIE 6.0; Windows NT 5.0; .NET CLR 1.1.4322; .NET CLR 1.0.3705)"
193.232.92.242 - - [02/Sep/2003:05:37:46 -0700] "GET /images/shim.gif HTTP/1.0" 200 43 "http://www.antlr.org/download.html" "Mozilla/4.0 (compatible; MSIE 6.0; Windows NT 5.0; .NET CLR 1.1.4322; .NET CLR 1.0.3705)"
193.232.92.242 - - [02/Sep/2003:05:37:46 -0700] "GET /images/logo-head.gif HTTP/1.0" 200 4098 "http://www.antlr.org/download.html" "Mozilla/4.0 (compatible; MSIE 6.0; Windows NT 5.0; .NET CLR 1.1.4322; .NET CLR 1.0.3705)"
193.232.92.242 - - [02/Sep/2003:05:37:47 -0700] "GET /images/button-download.gif HTTP/1.0" 200 733 "http://www.antlr.org/download.html" "Mozilla/4.0 (compatible; MSIE 6.0; Windows NT 5.0; .NET CLR 1.1.4322; .NET CLR 1.0.3705)"
193.232.92.242 - - [02/Sep/2003:05:37:48 -0700] "GET /images/search-go.gif HTTP/1.0" 200 266 "http://www.antlr.org/download.html" "Mozilla/4.0 (compatible; MSIE 6.0; Windows NT 5.0; .NET CLR 1.1.4322; .NET CLR 1.0.3705)"
61.51.211.99 - - [02/Sep/2003:05:40:50 -0700] "GET / HTTP/1.1" 200 11690 "-" "Mozilla/4.0 (compatible; MSIE 6.0; Windows NT 5.0; .NET CLR 1.1.4322)"
159.149.157.151 - - [02/Sep/2003:05:42:44 -0700] "GET / HTTP/1.1" 200 11690 "-" "Mozilla/4.0 (compatible; MSIE 6.0; Windows NT 5.0; .NET CLR 1.0.3705)"
159.149.157.151 - - [02/Sep/2003:05:42:45 -0700] "GET /images/parr-head.jpg HTTP/1.1" 304 - "http://www.antlr.org/" "Mozilla/4.0 (compatible; MSIE 6.0; Windows NT 5.0; .NET CLR 1.0.3705)"
193.232.92.242 - - [02/Sep/2003:05:44:34 -0700] "GET /license.html HTTP/1.0" 200 9083 "http://www.antlr.org/download.html" "Mozilla/4.0 (compatible; MSIE 6.0; Windows NT 5.0; .NET CLR 1.1.4322; .NET CLR 1.0.3705)"
193.232.92.242 - - [02/Sep/2003:05:44:39 -0700] "GET /images/shim.gif HTTP/1.0" 200 43 "http://www.antlr.org/license.html" "Mozilla/4.0 (compatible; MSIE 6.0; Windows NT 5.0; .NET CLR 1.1.4322; .NET CLR 1.0.3705)"
193.232.92.242 - - [02/Sep/2003:05:44:42 -0700] "GET /images/logo-head.gif HTTP/1.0" 200 4098 "http://www.antlr.org/license.html" "Mozilla/4.0 (compatible; MSIE 6.0; Windows NT 5.0; .NET CLR 1.1.4322; .NET CLR 1.0.3705)"
193.232.92.242 - - [02/Sep/2003:05:44:44 -0700] "GET /images/search.gif HTTP/1.0" 200 299 "http://www.antlr.org/license.html" "Mozilla/4.0 (compatible; MSIE 6.0; Windows NT 5.0; .NET CLR 1.1.4322; .NET CLR 1.0.3705)"
193.232.92.242 - - [02/Sep/2003:05:44:45 -0700] "GET /images/search-go.gif HTTP/1.0" 200 266 "http://www.antlr.org/license.html" "Mozilla/4.0 (compatible; MSIE 6.0; Windows NT 5.0; .NET CLR 1.1.4322; .NET CLR 1.0.3705)"
193.232.92.242 - - [02/Sep/2003:05:44:45 -0700] "GET /images/antlr-link.gif HTTP/1.0" 200 1372 "http://www.antlr.org/license.html" "Mozilla/4.0 (compatible; MSIE 6.0; Windows NT 5.0; .NET CLR 1.1.4322; .NET CLR 1.0.3705)"
194.29.214.249 - - [02/Sep/2003:05:47:56 -0700] "GET /javadoc/antlr/actions/csharp/package-summary.html HTTP/1.1" 200 8758 "http://www.google.com/search?q=antlr+csharp&sourceid=mozilla-search&start=0&start=0&ie=utf-8&oe=utf-8" "Mozilla/5.0 (Windows; U; Windows NT 5.0; en-US; rv:1.5a) Gecko/20030728 Mozilla Firebird/0.6.1"
194.29.130.163 - - [02/Sep/2003:05:47:56 -0700] "GET / HTTP/1.0" 200 11690 "http://groups.google.pl/groups?hl=pl&lr=&ie=UTF-8&oe=UTF-8&newwindow=1&frame=right&th=54cd23a8ac16fb5f&seekm=drtdvuova7ut5kqfc5e4h0pj7clsjcn8jo%404ax.com" "Mozilla/4.0 (compatible; MSIE 6.0; Windows NT 5.0)"
194.29.130.163 - - [02/Sep/2003:05:47:56 -0700] "GET /images/logo-head.gif HTTP/1.0" 200 4098 "http://www.antlr.org/" "Mozilla/4.0 (compatible; MSIE 6.0; Windows NT 5.0)"
194.29.130.163 - - [02/Sep/2003:05:47:56 -0700] "GET /images/shim.gif HTTP/1.0" 200 43 "http://www.antlr.org/" "Mozilla/4.0 (compatible; MSIE 6.0; Windows NT 5.0)"
194.29.130.163 - - [02/Sep/2003:05:47:56 -0700] "GET /images/head-shim.gif HTTP/1.0" 200 158 "http://www.antlr.org/" "Mozilla/4.0 (compatible; MSIE 6.0; Windows NT 5.0)"
194.29.130.163 - - [02/Sep/2003:05:47:57 -0700] "GET /images/button-download.gif HTTP/1.0" 200 733 "http://www.antlr.org/" "Mozilla/4.0 (compatible; MSIE 6.0; Windows NT 5.0)"
194.29.130.163 - - [02/Sep/2003:05:47:57 -0700] "GET /images/parr-head.jpg HTTP/1.0" 200 3582 "http://www.antlr.org/" "Mozilla/4.0 (compatible; MSIE 6.0; Windows NT 5.0)"
194.29.214.249 - - [02/Sep/2003:05:47:57 -0700] "GET /javadoc/antlr/actions/csharp/package-summary.html HTTP/1.1" 200 8758 "http://www.google.com/search?q=antlr+csharp&sourceid=mozilla-search&start=0&start=0&ie=utf-8&oe=utf-8" "Mozilla/5.0 (Windows; U; Windows NT 5.0; en-US; rv:1.5a) Gecko/20030728 Mozilla Firebird/0.6.1"
194.29.130.163 - - [02/Sep/2003:05:47:59 -0700] "GET /images/search-go.gif HTTP/1.0" 200 266 "http://www.antlr.org/" "Mozilla/4.0 (compatible; MSIE 6.0; Windows NT 5.0)"
194.29.130.163 - - [02/Sep/2003:05:47:59 -0700] "GET /images/search.gif HTTP/1.0" 200 299 "http://www.antlr.org/" "Mozilla/4.0 (compatible; MSIE 6.0; Windows NT 5.0)"
194.29.214.249 - - [02/Sep/2003:05:48:00 -0700] "GET /grammar/list HTTP/1.1" 200 15685 "http://www.antlr.org/javadoc/antlr/actions/csharp/package-summary.html" "Mozilla/5.0 (Windows; U; Windows NT 5.0; en-US; rv:1.5a) Gecko/20030728 Mozilla Firebird/0.6.1"
194.29.214.249 - - [02/Sep/2003:05:48:02 -0700] "GET /images/button-add-grammar.gif HTTP/1.1" 200 664 "http://www.antlr.org/grammar/list" "Mozilla/5.0 (Windows; U; Windows NT 5.0; en-US; rv:1.5a) Gecko/20030728 Mozilla Firebird/0.6.1"
194.29.130.163 - - [02/Sep/2003:05:49:21 -0700] "GET /doc/index.html HTTP/1.0" 200 26469 "http://www.antlr.org/" "Mozilla/4.0 (compatible; MSIE 6.0; Windows NT 5.0)"
194.29.130.163 - - [02/Sep/2003:05:49:45 -0700] "GET /about.html HTTP/1.0" 200 8707 "http://www.antlr.org/doc/index.html" "Mozilla/4.0 (compatible; MSIE 6.0; Windows NT 5.0)"
192.118.48.248 - - [02/Sep/2003:05:52:30 -0700] "GET /about.html HTTP/1.1" 200 8707 "http://www.antlr.org/error.jsp?msg=Problems+extracting+content%2Ftitle+from+file+%2Fbuybook.html%3A+null" "Mozilla/4.0 (compatible; MSIE 5.0; Windows 98)"
192.118.48.248 - - [02/Sep/2003:05:52:31 -0700] "GET /doc/getting-started.html HTTP/1.1" 200 11326 "http://www.antlr.org/error.jsp?msg=Problems+extracting+content%2Ftitle+from+file+%2Fbuybook.html%3A+null" "Mozilla/4.0 (compatible; MSIE 5.0; Windows 98)"
192.118.48.248 - - [02/Sep/2003:05:52:31 -0700] "GET / HTTP/1.1" 200 11570 "http://www.antlr.org/error.jsp?msg=Problems+extracting+content%2Ftitle+from+file+%2Fbuybook.html%3A+null" "Mozilla/4.0 (compatible; MSIE 5.0; Windows 98)"
192.118.48.248 - - [02/Sep/2003:05:52:31 -0700] "GET /download/list HTTP/1.1" 302 106 "http://www.antlr.org/error.jsp?msg=Problems+extracting+content%2Ftitle+from+file+%2Fbuybook.html%3A+null" "Mozilla/4.0 (compatible; MSIE 5.0; Windows 98)"
192.118.48.248 - - [02/Sep/2003:05:52:31 -0700] "GET /support.html HTTP/1.1" 200 10899 "http://www.antlr.org/error.jsp?msg=Problems+extracting+content%2Ftitle+from+file+%2Fbuybook.html%3A+null" "Mozilla/4.0 (compatible; MSIE 5.0; Windows 98)"
192.118.48.248 - - [02/Sep/2003:05:52:31 -0700] "GET /article/list HTTP/1.1" 200 15911 "http://www.antlr.org/error.jsp?msg=Problems+extracting+content%2Ftitle+from+file+%2Fbuybook.html%3A+null" "Mozilla/4.0 (compatible; MSIE 5.0; Windows 98)"
192.118.48.248 - - [02/Sep/2003:05:52:31 -0700] "GET /license.html HTTP/1.1" 200 9083 "http://www.antlr.org/error.jsp?msg=Problems+extracting+content%2Ftitle+from+file+%2Fbuybook.html%3A+null" "Mozilla/4.0 (compatible; MSIE 5.0; Windows 98)"
