64.221.136.91 - - [02/Sep/2003:00:00:09 -0700] "GET / HTTP/1.1" 200 11690 "-" "Mozilla/4.0 (compatible; MSIE 6.0; Windows 98; Win 9x 4.90; Q312461)"
64.221.136.91 - - [02/Sep/2003:00:00:10 -0700] "GET /images/shim.gif HTTP/1.1" 200 43 "http://www.antlr.org/" "Mozilla/4.0 (compatible; MSIE 6.0; Windows 98; Win 9x 4.90; Q312461)"
64.221.136.91 - - [02/Sep/2003:00:00:13 -0700] "GET /images/logo-head.gif HTTP/1.1" 200 4098 "http://www.antlr.org/" "Mozilla/4.0 (compatible; MSIE 6.0; Windows 98; Win 9x 4.90; Q312461)"
219.150.172.3 - - [02/Sep/2003:00:00:16 -0700] "GET /book/byhand.pdf HTTP/1.0" 200 93253 "http://www.antlr.org/doc/getting-started.html" "Mozilla/4.0 (compatible; MSIE 5.01; Windows NT 5.0)"
209.86.5.206 - - [02/Sep/2003:00:00:25 -0700] "GET /share/list HTTP/1.0" 200 10783 "http://antlr.org/" "Mozilla/4.0 (compatible; MSIE 5.0; Windows 98) Opera 6.05  [en]"
209.86.5.206 - - [02/Sep/2003:00:00:27 -0700] "GET /images/button-shared-resource.gif HTTP/1.0" 200 853 "http://antlr.org/" "Mozilla/4.0 (compatible; MSIE 5.0; Windows 98) Opera 6.05  [en]"
219.65.128.214 - - [02/Sep/2003:00:00:39 -0700] "GET / HTTP/1.1" 200 11690 "-" "Mozilla/4.0 (compatible; MSIE 6.0; Windows NT 5.0; .NET CLR 1.0.3705)"
195.77.105.200 - - [02/Sep/2003:00:00:40 -0700] "GET /doc/vocab.html HTTP/1.1" 200 20040 "http://www.antlr.org/doc/index.html" "Mozilla/4.0 (compatible; MSIE 6.0; Windows 98)"
219.150.172.3 - - [02/Sep/2003:00:00:45 -0700] "GET /article/firstgr/t.g HTTP/1.0" 200 510 "-" "Mozilla/4.0 (compatible; MSIE 5.01; Windows NT 5.0)"
219.65.128.214 - - [02/Sep/2003:00:00:46 -0700] "GET /images/shim.gif HTTP/1.1" 200 43 "http://www.antlr.org" "Mozilla/4.0 (compatible; MSIE 6.0; Windows NT 5.0; .NET CLR 1.0.3705)"
219.65.128.214 - - [02/Sep/2003:00:00:46 -0700] "GET / HTTP/1.1" 200 11690 "-" "Mozilla/4.0 (compatible; MSIE 6.0; Windows NT 5.0; .NET CLR 1.0.3705)"
219.65.128.214 - - [02/Sep/2003:00:00:47 -0700] "GET /images/logo-head.gif HTTP/1.1" 200 4098 "http://www.antlr.org" "Mozilla/4.0 (compatible; MSIE 6.0; Windows NT 5.0; .NET CLR 1.0.3705)"
219.65.128.214 - - [02/Sep/2003:00:00:47 -0700] "GET /images/head-shim.gif HTTP/1.1" 200 158 "http://www.antlr.org" "Mozilla/4.0 (compatible; MSIE 6.0; Windows NT 5.0; .NET CLR 1.0.3705)"
194.39.131.40 - - [02/Sep/2003:00:00:47 -0700] "GET /about.html HTTP/1.0" 200 8707 "-" "Mozilla/4.0 (compatible; MSIE 5.5; Windows NT 5.0; .NET CLR 1.0.3705)"
194.39.131.40 - - [02/Sep/2003:00:00:48 -0700] "GET /images/logo-head.gif HTTP/1.0" 304 - "http://www.antlr.org/about.html" "Mozilla/4.0 (compatible; MSIE 5.5; Windows NT 5.0; .NET CLR 1.0.3705)"
219.65.128.214 - - [02/Sep/2003:00:00:48 -0700] "GET /images/button-download.gif HTTP/1.1" 200 733 "http://www.antlr.org" "Mozilla/4.0 (compatible; MSIE 6.0; Windows NT 5.0; .NET CLR 1.0.3705)"
194.39.131.40 - - [02/Sep/2003:00:00:48 -0700] "GET /images/search.gif HTTP/1.0" 200 299 "http://www.antlr.org/about.html" "Mozilla/4.0 (compatible; MSIE 5.5; Windows NT 5.0; .NET CLR 1.0.3705)"
194.39.131.40 - - [02/Sep/2003:00:00:48 -0700] "GET /images/search-go.gif HTTP/1.0" 304 - "http://www.antlr.org/about.html" "Mozilla/4.0 (compatible; MSIE 5.5; Windows NT 5.0; .NET CLR 1.0.3705)"
219.65.128.214 - - [02/Sep/2003:00:00:49 -0700] "GET /images/parr-head.jpg HTTP/1.1" 200 3582 "http://www.antlr.org" "Mozilla/4.0 (compatible; MSIE 6.0; Windows NT 5.0; .NET CLR 1.0.3705)"
219.65.128.214 - - [02/Sep/2003:00:00:49 -0700] "GET /images/search.gif HTTP/1.1" 200 299 "http://www.antlr.org" "Mozilla/4.0 (compatible; MSIE 6.0; Windows NT 5.0; .NET CLR 1.0.3705)"
219.65.128.214 - - [02/Sep/2003:00:00:50 -0700] "GET /images/search-go.gif HTTP/1.1" 200 266 "http://www.antlr.org" "Mozilla/4.0 (compatible; MSIE 6.0; Windows NT 5.0; .NET CLR 1.0.3705)"
209.86.5.206 - - [02/Sep/2003:00:01:06 -0700] "GET /license.html HTTP/1.0" 200 9083 "http://antlr.org/" "Mozilla/4.0 (compatible; MSIE 5.0; Windows 98) Opera 6.05  [en]"
209.86.5.206 - - [02/Sep/2003:00:01:06 -0700] "GET /doc/getting-started.html HTTP/1.0" 200 11326 "http://antlr.org/" "Mozilla/4.0 (compatible; MSIE 5.0; Windows 98) Opera 6.05  [en]"
219.150.172.3 - - [02/Sep/2003:00:01:06 -0700] "GET /article/firstgr/Main.java HTTP/1.0" 200 274 "-" "Mozilla/4.0 (compatible; MSIE 5.01; Windows NT 5.0)"
209.86.5.206 - - [02/Sep/2003:00:01:08 -0700] "GET /images/antlr-link.gif HTTP/1.0" 200 1372 "http://antlr.org/" "Mozilla/4.0 (compatible; MSIE 5.0; Windows 98) Opera 6.05  [en]"
209.86.5.206 - - [02/Sep/2003:00:01:11 -0700] "GET /javadoc/overview-summary.html HTTP/1.0" 200 9784 "http://antlr.org/" "Mozilla/4.0 (compatible; MSIE 5.0; Windows 98) Opera 6.05  [en]"
219.150.172.3 - - [02/Sep/2003:00:01:18 -0700] "GET /article/firstgr/input HTTP/1.0" 200 51 "-" "Mozilla/4.0 (compatible; MSIE 5.01; Windows NT 5.0)"
130.239.30.142 - - [02/Sep/2003:00:01:21 -0700] "GET /doc/getting-started.html HTTP/1.1" 200 11326 "http://www.antlr.org/" "Mozilla/4.0 (compatible; MSIE 6.0; Windows NT 5.0; .NET CLR 1.1.4322)"
195.77.105.200 - - [02/Sep/2003:00:01:27 -0700] "GET /doc/index.html HTTP/1.1" 200 26469 "http://www.antlr.org/" "Mozilla/4.0 (compatible; MSIE 6.0; Windows 98)"
195.77.105.200 - - [02/Sep/2003:00:01:32 -0700] "GET /doc/err.html HTTP/1.1" 200 22111 "http://www.antlr.org/doc/index.html" "Mozilla/4.0 (compatible; MSIE 6.0; Windows 98)"
194.39.131.40 - - [02/Sep/2003:00:01:33 -0700] "GET /license.html HTTP/1.0" 200 9083 "http://www.antlr.org/about.html" "Mozilla/4.0 (compatible; MSIE 5.5; Windows NT 5.0; .NET CLR 1.0.3705)"
194.39.131.40 - - [02/Sep/2003:00:01:34 -0700] "GET /images/antlr-link.gif HTTP/1.0" 200 1372 "http://www.antlr.org/license.html" "Mozilla/4.0 (compatible; MSIE 5.5; Windows NT 5.0; .NET CLR 1.0.3705)"
195.77.105.200 - - [02/Sep/2003:00:01:36 -0700] "GET /doc/ANTLRException.gif HTTP/1.1" 200 14504 "http://www.antlr.org/doc/err.html" "Mozilla/4.0 (compatible; MSIE 6.0; Windows 98)"
130.239.30.142 - - [02/Sep/2003:00:01:49 -0700] "GET /doc/getting-started.html HTTP/1.1" 200 11326 "http://www.antlr.org/" "Mozilla/4.0 (compatible; MSIE 6.0; Windows NT 5.0; .NET CLR 1.1.4322)"
203.199.176.98 - - [02/Sep/2003:00:01:52 -0700] "GET /doc/getting-started.html HTTP/1.0" 200 11326 "-" "Mozilla/5.0 (Windows; U; Windows NT 5.0; en-US; rv:1.4a) Gecko/20030409 Phoenix/0.5+"
203.199.176.98 - - [02/Sep/2003:00:01:52 -0700] "GET /article/cutpaste/index.html HTTP/1.0" 200 10494 "-" "Mozilla/5.0 (Windows; U; Windows NT 5.0; en-US; rv:1.4a) Gecko/20030409 Phoenix/0.5+"
203.199.176.98 - - [02/Sep/2003:00:01:53 -0700] "GET /article/firstgr/index.html HTTP/1.0" 200 14192 "-" "Mozilla/5.0 (Windows; U; Windows NT 5.0; en-US; rv:1.4a) Gecko/20030409 Phoenix/0.5+"
195.77.105.200 - - [02/Sep/2003:00:01:54 -0700] "GET /doc/index.html HTTP/1.1" 200 26469 "http://www.antlr.org/" "Mozilla/4.0 (compatible; MSIE 6.0; Windows 98)"
219.150.172.3 - - [02/Sep/2003:00:02:00 -0700] "GET /article/firstgr/index.html HTTP/1.0" 200 14192 "-" "Mozilla/4.0 (compatible; MSIE 5.01; Windows NT 5.0)"
195.77.105.200 - - [02/Sep/2003:00:02:15 -0700] "GET /doc/runtime.html HTTP/1.1" 200 49604 "http://www.antlr.org/doc/index.html" "Mozilla/4.0 (compatible; MSIE 6.0; Windows 98)"
209.86.5.206 - - [02/Sep/2003:00:02:29 -0700] "GET /doc/glossary.html HTTP/1.0" 200 31009 "http://antlr.org/" "Mozilla/4.0 (compatible; MSIE 5.0; Windows 98) Opera 6.05  [en]"
209.86.5.206 - - [02/Sep/2003:00:02:31 -0700] "GET /doc/getting-started.html HTTP/1.0" 200 11326 "http://antlr.org/" "Mozilla/4.0 (compatible; MSIE 5.0; Windows 98) Opera 6.05  [en]"
193.146.72.50 - - [02/Sep/2003:00:02:38 -0700] "GET /images/shim.gif HTTP/1.0" 304 - "http://www.antlr.org" "Mozilla/4.0 (compatible; MSIE 6.0b; Windows NT 5.0; .NET CLR 1.0.3705)"
193.146.72.50 - - [02/Sep/2003:00:02:38 -0700] "GET /images/logo-head.gif HTTP/1.0" 304 - "http://www.antlr.org" "Mozilla/4.0 (compatible; MSIE 6.0b; Windows NT 5.0; .NET CLR 1.0.3705)"
193.146.72.50 - - [02/Sep/2003:00:02:38 -0700] "GET /images/head-shim.gif HTTP/1.0" 304 - "http://www.antlr.org" "Mozilla/4.0 (compatible; MSIE 6.0b; Windows NT 5.0; .NET CLR 1.0.3705)"
193.146.72.50 - - [02/Sep/2003:00:02:38 -0700] "GET / HTTP/1.0" 200 11690 "-" "Mozilla/4.0 (compatible; MSIE 6.0b; Windows NT 5.0; .NET CLR 1.0.3705)"
193.146.72.50 - - [02/Sep/2003:00:02:39 -0700] "GET /images/button-download.gif HTTP/1.0" 304 - "http://www.antlr.org" "Mozilla/4.0 (compatible; MSIE 6.0b; Windows NT 5.0; .NET CLR 1.0.3705)"
193.146.72.50 - - [02/Sep/2003:00:02:39 -0700] "GET /images/parr-head.jpg HTTP/1.0" 304 - "http://www.antlr.org" "Mozilla/4.0 (compatible; MSIE 6.0b; Windows NT 5.0; .NET CLR 1.0.3705)"
193.146.72.50 - - [02/Sep/2003:00:02:39 -0700] "GET /images/search.gif HTTP/1.0" 304 - "http://www.antlr.org" "Mozilla/4.0 (compatible; MSIE 6.0b; Windows NT 5.0; .NET CLR 1.0.3705)"
193.146.72.50 - - [02/Sep/2003:00:02:39 -0700] "GET /images/search-go.gif HTTP/1.0" 304 - "http://www.antlr.org" "Mozilla/4.0 (compatible; MSIE 6.0b; Windows NT 5.0; .NET CLR 1.0.3705)"
219.65.128.214 - - [02/Sep/2003:00:02:50 -0700] "GET /images/shim.gif HTTP/1.1" 304 - "http://www.antlr.org/doc/index.html" "Mozilla/4.0 (compatible; MSIE 6.0; Windows NT 5.0; .NET CLR 1.0.3705)"
219.65.128.214 - - [02/Sep/2003:00:02:51 -0700] "GET /doc/index.html HTTP/1.1" 200 26469 "http://www.antlr.org" "Mozilla/4.0 (compatible; MSIE 6.0; Windows NT 5.0; .NET CLR 1.0.3705)"
219.65.128.214 - - [02/Sep/2003:00:02:52 -0700] "GET /images/logo-head.gif HTTP/1.1" 304 - "http://www.antlr.org/doc/index.html" "Mozilla/4.0 (compatible; MSIE 6.0; Windows NT 5.0; .NET CLR 1.0.3705)"
219.65.128.214 - - [02/Sep/2003:00:02:53 -0700] "GET /images/head-shim.gif HTTP/1.1" 304 - "http://www.antlr.org/doc/index.html" "Mozilla/4.0 (compatible; MSIE 6.0; Windows NT 5.0; .NET CLR 1.0.3705)"
219.65.128.214 - - [02/Sep/2003:00:02:53 -0700] "GET /images/button-download.gif HTTP/1.1" 304 - "http://www.antlr.org/doc/index.html" "Mozilla/4.0 (compatible; MSIE 6.0; Windows NT 5.0; .NET CLR 1.0.3705)"
219.65.128.214 - - [02/Sep/2003:00:02:53 -0700] "GET /images/search.gif HTTP/1.1" 304 - "http://www.antlr.org/doc/index.html" "Mozilla/4.0 (compatible; MSIE 6.0; Windows NT 5.0; .NET CLR 1.0.3705)"
194.39.131.40 - - [02/Sep/2003:00:02:54 -0700] "GET /showcase/list HTTP/1.0" 200 13108 "http://www.antlr.org/license.html" "Mozilla/4.0 (compatible; MSIE 5.5; Windows NT 5.0; .NET CLR 1.0.3705)"
219.65.128.214 - - [02/Sep/2003:00:02:54 -0700] "GET /images/search-go.gif HTTP/1.1" 304 - "http://www.antlr.org/doc/index.html" "Mozilla/4.0 (compatible; MSIE 6.0; Windows NT 5.0; .NET CLR 1.0.3705)"
194.39.131.40 - - [02/Sep/2003:00:02:54 -0700] "GET /images/button-add-showcase.gif HTTP/1.0" 200 682 "http://www.antlr.org/showcase/list" "Mozilla/4.0 (compatible; MSIE 5.5; Windows NT 5.0; .NET CLR 1.0.3705)"
219.150.172.3 - - [02/Sep/2003:00:03:02 -0700] "GET /book/index.html HTTP/1.0" 200 9357 "http://www.antlr.org/doc/getting-started.html" "Mozilla/4.0 (compatible; MSIE 5.01; Windows NT 5.0)"
194.39.131.40 - - [02/Sep/2003:00:03:08 -0700] "GET /doc/index.html HTTP/1.0" 200 26469 "http://www.antlr.org/showcase/list" "Mozilla/4.0 (compatible; MSIE 5.5; Windows NT 5.0; .NET CLR 1.0.3705)"
194.39.131.40 - - [02/Sep/2003:00:03:13 -0700] "GET /grammar/list HTTP/1.0" 200 15685 "http://www.antlr.org/doc/index.html" "Mozilla/4.0 (compatible; MSIE 5.5; Windows NT 5.0; .NET CLR 1.0.3705)"
194.39.131.40 - - [02/Sep/2003:00:03:13 -0700] "GET /images/button-add-grammar.gif HTTP/1.0" 200 664 "http://www.antlr.org/grammar/list" "Mozilla/4.0 (compatible; MSIE 5.5; Windows NT 5.0; .NET CLR 1.0.3705)"
219.150.172.3 - - [02/Sep/2003:00:03:26 -0700] "GET /book/language.pdf HTTP/1.0" 200 32768 "-" "Mozilla/4.0 (compatible; MSIE 5.01; Windows NT 5.0)"
209.86.5.206 - - [02/Sep/2003:00:03:36 -0700] "GET /doc/glossary.html HTTP/1.0" 200 31009 "http://antlr.org/" "Mozilla/4.0 (compatible; MSIE 5.0; Windows 98) Opera 6.05  [en]"
219.150.172.3 - - [02/Sep/2003:00:03:38 -0700] "GET /book/language.pdf HTTP/1.0" 200 103260 "-" "Mozilla/4.0 (compatible; MSIE 5.01; Windows NT 5.0)"
194.39.131.40 - - [02/Sep/2003:00:03:40 -0700] "GET /grammar/ORACLE-7-SQL HTTP/1.0" 200 7808 "http://www.antlr.org/grammar/list" "Mozilla/4.0 (compatible; MSIE 5.5; Windows NT 5.0; .NET CLR 1.0.3705)"
194.39.131.40 - - [02/Sep/2003:00:03:48 -0700] "GET /grammar/ORACLE-7-SQL/Main.java HTTP/1.0" 200 822 "http://www.antlr.org/grammar/ORACLE-7-SQL" "Mozilla/4.0 (compatible; MSIE 5.5; Windows NT 5.0; .NET CLR 1.0.3705)"
195.77.105.200 - - [02/Sep/2003:00:03:48 -0700] "GET /doc/index.html HTTP/1.1" 200 26469 "http://www.antlr.org/" "Mozilla/4.0 (compatible; MSIE 6.0; Windows 98)"
219.150.172.3 - - [02/Sep/2003:00:03:49 -0700] "GET /book/index.html HTTP/1.0" 200 9357 "http://www.antlr.org/doc/getting-started.html" "Mozilla/4.0 (compatible; MSIE 5.01; Windows NT 5.0)"
195.77.105.200 - - [02/Sep/2003:00:04:11 -0700] "GET /doc/trees.html HTTP/1.1" 200 48468 "http://www.antlr.org/doc/index.html" "Mozilla/4.0 (compatible; MSIE 6.0; Windows 98)"
194.39.131.40 - - [02/Sep/2003:00:04:11 -0700] "GET /grammar/ORACLE-7-SQL HTTP/1.0" 200 7808 "http://www.antlr.org/grammar/list" "Mozilla/4.0 (compatible; MSIE 5.5; Windows NT 5.0; .NET CLR 1.0.3705)"
195.77.105.200 - - [02/Sep/2003:00:04:13 -0700] "GET /images/shim.gif HTTP/1.1" 304 - "http://www.antlr.org/doc/inheritance.html" "Mozilla/4.0 (compatible; MSIE 6.0; Windows 98)"
194.39.131.40 - - [02/Sep/2003:00:04:14 -0700] "GET /grammar/ORACLE-7-SQL/sql.g HTTP/1.0" 200 17010 "http://www.antlr.org/grammar/ORACLE-7-SQL" "Mozilla/4.0 (compatible; MSIE 5.5; Windows NT 5.0; .NET CLR 1.0.3705)"
195.77.105.200 - - [02/Sep/2003:00:04:15 -0700] "GET /doc/inheritance.html HTTP/1.1" 200 14890 "http://www.antlr.org/doc/index.html" "Mozilla/4.0 (compatible; MSIE 6.0; Windows 98)"
195.77.105.200 - - [02/Sep/2003:00:04:15 -0700] "GET /images/logo-head.gif HTTP/1.1" 304 - "http://www.antlr.org/doc/inheritance.html" "Mozilla/4.0 (compatible; MSIE 6.0; Windows 98)"
195.77.105.200 - - [02/Sep/2003:00:04:17 -0700] "GET /images/head-shim.gif HTTP/1.1" 304 - "http://www.antlr.org/doc/inheritance.html" "Mozilla/4.0 (compatible; MSIE 6.0; Windows 98)"
195.77.105.200 - - [02/Sep/2003:00:04:18 -0700] "GET /images/button-download.gif HTTP/1.1" 304 - "http://www.antlr.org/doc/inheritance.html" "Mozilla/4.0 (compatible; MSIE 6.0; Windows 98)"
195.77.105.200 - - [02/Sep/2003:00:04:20 -0700] "GET /images/search.gif HTTP/1.1" 304 - "http://www.antlr.org/doc/inheritance.html" "Mozilla/4.0 (compatible; MSIE 6.0; Windows 98)"
193.146.72.50 - - [02/Sep/2003:00:04:21 -0700] "GET /doc/index.html HTTP/1.0" 200 26469 "http://www.antlr.org" "Mozilla/4.0 (compatible; MSIE 6.0b; Windows NT 5.0; .NET CLR 1.0.3705)"
195.77.105.200 - - [02/Sep/2003:00:04:54 -0700] "GET /images/search-go.gif HTTP/1.1" 304 - "http://www.antlr.org/doc/inheritance.html" "Mozilla/4.0 (compatible; MSIE 6.0; Windows 98)"
195.77.105.200 - - [02/Sep/2003:00:05:50 -0700] "GET /doc/index.html HTTP/1.1" 200 26469 "http://www.antlr.org/" "Mozilla/4.0 (compatible; MSIE 6.0; Windows 98)"
195.77.105.200 - - [02/Sep/2003:00:06:06 -0700] "GET /doc/options.html HTTP/1.1" 200 37045 "http://www.antlr.org/doc/index.html" "Mozilla/4.0 (compatible; MSIE 6.0; Windows 98)"
195.77.105.200 - - [02/Sep/2003:00:06:11 -0700] "GET /doc/inheritance.html HTTP/1.1" 200 14890 "http://www.antlr.org/doc/index.html" "Mozilla/4.0 (compatible; MSIE 6.0; Windows 98)"
195.77.105.200 - - [02/Sep/2003:00:06:12 -0700] "GET /images/shim.gif HTTP/1.1" 304 - "http://www.antlr.org/doc/inheritance.html" "Mozilla/4.0 (compatible; MSIE 6.0; Windows 98)"
195.77.105.200 - - [02/Sep/2003:00:06:15 -0700] "GET /images/logo-head.gif HTTP/1.1" 304 - "http://www.antlr.org/doc/inheritance.html" "Mozilla/4.0 (compatible; MSIE 6.0; Windows 98)"
195.77.105.200 - - [02/Sep/2003:00:06:17 -0700] "GET /images/head-shim.gif HTTP/1.1" 304 - "http://www.antlr.org/doc/inheritance.html" "Mozilla/4.0 (compatible; MSIE 6.0; Windows 98)"
195.77.105.200 - - [02/Sep/2003:00:06:18 -0700] "GET /images/button-download.gif HTTP/1.1" 304 - "http://www.antlr.org/doc/inheritance.html" "Mozilla/4.0 (compatible; MSIE 6.0; Windows 98)"
195.77.105.200 - - [02/Sep/2003:00:06:20 -0700] "GET /images/search.gif HTTP/1.1" 304 - "http://www.antlr.org/doc/inheritance.html" "Mozilla/4.0 (compatible; MSIE 6.0; Windows 98)"
195.77.105.200 - - [02/Sep/2003:00:06:20 -0700] "GET /images/search-go.gif HTTP/1.1" 304 - "http://www.antlr.org/doc/inheritance.html" "Mozilla/4.0 (compatible; MSIE 6.0; Windows 98)"
193.146.72.50 - - [02/Sep/2003:00:06:57 -0700] "GET /showcase/list HTTP/1.0" 200 13108 "http://www.antlr.org/doc/index.html" "Mozilla/4.0 (compatible; MSIE 6.0b; Windows NT 5.0; .NET CLR 1.0.3705)"
193.146.72.50 - - [02/Sep/2003:00:06:58 -0700] "GET /images/button-add-showcase.gif HTTP/1.0" 200 682 "http://www.antlr.org/showcase/list" "Mozilla/4.0 (compatible; MSIE 6.0b; Windows NT 5.0; .NET CLR 1.0.3705)"
203.120.30.5 - - [02/Sep/2003:00:09:28 -0700] "GET / HTTP/1.1" 200 11690 "http://www.google.com.sg/search?hl=en&ie=UTF-8&oe=UTF-8&q=download+antrl&btnG=Google+Search" "Mozilla/5.0 (Windows; U; Windows NT 5.0; en-US; rv:1.4) Gecko/20030624"
203.120.30.5 - - [02/Sep/2003:00:09:28 -0700] "GET /images/shim.gif HTTP/1.1" 200 43 "http://www.antlr.org/" "Mozilla/5.0 (Windows; U; Windows NT 5.0; en-US; rv:1.4) Gecko/20030624"
203.120.30.5 - - [02/Sep/2003:00:09:29 -0700] "GET /images/logo-head.gif HTTP/1.1" 200 4098 "http://www.antlr.org/" "Mozilla/5.0 (Windows; U; Windows NT 5.0; en-US; rv:1.4) Gecko/20030624"
203.120.30.5 - - [02/Sep/2003:00:09:29 -0700] "GET /images/button-download.gif HTTP/1.1" 200 733 "http://www.antlr.org/" "Mozilla/5.0 (Windows; U; Windows NT 5.0; en-US; rv:1.4) Gecko/20030624"
203.120.30.5 - - [02/Sep/2003:00:09:29 -0700] "GET /images/parr-head.jpg HTTP/1.1" 200 3582 "http://www.antlr.org/" "Mozilla/5.0 (Windows; U; Windows NT 5.0; en-US; rv:1.4) Gecko/20030624"
203.120.30.5 - - [02/Sep/2003:00:09:29 -0700] "GET /images/search.gif HTTP/1.1" 200 299 "http://www.antlr.org/" "Mozilla/5.0 (Windows; U; Windows NT 5.0; en-US; rv:1.4) Gecko/20030624"
203.120.30.5 - - [02/Sep/2003:00:09:29 -0700] "GET /images/search-go.gif HTTP/1.1" 200 266 "http://www.antlr.org/" "Mozilla/5.0 (Windows; U; Windows NT 5.0; en-US; rv:1.4) Gecko/20030624"
203.120.30.5 - - [02/Sep/2003:00:09:29 -0700] "GET /images/head-shim.gif HTTP/1.1" 200 158 "http://www.antlr.org/" "Mozilla/5.0 (Windows; U; Windows NT 5.0; en-US; rv:1.4) Gecko/20030624"
195.77.105.200 - - [02/Sep/2003:00:09:39 -0700] "GET /doc/index.html HTTP/1.1" 200 26469 "http://www.antlr.org/" "Mozilla/4.0 (compatible; MSIE 6.0; Windows 98)"
195.77.105.200 - - [02/Sep/2003:00:09:43 -0700] "GET / HTTP/1.1" 200 11690 "-" "Mozilla/4.0 (compatible; MSIE 6.0; Windows 98)"
130.239.30.142 - - [02/Sep/2003:00:09:44 -0700] "GET / HTTP/1.1" 200 11690 "-" "Mozilla/4.0 (compatible; MSIE 6.0; Windows NT 5.0; .NET CLR 1.1.4322)"
195.77.105.200 - - [02/Sep/2003:00:09:46 -0700] "GET /images/parr-head.jpg HTTP/1.1" 304 - "http://www.antlr.org/" "Mozilla/4.0 (compatible; MSIE 6.0; Windows 98)"
130.239.30.142 - - [02/Sep/2003:00:09:46 -0700] "GET /doc/getting-started.html HTTP/1.1" 200 11326 "http://www.antlr.org/" "Mozilla/4.0 (compatible; MSIE 6.0; Windows NT 5.0; .NET CLR 1.1.4322)"
130.239.30.142 - - [02/Sep/2003:00:09:49 -0700] "GET /article/cutpaste/index.html HTTP/1.1" 200 10494 "http://www.antlr.org/doc/getting-started.html" "Mozilla/4.0 (compatible; MSIE 6.0; Windows NT 5.0; .NET CLR 1.1.4322)"
195.77.105.200 - - [02/Sep/2003:00:10:00 -0700] "GET /doc/glossary.html HTTP/1.1" 200 16384 "http://www.antlr.org/" "Mozilla/4.0 (compatible; MSIE 6.0; Windows 98)"
195.77.105.200 - - [02/Sep/2003:00:10:03 -0700] "GET /images/antlr-link.gif HTTP/1.1" 200 1372 "http://antlraux.sourceforge.net/" "Mozilla/4.0 (compatible; MSIE 6.0; Windows 98)"
203.120.30.5 - - [02/Sep/2003:00:10:19 -0700] "GET /doc/index.html HTTP/1.1" 200 26469 "http://www.antlr.org/" "Mozilla/5.0 (Windows; U; Windows NT 5.0; en-US; rv:1.4) Gecko/20030624"
203.120.30.5 - - [02/Sep/2003:00:10:49 -0700] "GET /download.html HTTP/1.1" 200 9276 "http://www.antlr.org/doc/index.html" "Mozilla/5.0 (Windows; U; Windows NT 5.0; en-US; rv:1.4) Gecko/20030624"
219.65.128.214 - - [02/Sep/2003:00:10:50 -0700] "GET /grammar/cpp HTTP/1.1" 200 8441 "http://www.antlr.org" "Mozilla/4.0 (compatible; MSIE 6.0; Windows NT 5.0; .NET CLR 1.0.3705)"
219.65.128.214 - - [02/Sep/2003:00:10:52 -0700] "GET /images/shim.gif HTTP/1.1" 304 - "http://www.antlr.org/grammar/cpp" "Mozilla/4.0 (compatible; MSIE 6.0; Windows NT 5.0; .NET CLR 1.0.3705)"
219.65.128.214 - - [02/Sep/2003:00:10:53 -0700] "GET /images/logo-head.gif HTTP/1.1" 304 - "http://www.antlr.org/grammar/cpp" "Mozilla/4.0 (compatible; MSIE 6.0; Windows NT 5.0; .NET CLR 1.0.3705)"
219.65.128.214 - - [02/Sep/2003:00:10:53 -0700] "GET /images/head-shim.gif HTTP/1.1" 304 - "http://www.antlr.org/grammar/cpp" "Mozilla/4.0 (compatible; MSIE 6.0; Windows NT 5.0; .NET CLR 1.0.3705)"
203.120.30.5 - - [02/Sep/2003:00:10:53 -0700] "GET /doc/index.html HTTP/1.1" 200 26469 "http://www.antlr.org/download.html" "Mozilla/5.0 (Windows; U; Windows NT 5.0; en-US; rv:1.4) Gecko/20030624"
219.65.128.214 - - [02/Sep/2003:00:10:54 -0700] "GET /images/button-download.gif HTTP/1.1" 304 - "http://www.antlr.org/grammar/cpp" "Mozilla/4.0 (compatible; MSIE 6.0; Windows NT 5.0; .NET CLR 1.0.3705)"
219.65.128.214 - - [02/Sep/2003:00:10:54 -0700] "GET /images/search.gif HTTP/1.1" 304 - "http://www.antlr.org/grammar/cpp" "Mozilla/4.0 (compatible; MSIE 6.0; Windows NT 5.0; .NET CLR 1.0.3705)"
219.65.128.214 - - [02/Sep/2003:00:10:54 -0700] "GET /images/search-go.gif HTTP/1.1" 304 - "http://www.antlr.org/grammar/cpp" "Mozilla/4.0 (compatible; MSIE 6.0; Windows NT 5.0; .NET CLR 1.0.3705)"
219.65.128.214 - - [02/Sep/2003:00:12:22 -0700] "GET /download.html HTTP/1.1" 200 9276 "http://www.jguru.com/download/index.jsp" "Mozilla/4.0 (compatible; MSIE 6.0; Windows NT 5.0; .NET CLR 1.0.3705)"
219.65.128.214 - - [02/Sep/2003:00:12:23 -0700] "GET /images/shim.gif HTTP/1.1" 304 - "http://www.antlr.org/download.html" "Mozilla/4.0 (compatible; MSIE 6.0; Windows NT 5.0; .NET CLR 1.0.3705)"
219.65.128.214 - - [02/Sep/2003:00:12:24 -0700] "GET /images/logo-head.gif HTTP/1.1" 304 - "http://www.antlr.org/download.html" "Mozilla/4.0 (compatible; MSIE 6.0; Windows NT 5.0; .NET CLR 1.0.3705)"
219.65.128.214 - - [02/Sep/2003:00:12:24 -0700] "GET /images/head-shim.gif HTTP/1.1" 304 - "http://www.antlr.org/download.html" "Mozilla/4.0 (compatible; MSIE 6.0; Windows NT 5.0; .NET CLR 1.0.3705)"
219.65.128.214 - - [02/Sep/2003:00:12:25 -0700] "GET /images/button-download.gif HTTP/1.1" 304 - "http://www.antlr.org/download.html" "Mozilla/4.0 (compatible; MSIE 6.0; Windows NT 5.0; .NET CLR 1.0.3705)"
219.65.128.214 - - [02/Sep/2003:00:12:25 -0700] "GET /images/search.gif HTTP/1.1" 304 - "http://www.antlr.org/download.html" "Mozilla/4.0 (compatible; MSIE 6.0; Windows NT 5.0; .NET CLR 1.0.3705)"
219.65.128.214 - - [02/Sep/2003:00:12:26 -0700] "GET /images/search-go.gif HTTP/1.1" 304 - "http://www.antlr.org/download.html" "Mozilla/4.0 (compatible; MSIE 6.0; Windows NT 5.0; .NET CLR 1.0.3705)"
202.33.100.155 - - [02/Sep/2003:00:12:53 -0700] "GET /download.html HTTP/1.0" 200 9276 "-" "Mozilla/3.01 (compatible;)"
202.33.100.155 - - [02/Sep/2003:00:12:53 -0700] "GET /download.html HTTP/1.0" 200 9276 "http://www.jguru.com/download/index.jsp" "Mozilla/4.0 (compatible; MSIE 6.0; Windows NT 5.0)"
202.33.100.155 - - [02/Sep/2003:00:12:54 -0700] "GET /images/logo-head.gif HTTP/1.0" 200 4098 "-" "Mozilla/3.01 (compatible;)"
202.33.100.155 - - [02/Sep/2003:00:12:54 -0700] "GET /images/shim.gif HTTP/1.0" 200 43 "-" "Mozilla/3.01 (compatible;)"
202.33.100.155 - - [02/Sep/2003:00:12:54 -0700] "GET /images/head-shim.gif HTTP/1.0" 200 158 "-" "Mozilla/3.01 (compatible;)"
202.33.100.155 - - [02/Sep/2003:00:12:54 -0700] "GET /images/button-download.gif HTTP/1.0" 200 733 "-" "Mozilla/3.01 (compatible;)"
202.33.100.155 - - [02/Sep/2003:00:12:54 -0700] "GET /images/search.gif HTTP/1.0" 200 299 "-" "Mozilla/3.01 (compatible;)"
202.33.100.155 - - [02/Sep/2003:00:12:55 -0700] "GET /images/search-go.gif HTTP/1.0" 200 266 "http://www.antlr.org/download.html" "Mozilla/4.0 (compatible; MSIE 6.0; Windows NT 5.0)"
202.33.100.155 - - [02/Sep/2003:00:13:18 -0700] "GET /download/antlr-2.7.2.tar.gz HTTP/1.0" 200 1557051 "-" "Mozilla/4.0 (compatible; MSIE 6.0; Windows NT 5.0)"
195.248.163.78 - - [02/Sep/2003:00:14:03 -0700] "GET /book/index.html HTTP/1.0" 200 9357 "-" "Mozilla/4.0 (compatible; MSIE 6.0; Windows NT 5.0; .NET CLR 1.1.4322)"
195.248.163.78 - - [02/Sep/2003:00:14:07 -0700] "GET /images/shim.gif HTTP/1.0" 200 43 "http://www.antlr.org/" "Mozilla/4.0 (compatible; MSIE 6.0; Windows NT 5.0; .NET CLR 1.1.4322)"
195.248.163.78 - - [02/Sep/2003:00:14:07 -0700] "GET /images/logo-head.gif HTTP/1.0" 200 4098 "http://www.antlr.org/" "Mozilla/4.0 (compatible; MSIE 6.0; Windows NT 5.0; .NET CLR 1.1.4322)"
195.248.163.78 - - [02/Sep/2003:00:14:07 -0700] "GET /images/head-shim.gif HTTP/1.0" 200 158 "http://www.antlr.org/" "Mozilla/4.0 (compatible; MSIE 6.0; Windows NT 5.0; .NET CLR 1.1.4322)"
195.248.163.78 - - [02/Sep/2003:00:14:07 -0700] "GET /images/button-download.gif HTTP/1.0" 200 733 "http://www.antlr.org/" "Mozilla/4.0 (compatible; MSIE 6.0; Windows NT 5.0; .NET CLR 1.1.4322)"
195.248.163.78 - - [02/Sep/2003:00:14:09 -0700] "GET /images/search.gif HTTP/1.0" 200 299 "http://www.antlr.org/" "Mozilla/4.0 (compatible; MSIE 6.0; Windows NT 5.0; .NET CLR 1.1.4322)"
195.248.163.78 - - [02/Sep/2003:00:14:09 -0700] "GET /images/search-go.gif HTTP/1.0" 200 266 "http://www.antlr.org/" "Mozilla/4.0 (compatible; MSIE 6.0; Windows NT 5.0; .NET CLR 1.1.4322)"
203.120.30.5 - - [02/Sep/2003:00:14:38 -0700] "GET /download.html HTTP/1.1" 200 9276 "http://www.antlr.org/doc/index.html" "Mozilla/5.0 (Windows; U; Windows NT 5.0; en-US; rv:1.4) Gecko/20030624"
203.120.30.5 - - [02/Sep/2003:00:15:38 -0700] "GET /download/antlr-2.7.2.zip HTTP/1.1" 200 1943296 "http://www.antlr.org/download.html" "Mozilla/5.0 (Windows; U; Windows NT 5.0; en-US; rv:1.4) Gecko/20030624"
209.86.5.206 - - [02/Sep/2003:00:15:47 -0700] "GET /images/logo-head.gif HTTP/1.0" 200 4098 "http://www.antlr.org/" "Mozilla/4.0 (compatible; MSIE 5.0; Windows 98) Opera 6.05  [en]"
209.86.5.206 - - [02/Sep/2003:00:15:47 -0700] "GET /images/shim.gif HTTP/1.0" 200 43 "http://www.antlr.org/" "Mozilla/4.0 (compatible; MSIE 5.0; Windows 98) Opera 6.05  [en]"
209.86.5.206 - - [02/Sep/2003:00:15:47 -0700] "GET /images/search.gif HTTP/1.0" 200 299 "http://www.antlr.org/" "Mozilla/4.0 (compatible; MSIE 5.0; Windows 98) Opera 6.05  [en]"
209.86.5.206 - - [02/Sep/2003:00:15:47 -0700] "GET /images/button-download.gif HTTP/1.0" 200 733 "http://www.antlr.org/" "Mozilla/4.0 (compatible; MSIE 5.0; Windows 98) Opera 6.05  [en]"
209.86.5.206 - - [02/Sep/2003:00:15:47 -0700] "GET /images/search-go.gif HTTP/1.0" 200 266 "http://www.antlr.org/" "Mozilla/4.0 (compatible; MSIE 5.0; Windows 98) Opera 6.05  [en]"
209.86.5.206 - - [02/Sep/2003:00:15:47 -0700] "GET /logo.gif HTTP/1.0" 200 6455 "http://www.antlr.org/" "Mozilla/4.0 (compatible; MSIE 5.0; Windows 98) Opera 6.05  [en]"
209.86.5.206 - - [02/Sep/2003:00:15:47 -0700] "GET /images/head-shim.gif HTTP/1.0" 200 158 "http://www.antlr.org/" "Mozilla/4.0 (compatible; MSIE 5.0; Windows 98) Opera 6.05  [en]"
213.144.12.8 - - [02/Sep/2003:00:16:38 -0700] "GET / HTTP/1.0" 200 11690 "http://www.polhode.com/pccts.html" "Mozilla/4.0 (compatible; MSIE 6.0; Windows NT 5.1)"
213.144.12.8 - - [02/Sep/2003:00:16:38 -0700] "GET /images/parr-head.jpg HTTP/1.0" 200 3582 "http://www.antlr.org/" "Mozilla/4.0 (compatible; MSIE 6.0; Windows NT 5.1)"
213.144.12.8 - - [02/Sep/2003:00:16:57 -0700] "GET /about.html HTTP/1.0" 200 8707 "http://www.antlr.org/" "Mozilla/4.0 (compatible; MSIE 6.0; Windows NT 5.1)"
203.126.11.62 - - [02/Sep/2003:00:17:02 -0700] "GET /doc/getting-started.html HTTP/1.1" 200 11326 "http://www.antlr.org/" "Mozilla/4.0 (compatible; MSIE 5.5; Windows NT 5.0)"
195.248.163.78 - - [02/Sep/2003:00:17:36 -0700] "GET /book/language.pdf HTTP/1.0" 200 103260 "http://www.antlr.org/" "Mozilla/4.0 (compatible; MSIE 6.0; Windows NT 5.0; .NET CLR 1.1.4322)"
213.144.12.8 - - [02/Sep/2003:00:17:42 -0700] "GET /why.html HTTP/1.0" 200 10713 "http://www.antlr.org/about.html" "Mozilla/4.0 (compatible; MSIE 6.0; Windows NT 5.1)"
213.144.12.8 - - [02/Sep/2003:00:18:27 -0700] "GET /license.html HTTP/1.0" 200 9083 "http://www.antlr.org/why.html" "Mozilla/4.0 (compatible; MSIE 6.0; Windows NT 5.1)"
213.144.12.8 - - [02/Sep/2003:00:18:28 -0700] "GET /images/antlr-link.gif HTTP/1.0" 200 1372 "http://www.antlr.org/license.html" "Mozilla/4.0 (compatible; MSIE 6.0; Windows NT 5.1)"
219.150.172.3 - - [02/Sep/2003:00:18:31 -0700] "GET /resources.html HTTP/1.0" 302 144 "-" "Mozilla/4.0 (compatible; MSIE 5.01; Windows NT 5.0)"
219.150.172.3 - - [02/Sep/2003:00:18:32 -0700] "GET /error.jsp?msg=Problems+extracting+content%2Ftitle+from+file+%2Fresources.html%3A+null HTTP/1.0" 200 6466 "-" "Mozilla/4.0 (compatible; MSIE 5.01; Windows NT 5.0)"
213.144.12.8 - - [02/Sep/2003:00:19:21 -0700] "GET /about.html HTTP/1.0" 200 8707 "http://www.antlr.org/license.html" "Mozilla/4.0 (compatible; MSIE 6.0; Windows NT 5.1)"
213.144.12.8 - - [02/Sep/2003:00:19:24 -0700] "GET /news/list HTTP/1.0" 200 8648 "http://www.antlr.org/about.html" "Mozilla/4.0 (compatible; MSIE 6.0; Windows NT 5.1)"
64.68.82.164 - - [02/Sep/2003:00:19:57 -0700] "GET /fieldguide/columns/ HTTP/1.0" 200 6466 "-" "Googlebot/2.1 (+http://www.googlebot.com/bot.html)"
213.144.12.8 - - [02/Sep/2003:00:20:04 -0700] "GET /testimonial/list HTTP/1.0" 200 12509 "http://www.antlr.org/news/list" "Mozilla/4.0 (compatible; MSIE 6.0; Windows NT 5.1)"
213.144.12.8 - - [02/Sep/2003:00:20:05 -0700] "GET /images/button-testimonial.gif HTTP/1.0" 200 701 "http://www.antlr.org/testimonial/list" "Mozilla/4.0 (compatible; MSIE 6.0; Windows NT 5.1)"
213.144.12.8 - - [02/Sep/2003:00:20:27 -0700] "GET /doc/getting-started.html HTTP/1.0" 200 11326 "http://www.antlr.org/news/list" "Mozilla/4.0 (compatible; MSIE 6.0; Windows NT 5.1)"
219.65.128.214 - - [02/Sep/2003:00:23:41 -0700] "GET /grammar/cpp/grammar.txt HTTP/1.1" 200 30803 "http://www.antlr.org/grammar/cpp" "Mozilla/4.0 (compatible; MSIE 6.0; Windows NT 5.0; .NET CLR 1.0.3705)"
12.234.174.179 - - [02/Sep/2003:00:23:47 -0700] "GET / HTTP/1.0" 200 11690 "-" "Mozilla/3.0 (compatible)"
192.11.224.101 - - [02/Sep/2003:00:25:01 -0700] "GET / HTTP/1.0" 200 11690 "-" "Mozilla/5.0 (Windows; U; Windows NT 5.0; en-US; rv:1.4) Gecko/20030624 Netscape/7.1 (ax)"
192.11.224.101 - - [02/Sep/2003:00:25:01 -0700] "GET /images/head-shim.gif HTTP/1.0" 200 158 "-" "Mozilla/3.01 (compatible;)"
192.11.224.101 - - [02/Sep/2003:00:25:02 -0700] "GET /images/button-download.gif HTTP/1.0" 200 733 "-" "Mozilla/3.01 (compatible;)"
192.11.224.101 - - [02/Sep/2003:00:25:02 -0700] "GET /images/parr-head.jpg HTTP/1.0" 200 3582 "-" "Mozilla/3.01 (compatible;)"
192.11.224.101 - - [02/Sep/2003:00:25:02 -0700] "GET /images/search.gif HTTP/1.0" 200 299 "-" "Mozilla/3.01 (compatible;)"
192.11.224.101 - - [02/Sep/2003:00:25:02 -0700] "GET /favicon.ico HTTP/1.0" 404 173 "-" "Mozilla/5.0 (Windows; U; Windows NT 5.0; en-US; rv:1.4) Gecko/20030624 Netscape/7.1 (ax)"
192.11.224.101 - - [02/Sep/2003:00:25:02 -0700] "GET /images/search-go.gif HTTP/1.0" 200 266 "http://www.antlr.org/" "Mozilla/5.0 (Windows; U; Windows NT 5.0; en-US; rv:1.4) Gecko/20030624 Netscape/7.1 (ax)"
192.11.224.101 - - [02/Sep/2003:00:25:47 -0700] "GET /grammar/list HTTP/1.0" 200 15685 "http://www.antlr.org/" "Mozilla/5.0 (Windows; U; Windows NT 5.0; en-US; rv:1.4) Gecko/20030624 Netscape/7.1 (ax)"
192.11.224.101 - - [02/Sep/2003:00:25:48 -0700] "GET /images/button-add-grammar.gif HTTP/1.0" 200 664 "-" "Mozilla/3.01 (compatible;)"
130.239.30.142 - - [02/Sep/2003:00:25:48 -0700] "GET /doc/getting-started.html HTTP/1.1" 200 11326 "http://www.antlr.org/" "Mozilla/4.0 (compatible; MSIE 6.0; Windows NT 5.0; .NET CLR 1.1.4322)"
192.11.224.101 - - [02/Sep/2003:00:25:48 -0700] "GET /images/shim.gif HTTP/1.0" 200 43 "-" "Mozilla/3.01 (compatible;)"
192.11.224.101 - - [02/Sep/2003:00:25:48 -0700] "GET /images/logo-head.gif HTTP/1.0" 200 4098 "-" "Mozilla/3.01 (compatible;)"
219.65.128.214 - - [02/Sep/2003:00:25:52 -0700] "GET /download/antlr-2.7.2.zip HTTP/1.1" 200 24576 "-" "DA 5.3"
130.239.30.142 - - [02/Sep/2003:00:25:56 -0700] "GET /article/firstgr/index.html HTTP/1.1" 200 14192 "http://www.antlr.org/doc/getting-started.html" "Mozilla/4.0 (compatible; MSIE 6.0; Windows NT 5.0; .NET CLR 1.1.4322)"
219.65.128.214 - - [02/Sep/2003:00:26:01 -0700] "GET /download/antlr-2.7.2.zip HTTP/1.1" 200 24576 "-" "DA 5.3"
219.65.128.214 - - [02/Sep/2003:00:26:01 -0700] "GET /download/antlr-2.7.2.zip HTTP/1.1" 200 32768 "-" "DA 5.3"
219.65.128.214 - - [02/Sep/2003:00:26:01 -0700] "GET /download/antlr-2.7.2.zip HTTP/1.1" 200 16384 "-" "DA 5.3"
219.65.128.214 - - [02/Sep/2003:00:26:06 -0700] "GET /download/antlr-2.7.2.zip HTTP/1.1" 200 16384 "-" "DA 5.3"
192.11.224.101 - - [02/Sep/2003:00:26:13 -0700] "GET /grammar/cpp HTTP/1.0" 200 8441 "http://www.antlr.org/grammar/list" "Mozilla/5.0 (Windows; U; Windows NT 5.0; en-US; rv:1.4) Gecko/20030624 Netscape/7.1 (ax)"
192.11.224.101 - - [02/Sep/2003:00:26:14 -0700] "GET /images/shim.gif HTTP/1.0" 200 43 "-" "Mozilla/3.01 (compatible;)"
192.11.224.101 - - [02/Sep/2003:00:26:14 -0700] "GET /images/logo-head.gif HTTP/1.0" 200 4098 "-" "Mozilla/3.01 (compatible;)"
192.11.224.101 - - [02/Sep/2003:00:26:38 -0700] "GET /grammar/java HTTP/1.0" 200 8472 "http://www.antlr.org/grammar/list" "Mozilla/5.0 (Windows; U; Windows NT 5.0; en-US; rv:1.4) Gecko/20030624 Netscape/7.1 (ax)"
192.11.224.101 - - [02/Sep/2003:00:26:39 -0700] "GET /images/shim.gif HTTP/1.0" 200 43 "-" "Mozilla/3.01 (compatible;)"
192.11.224.101 - - [02/Sep/2003:00:26:39 -0700] "GET /images/logo-head.gif HTTP/1.0" 200 4098 "-" "Mozilla/3.01 (compatible;)"
192.11.224.101 - - [02/Sep/2003:00:26:42 -0700] "GET /grammar/java/shiplist HTTP/1.0" 200 36 "http://www.antlr.org/grammar/java" "Mozilla/5.0 (Windows; U; Windows NT 5.0; en-US; rv:1.4) Gecko/20030624 Netscape/7.1 (ax)"
192.11.224.101 - - [02/Sep/2003:00:26:51 -0700] "GET /javadoc/overview-summary.html HTTP/1.0" 200 9784 "http://www.antlr.org/grammar/list" "Mozilla/5.0 (Windows; U; Windows NT 5.0; en-US; rv:1.4) Gecko/20030624 Netscape/7.1 (ax)"
192.11.224.101 - - [02/Sep/2003:00:26:51 -0700] "GET /images/shim.gif HTTP/1.0" 200 43 "-" "Mozilla/3.01 (compatible;)"
192.11.224.101 - - [02/Sep/2003:00:26:51 -0700] "GET /images/logo-head.gif HTTP/1.0" 200 4098 "-" "Mozilla/3.01 (compatible;)"
192.11.224.101 - - [02/Sep/2003:00:27:00 -0700] "GET /javadoc/antlr/package-summary.html HTTP/1.0" 200 22368 "http://www.antlr.org/javadoc/overview-summary.html" "Mozilla/5.0 (Windows; U; Windows NT 5.0; en-US; rv:1.4) Gecko/20030624 Netscape/7.1 (ax)"
192.11.224.101 - - [02/Sep/2003:00:27:00 -0700] "GET /images/shim.gif HTTP/1.0" 200 43 "-" "Mozilla/3.01 (compatible;)"
219.150.172.3 - - [02/Sep/2003:00:30:26 -0700] "GET /doc/index.html HTTP/1.0" 200 26469 "-" "Mozilla/4.0 (compatible; MSIE 5.01; Windows NT 5.0)"
203.197.250.134 - - [02/Sep/2003:00:31:44 -0700] "GET /grammar/list HTTP/1.0" 200 15685 "http://www.antlr.org/" "Mozilla/4.0 (compatible; MSIE 5.01; Windows NT 5.0)"
203.197.250.134 - - [02/Sep/2003:00:31:50 -0700] "GET /javadoc/overview-summary.html HTTP/1.0" 200 9784 "http://www.antlr.org/grammar/list" "Mozilla/4.0 (compatible; MSIE 5.01; Windows NT 5.0)"
203.197.250.134 - - [02/Sep/2003:00:32:00 -0700] "GET /javadoc/antlr/package-summary.html HTTP/1.0" 200 22368 "http://www.antlr.org/javadoc/overview-summary.html" "Mozilla/4.0 (compatible; MSIE 5.01; Windows NT 5.0)"
219.150.172.3 - - [02/Sep/2003:00:32:39 -0700] "GET /doc/metalang.html HTTP/1.0" 200 52606 "-" "Mozilla/4.0 (compatible; MSIE 5.01; Windows NT 5.0)"
219.150.172.3 - - [02/Sep/2003:00:32:40 -0700] "GET /doc/subrule.gif HTTP/1.0" 200 1887 "http://www.antlr.org/doc/metalang.html" "Mozilla/4.0 (compatible; MSIE 5.01; Windows NT 5.0)"
219.150.172.3 - - [02/Sep/2003:00:32:40 -0700] "GET /doc/optional.gif HTTP/1.0" 200 2018 "http://www.antlr.org/doc/metalang.html" "Mozilla/4.0 (compatible; MSIE 5.01; Windows NT 5.0)"
219.150.172.3 - - [02/Sep/2003:00:32:41 -0700] "GET /doc/closure.gif HTTP/1.0" 200 2166 "http://www.antlr.org/doc/metalang.html" "Mozilla/4.0 (compatible; MSIE 5.01; Windows NT 5.0)"
219.150.172.3 - - [02/Sep/2003:00:32:41 -0700] "GET /doc/posclosure.gif HTTP/1.0" 200 2031 "http://www.antlr.org/doc/metalang.html" "Mozilla/4.0 (compatible; MSIE 5.01; Windows NT 5.0)"
64.68.82.14 - - [02/Sep/2003:00:32:51 -0700] "GET /papers/building.dev.tools.html HTTP/1.0" 302 162 "-" "Googlebot/2.1 (+http://www.googlebot.com/bot.html)"
64.68.82.14 - - [02/Sep/2003:00:32:51 -0700] "GET /error.jsp?msg=Problems+extracting+content%2Ftitle+from+file+%2Fpapers%2Fbuilding.dev.tools.html%3A+null HTTP/1.0" 200 6482 "-" "Googlebot/2.1 (+http://www.googlebot.com/bot.html)"
218.80.51.37 - - [02/Sep/2003:00:33:14 -0700] "GET / HTTP/1.1" 200 11690 "-" "Mozilla/4.0 (compatible; MSIE 6.0; Windows NT 5.0)"
218.80.51.37 - - [02/Sep/2003:00:33:16 -0700] "GET / HTTP/1.1" 200 11690 "-" "Mozilla/4.0 (compatible; MSIE 6.0; Windows NT 5.0)"
218.80.51.37 - - [02/Sep/2003:00:33:17 -0700] "GET /images/shim.gif HTTP/1.1" 200 43 "http://www.antlr.org/" "Mozilla/4.0 (compatible; MSIE 6.0; Windows NT 5.0)"
218.80.51.37 - - [02/Sep/2003:00:33:17 -0700] "GET /images/logo-head.gif HTTP/1.1" 200 4098 "http://www.antlr.org/" "Mozilla/4.0 (compatible; MSIE 6.0; Windows NT 5.0)"
218.80.51.37 - - [02/Sep/2003:00:33:17 -0700] "GET /images/head-shim.gif HTTP/1.1" 200 158 "http://www.antlr.org/" "Mozilla/4.0 (compatible; MSIE 6.0; Windows NT 5.0)"
218.80.51.37 - - [02/Sep/2003:00:33:18 -0700] "GET /images/button-download.gif HTTP/1.1" 200 733 "http://www.antlr.org/" "Mozilla/4.0 (compatible; MSIE 6.0; Windows NT 5.0)"
218.80.51.37 - - [02/Sep/2003:00:33:18 -0700] "GET /images/parr-head.jpg HTTP/1.1" 200 3582 "http://www.antlr.org/" "Mozilla/4.0 (compatible; MSIE 6.0; Windows NT 5.0)"
218.80.51.37 - - [02/Sep/2003:00:33:18 -0700] "GET /images/search.gif HTTP/1.1" 200 299 "http://www.antlr.org/" "Mozilla/4.0 (compatible; MSIE 6.0; Windows NT 5.0)"
218.80.51.37 - - [02/Sep/2003:00:33:19 -0700] "GET /images/search-go.gif HTTP/1.1" 200 266 "http://www.antlr.org/" "Mozilla/4.0 (compatible; MSIE 6.0; Windows NT 5.0)"
218.80.51.37 - - [02/Sep/2003:00:34:45 -0700] "GET /download.html HTTP/1.1" 200 9276 "http://www.antlr.org/" "Mozilla/4.0 (compatible; MSIE 6.0; Windows NT 5.0)"
218.80.51.37 - - [02/Sep/2003:00:34:47 -0700] "GET / HTTP/1.1" 200 11690 "-" "Mozilla/4.0 (compatible; MSIE 6.0; Windows NT 5.0)"
218.80.51.37 - - [02/Sep/2003:00:35:10 -0700] "GET /download/antlr-2.7.2.zip HTTP/1.1" 200 16384 "http://www.antlr.org/download.html" "Mozilla/4.0 (compatible; MSIE 5.00; Windows 98)"
218.80.51.37 - - [02/Sep/2003:00:35:10 -0700] "GET /download/antlr-2.7.2.zip HTTP/1.1" 200 16384 "http://www.antlr.org/download.html" "Mozilla/4.0 (compatible; MSIE 5.00; Windows 98)"
218.80.51.37 - - [02/Sep/2003:00:35:10 -0700] "GET /download/antlr-2.7.2.zip HTTP/1.1" 200 16384 "http://www.antlr.org/download.html" "Mozilla/4.0 (compatible; MSIE 5.00; Windows 98)"
218.80.51.37 - - [02/Sep/2003:00:35:10 -0700] "GET /download/antlr-2.7.2.zip HTTP/1.1" 200 16384 "http://www.antlr.org/download.html" "Mozilla/4.0 (compatible; MSIE 5.00; Windows 98)"
218.80.51.37 - - [02/Sep/2003:00:35:13 -0700] "GET / HTTP/1.1" 200 11690 "-" "Mozilla/4.0 (compatible; MSIE 6.0; Windows NT 5.0)"
218.80.51.37 - - [02/Sep/2003:00:35:14 -0700] "GET /doc/index.html HTTP/1.1" 200 26469 "http://www.antlr.org/download.html" "Mozilla/4.0 (compatible; MSIE 6.0; Windows NT 5.0)"
64.68.82.168 - - [02/Sep/2003:00:36:08 -0700] "GET /1.33/workshop95 HTTP/1.0" 200 6462 "-" "Googlebot/2.1 (+http://www.googlebot.com/bot.html)"
219.65.128.214 - - [02/Sep/2003:00:36:12 -0700] "GET /download/antlr-2.7.2.zip HTTP/1.1" 200 1943296 "-" "DA 5.3"
203.199.51.149 - - [02/Sep/2003:00:36:39 -0700] "GET /images/shim.gif HTTP/1.0" 304 - "http://www.antlr.org/article/1055550418982/building.dev.tools.html" "Mozilla/4.76 [en] (X11; U; Linux 2.4.2-2 i686; Nav)"
203.199.51.149 - - [02/Sep/2003:00:36:39 -0700] "GET /images/logo-head.gif HTTP/1.0" 304 - "http://www.antlr.org/article/1055550418982/building.dev.tools.html" "Mozilla/4.76 [en] (X11; U; Linux 2.4.2-2 i686; Nav)"
202.68.142.226 - - [02/Sep/2003:00:36:39 -0700] "GET /images/shim.gif HTTP/1.0" 200 43 "http://www.antlr.org/article/1055550418982/building.dev.tools.html" "Mozilla/4.76 [en] (X11; U; Linux 2.4.2-2 i686; Nav)"
203.199.51.149 - - [02/Sep/2003:00:36:39 -0700] "GET /article/1055550418982/building.dev.tools.html HTTP/1.0" 200 37518 "http://www.google.co.in/search?q=yacc+table+using+awk&ie=ISO-8859-1&hl=en&meta=" "Mozilla/4.76 [en] (X11; U; Linux 2.4.2-2 i686; Nav)"
203.199.51.149 - - [02/Sep/2003:00:36:40 -0700] "GET /images/button-download.gif HTTP/1.0" 200 733 "http://www.antlr.org/article/1055550418982/building.dev.tools.html" "Mozilla/4.76 [en] (X11; U; Linux 2.4.2-2 i686; Nav)"
203.199.51.149 - - [02/Sep/2003:00:36:41 -0700] "GET /images/search.gif HTTP/1.0" 200 299 "http://www.antlr.org/article/1055550418982/building.dev.tools.html" "Mozilla/4.76 [en] (X11; U; Linux 2.4.2-2 i686; Nav)"
203.199.51.149 - - [02/Sep/2003:00:36:41 -0700] "GET /images/search-go.gif HTTP/1.0" 200 266 "http://www.antlr.org/article/1055550418982/building.dev.tools.html" "Mozilla/4.76 [en] (X11; U; Linux 2.4.2-2 i686; Nav)"
202.68.142.226 - - [02/Sep/2003:00:36:42 -0700] "GET /logo.gif HTTP/1.0" 200 6455 "http://www.antlr.org/article/1055550418982/building.dev.tools.html" "Mozilla/4.76 [en] (X11; U; Linux 2.4.2-2 i686; Nav)"
202.68.142.226 - - [02/Sep/2003:00:36:45 -0700] "GET /images/head-shim.gif HTTP/1.0" 304 - "http://www.antlr.org/article/1055550418982/building.dev.tools.html" "Mozilla/4.76 [en] (X11; U; Linux 2.4.2-2 i686; Nav)"
218.80.51.37 - - [02/Sep/2003:00:37:01 -0700] "GET / HTTP/1.1" 200 11690 "-" "Mozilla/4.0 (compatible; MSIE 6.0; Windows NT 5.0)"
202.68.142.226 - - [02/Sep/2003:00:37:15 -0700] "GET /grammar/list HTTP/1.0" 200 15685 "http://www.antlr.org/article/1055550418982/building.dev.tools.html" "Mozilla/4.76 [en] (X11; U; Linux 2.4.2-2 i686; Nav)"
203.199.51.149 - - [02/Sep/2003:00:37:15 -0700] "GET /images/button-add-grammar.gif HTTP/1.0" 200 664 "http://www.antlr.org/grammar/list" "Mozilla/4.76 [en] (X11; U; Linux 2.4.2-2 i686; Nav)"
219.150.172.3 - - [02/Sep/2003:00:37:17 -0700] "GET /resources.html HTTP/1.0" 302 144 "-" "Mozilla/4.0 (compatible; MSIE 5.01; Windows NT 5.0)"
219.150.172.3 - - [02/Sep/2003:00:37:18 -0700] "GET /error.jsp?msg=Problems+extracting+content%2Ftitle+from+file+%2Fresources.html%3A+null HTTP/1.0" 200 6466 "-" "Mozilla/4.0 (compatible; MSIE 5.01; Windows NT 5.0)"
219.150.172.3 - - [02/Sep/2003:00:37:29 -0700] "GET /resources.html HTTP/1.0" 302 144 "http://www.antlr.org/doc/getting-started.html" "Mozilla/4.0 (compatible; MSIE 5.01; Windows NT 5.0)"
219.150.172.3 - - [02/Sep/2003:00:37:30 -0700] "GET /error.jsp?msg=Problems+extracting+content%2Ftitle+from+file+%2Fresources.html%3A+null HTTP/1.0" 200 6466 "http://www.antlr.org/doc/getting-started.html" "Mozilla/4.0 (compatible; MSIE 5.01; Windows NT 5.0)"
203.199.51.149 - - [02/Sep/2003:00:37:44 -0700] "GET /article/1055550418982/building.dev.tools.html HTTP/1.0" 200 37518 "http://www.google.co.in/search?q=yacc+table+using+awk&ie=ISO-8859-1&hl=en&meta=" "Mozilla/4.76 [en] (X11; U; Linux 2.4.2-2 i686; Nav)"
203.199.51.149 - - [02/Sep/2003:00:37:44 -0700] "GET /logo.gif HTTP/1.0" 200 6455 "http://www.antlr.org/article/1055550418982/building.dev.tools.html" "Mozilla/4.76 [en] (X11; U; Linux 2.4.2-2 i686; Nav)"
164.78.252.56 - - [02/Sep/2003:00:38:05 -0700] "GET /javadoc/antlr/collections/impl/Vector.html HTTP/1.0" 200 15530 "http://www.google.com.sg/search?q=java+vector&hl=en&lr=&ie=UTF-8&oe=UTF-8&start=20&sa=N" "Mozilla/4.0 (compatible; MSIE 6.0; Windows NT 5.0)"
164.78.252.56 - - [02/Sep/2003:00:38:05 -0700] "GET /images/shim.gif HTTP/1.0" 200 43 "http://www.antlr.org/javadoc/antlr/collections/impl/Vector.html" "Mozilla/4.0 (compatible; MSIE 6.0; Windows NT 5.0)"
164.78.252.56 - - [02/Sep/2003:00:38:05 -0700] "GET /images/logo-head.gif HTTP/1.0" 200 4098 "http://www.antlr.org/javadoc/antlr/collections/impl/Vector.html" "Mozilla/4.0 (compatible; MSIE 6.0; Windows NT 5.0)"
164.78.252.56 - - [02/Sep/2003:00:38:05 -0700] "GET /images/head-shim.gif HTTP/1.0" 200 158 "http://www.antlr.org/javadoc/antlr/collections/impl/Vector.html" "Mozilla/4.0 (compatible; MSIE 6.0; Windows NT 5.0)"
164.78.252.56 - - [02/Sep/2003:00:38:05 -0700] "GET /images/button-download.gif HTTP/1.0" 200 733 "http://www.antlr.org/javadoc/antlr/collections/impl/Vector.html" "Mozilla/4.0 (compatible; MSIE 6.0; Windows NT 5.0)"
164.78.252.56 - - [02/Sep/2003:00:38:05 -0700] "GET /images/search.gif HTTP/1.0" 200 299 "http://www.antlr.org/javadoc/antlr/collections/impl/Vector.html" "Mozilla/4.0 (compatible; MSIE 6.0; Windows NT 5.0)"
164.78.252.56 - - [02/Sep/2003:00:38:05 -0700] "GET /images/search-go.gif HTTP/1.0" 200 266 "http://www.antlr.org/javadoc/antlr/collections/impl/Vector.html" "Mozilla/4.0 (compatible; MSIE 6.0; Windows NT 5.0)"
219.133.0.1 - - [02/Sep/2003:00:38:21 -0700] "GET /images/head-shim.gif HTTP/1.0" 200 158 "http://www.antlr.org/" "Mozilla/4.0 (compatible; MSIE 5.01; Windows 98)"
219.133.0.1 - - [02/Sep/2003:00:38:21 -0700] "GET /images/shim.gif HTTP/1.0" 200 43 "http://www.antlr.org/" "Mozilla/4.0 (compatible; MSIE 5.01; Windows 98)"
219.133.0.1 - - [02/Sep/2003:00:38:21 -0700] "GET /images/logo-head.gif HTTP/1.0" 200 4098 "http://www.antlr.org/" "Mozilla/4.0 (compatible; MSIE 5.01; Windows 98)"
219.133.0.1 - - [02/Sep/2003:00:38:21 -0700] "GET / HTTP/1.0" 200 11690 "-" "Mozilla/4.0 (compatible; MSIE 5.01; Windows 98)"
219.133.0.1 - - [02/Sep/2003:00:38:22 -0700] "GET /images/search.gif HTTP/1.0" 200 299 "http://www.antlr.org/" "Mozilla/4.0 (compatible; MSIE 5.01; Windows 98)"
219.133.0.1 - - [02/Sep/2003:00:38:22 -0700] "GET /images/button-download.gif HTTP/1.0" 200 733 "http://www.antlr.org/" "Mozilla/4.0 (compatible; MSIE 5.01; Windows 98)"
219.133.0.1 - - [02/Sep/2003:00:38:22 -0700] "GET /images/parr-head.jpg HTTP/1.0" 200 3582 "http://www.antlr.org/" "Mozilla/4.0 (compatible; MSIE 5.01; Windows 98)"
219.133.0.1 - - [02/Sep/2003:00:38:22 -0700] "GET /images/search-go.gif HTTP/1.0" 200 266 "http://www.antlr.org/" "Mozilla/4.0 (compatible; MSIE 5.01; Windows 98)"
213.41.80.50 - - [02/Sep/2003:00:38:32 -0700] "GET / HTTP/1.1" 200 11690 "http://www.google.fr/search?as_q=antlr&num=10&hl=fr&ie=ISO-8859-1&btnG=Recherche+Google&as_epq=&as_oq=&as_eq=&lr=&as_ft=i&as_filetype=&as_qdr=all&as_occt=any&as_dt=i&as_sitesearch=" "Mozilla/4.0 (compatible; MSIE 6.0; Windows NT 5.1) Opera 7.11  [en]"
213.41.80.50 - - [02/Sep/2003:00:38:33 -0700] "GET /images/button-download.gif HTTP/1.1" 200 733 "http://www.antlr.org/" "Mozilla/4.0 (compatible; MSIE 6.0; Windows NT 5.1) Opera 7.11  [en]"
213.41.80.50 - - [02/Sep/2003:00:38:33 -0700] "GET /images/shim.gif HTTP/1.1" 200 43 "http://www.antlr.org/" "Mozilla/4.0 (compatible; MSIE 6.0; Windows NT 5.1) Opera 7.11  [en]"
213.41.80.50 - - [02/Sep/2003:00:38:33 -0700] "GET /images/logo-head.gif HTTP/1.1" 200 4098 "http://www.antlr.org/" "Mozilla/4.0 (compatible; MSIE 6.0; Windows NT 5.1) Opera 7.11  [en]"
213.41.80.50 - - [02/Sep/2003:00:38:33 -0700] "GET /images/head-shim.gif HTTP/1.1" 200 158 "http://www.antlr.org/" "Mozilla/4.0 (compatible; MSIE 6.0; Windows NT 5.1) Opera 7.11  [en]"
213.41.80.50 - - [02/Sep/2003:00:38:33 -0700] "GET /images/parr-head.jpg HTTP/1.1" 200 3582 "http://www.antlr.org/" "Mozilla/4.0 (compatible; MSIE 6.0; Windows NT 5.1) Opera 7.11  [en]"
213.41.80.50 - - [02/Sep/2003:00:38:33 -0700] "GET /images/parr-head.jpg HTTP/1.1" 200 3582 "http://www.antlr.org/" "Mozilla/4.0 (compatible; MSIE 6.0; Windows NT 5.1) Opera 7.11  [en]"
213.41.80.50 - - [02/Sep/2003:00:38:33 -0700] "GET /images/search.gif HTTP/1.1" 200 299 "http://www.antlr.org/" "Mozilla/4.0 (compatible; MSIE 6.0; Windows NT 5.1) Opera 7.11  [en]"
213.41.80.50 - - [02/Sep/2003:00:38:33 -0700] "GET /images/search-go.gif HTTP/1.1" 200 266 "http://www.antlr.org/" "Mozilla/4.0 (compatible; MSIE 6.0; Windows NT 5.1) Opera 7.11  [en]"
213.41.80.50 - - [02/Sep/2003:00:38:40 -0700] "POST /search/results HTTP/1.1" 302 73 "http://www.antlr.org/" "Mozilla/4.0 (compatible; MSIE 6.0; Windows NT 5.1) Opera 7.11  [en]"
213.41.80.50 - - [02/Sep/2003:00:38:40 -0700] "GET /search/results HTTP/1.1" 200 7765 "http://www.antlr.org/" "Mozilla/4.0 (compatible; MSIE 6.0; Windows NT 5.1) Opera 7.11  [en]"
164.78.252.56 - - [02/Sep/2003:00:38:50 -0700] "GET / HTTP/1.0" 200 11690 "http://www.antlr.org/javadoc/antlr/collections/impl/Vector.html" "Mozilla/4.0 (compatible; MSIE 6.0; Windows NT 5.0)"
213.41.80.50 - - [02/Sep/2003:00:38:51 -0700] "GET /grammar/list HTTP/1.1" 200 15685 "http://www.antlr.org/search/results" "Mozilla/4.0 (compatible; MSIE 6.0; Windows NT 5.1) Opera 7.11  [en]"
164.78.252.56 - - [02/Sep/2003:00:38:51 -0700] "GET /images/parr-head.jpg HTTP/1.0" 200 3582 "http://www.antlr.org/" "Mozilla/4.0 (compatible; MSIE 6.0; Windows NT 5.0)"
213.41.80.50 - - [02/Sep/2003:00:38:51 -0700] "GET /images/button-add-grammar.gif HTTP/1.1" 200 664 "http://www.antlr.org/grammar/list" "Mozilla/4.0 (compatible; MSIE 6.0; Windows NT 5.1) Opera 7.11  [en]"
218.80.51.37 - - [02/Sep/2003:00:39:01 -0700] "GET /doc/index.html HTTP/1.1" 200 26469 "http://www.antlr.org/download.html" "Mozilla/4.0 (compatible; MSIE 6.0; Windows NT 5.0)"
213.41.80.50 - - [02/Sep/2003:00:39:24 -0700] "GET /grammar/HTML HTTP/1.1" 200 7830 "http://www.antlr.org/grammar/list" "Mozilla/4.0 (compatible; MSIE 6.0; Windows NT 5.1) Opera 7.11  [en]"
