212.157.192.194 - - [02/Sep/2003:03:41:30 -0700] "GET /images/button-testimonial.gif HTTP/1.0" 200 701 "http://www.antlr.org/testimonial/list" "Mozilla/5.0 (Windows; U; Windows NT 5.1; en-US; rv:1.4) Gecko/20030624"
212.157.192.194 - - [02/Sep/2003:03:42:19 -0700] "GET /doc/getting-started.html HTTP/1.0" 200 11326 "http://www.antlr.org/showcase/list" "Mozilla/5.0 (Windows; U; Windows NT 5.1; en-US; rv:1.4) Gecko/20030624"
212.157.192.194 - - [02/Sep/2003:03:42:29 -0700] "GET /license.html HTTP/1.0" 200 9083 "http://www.antlr.org/doc/getting-started.html" "Mozilla/5.0 (Windows; U; Windows NT 5.1; en-US; rv:1.4) Gecko/20030624"
212.157.192.194 - - [02/Sep/2003:03:42:30 -0700] "GET /images/antlr-link.gif HTTP/1.0" 200 1372 "http://www.antlr.org/license.html" "Mozilla/5.0 (Windows; U; Windows NT 5.1; en-US; rv:1.4) Gecko/20030624"
212.157.192.194 - - [02/Sep/2003:03:42:39 -0700] "GET /doc/index.html HTTP/1.0" 200 26469 "http://www.antlr.org/doc/getting-started.html" "Mozilla/5.0 (Windows; U; Windows NT 5.1; en-US; rv:1.4) Gecko/20030624"
212.157.192.194 - - [02/Sep/2003:03:42:54 -0700] "GET /doc/lexer.html HTTP/1.0" 200 83864 "http://www.antlr.org/doc/index.html" "Mozilla/5.0 (Windows; U; Windows NT 5.1; en-US; rv:1.4) Gecko/20030624"
212.157.192.194 - - [02/Sep/2003:03:43:25 -0700] "GET /doc/metalang.html HTTP/1.0" 200 52606 "http://www.antlr.org/doc/index.html" "Mozilla/5.0 (Windows; U; Windows NT 5.1; en-US; rv:1.4) Gecko/20030624"
212.157.192.194 - - [02/Sep/2003:03:43:25 -0700] "GET /doc/subrule.gif HTTP/1.0" 200 1887 "http://www.antlr.org/doc/metalang.html" "Mozilla/5.0 (Windows; U; Windows NT 5.1; en-US; rv:1.4) Gecko/20030624"
212.157.192.194 - - [02/Sep/2003:03:43:25 -0700] "GET /doc/optional.gif HTTP/1.0" 200 2018 "http://www.antlr.org/doc/metalang.html" "Mozilla/5.0 (Windows; U; Windows NT 5.1; en-US; rv:1.4) Gecko/20030624"
212.157.192.194 - - [02/Sep/2003:03:43:25 -0700] "GET /doc/closure.gif HTTP/1.0" 200 2166 "http://www.antlr.org/doc/metalang.html" "Mozilla/5.0 (Windows; U; Windows NT 5.1; en-US; rv:1.4) Gecko/20030624"
212.157.192.194 - - [02/Sep/2003:03:43:25 -0700] "GET /doc/posclosure.gif HTTP/1.0" 200 2031 "http://www.antlr.org/doc/metalang.html" "Mozilla/5.0 (Windows; U; Windows NT 5.1; en-US; rv:1.4) Gecko/20030624"
212.157.192.194 - - [02/Sep/2003:03:44:03 -0700] "GET /doc/lexer.html HTTP/1.0" 200 83864 "http://www.antlr.org/doc/index.html" "Mozilla/5.0 (Windows; U; Windows NT 5.1; en-US; rv:1.4) Gecko/20030624"
144.32.160.61 - - [02/Sep/2003:03:44:21 -0700] "GET /images/head-shim.gif HTTP/1.1" 200 158 "-" "Mozilla/5.0 (Windows; U; Windows NT 5.1; en-US; rv:1.0.1) Gecko/20020823 Netscape/7.0"
217.162.181.154 - - [02/Sep/2003:03:44:51 -0700] "GET / HTTP/1.1" 200 11690 "-" "Mozilla/5.0 (Windows; U; Windows NT 5.0; en-US; rv:1.4) Gecko/20030624"
217.162.181.154 - - [02/Sep/2003:03:44:51 -0700] "GET /images/shim.gif HTTP/1.1" 200 43 "http://antlr.org/" "Mozilla/5.0 (Windows; U; Windows NT 5.0; en-US; rv:1.4) Gecko/20030624"
217.162.181.154 - - [02/Sep/2003:03:44:51 -0700] "GET /images/logo-head.gif HTTP/1.1" 200 4098 "http://antlr.org/" "Mozilla/5.0 (Windows; U; Windows NT 5.0; en-US; rv:1.4) Gecko/20030624"
217.162.181.154 - - [02/Sep/2003:03:44:51 -0700] "GET /images/button-download.gif HTTP/1.1" 200 733 "http://antlr.org/" "Mozilla/5.0 (Windows; U; Windows NT 5.0; en-US; rv:1.4) Gecko/20030624"
217.162.181.154 - - [02/Sep/2003:03:44:51 -0700] "GET /images/search.gif HTTP/1.1" 200 299 "http://antlr.org/" "Mozilla/5.0 (Windows; U; Windows NT 5.0; en-US; rv:1.4) Gecko/20030624"
217.162.181.154 - - [02/Sep/2003:03:44:51 -0700] "GET /images/parr-head.jpg HTTP/1.1" 200 3582 "http://antlr.org/" "Mozilla/5.0 (Windows; U; Windows NT 5.0; en-US; rv:1.4) Gecko/20030624"
217.162.181.154 - - [02/Sep/2003:03:44:52 -0700] "GET /images/search-go.gif HTTP/1.1" 200 266 "http://antlr.org/" "Mozilla/5.0 (Windows; U; Windows NT 5.0; en-US; rv:1.4) Gecko/20030624"
217.162.181.154 - - [02/Sep/2003:03:44:53 -0700] "GET /images/head-shim.gif HTTP/1.1" 200 158 "http://antlr.org/" "Mozilla/5.0 (Windows; U; Windows NT 5.0; en-US; rv:1.4) Gecko/20030624"
213.11.67.50 - - [02/Sep/2003:03:46:28 -0700] "GET /license.html HTTP/1.1" 200 9083 "http://www.antlr.org/doc/index.html" "Mozilla/4.0 (compatible; MSIE 6.0; Windows NT 5.0)"
81.80.88.226 - - [02/Sep/2003:03:46:29 -0700] "GET /images/antlr-link.gif HTTP/1.1" 304 - "http://www.antlr.org/license.html" "Mozilla/4.0 (compatible; MSIE 6.0; Windows NT 5.0)"
213.11.67.50 - - [02/Sep/2003:03:46:48 -0700] "GET /javadoc/overview-summary.html HTTP/1.1" 200 9784 "http://www.antlr.org/license.html" "Mozilla/4.0 (compatible; MSIE 6.0; Windows NT 5.0)"
213.11.67.50 - - [02/Sep/2003:03:46:51 -0700] "GET /share/list HTTP/1.1" 200 10783 "http://www.antlr.org/javadoc/overview-summary.html" "Mozilla/4.0 (compatible; MSIE 6.0; Windows NT 5.0)"
213.11.67.50 - - [02/Sep/2003:03:46:52 -0700] "GET /images/button-shared-resource.gif HTTP/1.1" 304 - "http://www.antlr.org/share/list" "Mozilla/4.0 (compatible; MSIE 6.0; Windows NT 5.0)"
81.80.88.225 - - [02/Sep/2003:03:47:03 -0700] "GET /doc/index.html HTTP/1.1" 200 26469 "http://www.antlr.org/share/list" "Mozilla/4.0 (compatible; MSIE 6.0; Windows NT 5.0)"
141.35.12.247 - - [02/Sep/2003:03:48:14 -0700] "GET /doc/options.html HTTP/1.1" 200 37045 "http://www.antlr.org/doc/metalang.html#_bb1" "Mozilla/5.0 (X11; U; Linux i686; en-US; rv:1.0.2) Gecko/20030716"
80.58.11.46 - - [02/Sep/2003:03:53:19 -0700] "GET /grammars/SQL/sql.g HTTP/1.0" 200 6465 "http://www.experts-exchange.com/Programming/Programming_Languages/Java/Q_20608849.html" "Mozilla/5.0 (Windows; U; Windows NT 5.1; en-US; rv:1.5a) Gecko/20030718"
80.58.11.46 - - [02/Sep/2003:03:53:20 -0700] "GET /images/shim.gif HTTP/1.0" 200 43 "http://www.antlr.org/grammars/SQL/sql.g" "Mozilla/5.0 (Windows; U; Windows NT 5.1; en-US; rv:1.5a) Gecko/20030718"
80.58.11.46 - - [02/Sep/2003:03:53:20 -0700] "GET /images/logo-head.gif HTTP/1.0" 200 4098 "http://www.antlr.org/grammars/SQL/sql.g" "Mozilla/5.0 (Windows; U; Windows NT 5.1; en-US; rv:1.5a) Gecko/20030718"
80.58.11.46 - - [02/Sep/2003:03:53:20 -0700] "GET /images/button-download.gif HTTP/1.0" 200 733 "http://www.antlr.org/grammars/SQL/sql.g" "Mozilla/5.0 (Windows; U; Windows NT 5.1; en-US; rv:1.5a) Gecko/20030718"
80.58.11.46 - - [02/Sep/2003:03:53:20 -0700] "GET /images/head-shim.gif HTTP/1.0" 200 158 "http://www.antlr.org/grammars/SQL/sql.g" "Mozilla/5.0 (Windows; U; Windows NT 5.1; en-US; rv:1.5a) Gecko/20030718"
62.89.69.60 - - [02/Sep/2003:03:54:39 -0700] "GET / HTTP/1.0" 200 11690 "http://www.yourek.org/parsery/parser_generators.html" "Mozilla/4.0 (compatible; MSIE 5.5; Windows NT 5.0)"
62.89.69.60 - - [02/Sep/2003:03:54:40 -0700] "GET /images/shim.gif HTTP/1.0" 200 43 "http://www.antlr.org/" "Mozilla/4.0 (compatible; MSIE 5.5; Windows NT 5.0)"
62.89.69.60 - - [02/Sep/2003:03:54:40 -0700] "GET /images/head-shim.gif HTTP/1.0" 200 158 "http://www.antlr.org/" "Mozilla/4.0 (compatible; MSIE 5.5; Windows NT 5.0)"
62.89.69.60 - - [02/Sep/2003:03:54:42 -0700] "GET /images/parr-head.jpg HTTP/1.0" 200 3582 "http://www.antlr.org/" "Mozilla/4.0 (compatible; MSIE 5.5; Windows NT 5.0)"
62.89.69.60 - - [02/Sep/2003:03:54:42 -0700] "GET /images/search.gif HTTP/1.0" 200 299 "http://www.antlr.org/" "Mozilla/4.0 (compatible; MSIE 5.5; Windows NT 5.0)"
62.89.69.60 - - [02/Sep/2003:03:54:44 -0700] "GET /images/search-go.gif HTTP/1.0" 200 266 "http://www.antlr.org/" "Mozilla/4.0 (compatible; MSIE 5.5; Windows NT 5.0)"
62.89.69.60 - - [02/Sep/2003:03:55:03 -0700] "GET /images/button-download.gif HTTP/1.0" 200 733 "http://www.antlr.org/" "Mozilla/4.0 (compatible; MSIE 5.5; Windows NT 5.0)"
220.240.3.30 - - [02/Sep/2003:03:55:05 -0700] "GET /buybook.html HTTP/1.0" 302 142 "http://www.nopayweb.com/computerbook/otherlan.shtml" "Mozilla/4.0 (compatible; MSIE 5.0; Windows 98)"
220.240.3.30 - - [02/Sep/2003:03:55:07 -0700] "GET /error.jsp?msg=Problems+extracting+content%2Ftitle+from+file+%2Fbuybook.html%3A+null HTTP/1.0" 200 6464 "http://www.nopayweb.com/computerbook/otherlan.shtml" "Mozilla/4.0 (compatible; MSIE 5.0; Windows 98)"
220.240.3.30 - - [02/Sep/2003:03:55:11 -0700] "GET /book/index.html HTTP/1.0" 200 9357 "http://www.nopayweb.com/computerbook/otherlan.shtml" "Mozilla/4.0 (compatible; MSIE 5.0; Windows 98)"
62.89.69.60 - - [02/Sep/2003:03:55:44 -0700] "GET /download.html HTTP/1.0" 200 9276 "http://www.antlr.org/" "Mozilla/4.0 (compatible; MSIE 5.5; Windows NT 5.0)"
62.89.69.60 - - [02/Sep/2003:03:55:46 -0700] "GET /images/logo-head.gif HTTP/1.0" 200 4098 "http://www.antlr.org/download.html" "Mozilla/4.0 (compatible; MSIE 5.5; Windows NT 5.0)"
213.146.200.79 - - [02/Sep/2003:03:58:04 -0700] "GET /bug/7.html HTTP/1.1" 302 142 "-" "Mozilla/4.0 (compatible; grub-client-1.4.3; Crawl your own stuff with http://grub.org)"
213.146.200.79 - - [02/Sep/2003:03:58:04 -0700] "GET /error.jsp?msg=Problems+extracting+content%2Ftitle+from+file+%2Fbug%2F7.html%3A+null HTTP/1.1" 200 6462 "-" "Mozilla/4.0 (compatible; grub-client-1.4.3; Crawl your own stuff with http://grub.org)"
220.73.165.213 - - [02/Sep/2003:03:58:59 -0700] "GET / HTTP/1.1" 200 11690 "-" "Mozilla/4.0 (compatible; MSIE 6.0; Windows NT 5.0)"
220.73.165.213 - - [02/Sep/2003:03:58:59 -0700] "GET /images/shim.gif HTTP/1.1" 304 - "http://www.antlr.org" "Mozilla/4.0 (compatible; MSIE 6.0; Windows NT 5.0)"
220.73.165.213 - - [02/Sep/2003:03:59:00 -0700] "GET /images/logo-head.gif HTTP/1.1" 304 - "http://www.antlr.org" "Mozilla/4.0 (compatible; MSIE 6.0; Windows NT 5.0)"
220.73.165.213 - - [02/Sep/2003:03:59:00 -0700] "GET /images/head-shim.gif HTTP/1.1" 304 - "http://www.antlr.org" "Mozilla/4.0 (compatible; MSIE 6.0; Windows NT 5.0)"
220.73.165.213 - - [02/Sep/2003:03:59:00 -0700] "GET /images/search.gif HTTP/1.1" 304 - "http://www.antlr.org" "Mozilla/4.0 (compatible; MSIE 6.0; Windows NT 5.0)"
220.73.165.213 - - [02/Sep/2003:03:59:00 -0700] "GET /images/search-go.gif HTTP/1.1" 304 - "http://www.antlr.org" "Mozilla/4.0 (compatible; MSIE 6.0; Windows NT 5.0)"
220.73.165.213 - - [02/Sep/2003:03:59:00 -0700] "GET /images/parr-head.jpg HTTP/1.1" 304 - "http://www.antlr.org" "Mozilla/4.0 (compatible; MSIE 6.0; Windows NT 5.0)"
220.73.165.213 - - [02/Sep/2003:03:59:01 -0700] "GET /images/button-download.gif HTTP/1.1" 304 - "http://www.antlr.org" "Mozilla/4.0 (compatible; MSIE 6.0; Windows NT 5.0)"
80.137.76.211 - - [02/Sep/2003:04:00:58 -0700] "GET / HTTP/1.0" 200 11690 "http://ant.apache.org/manual/cover.html" "Mozilla/4.0 (compatible; MSIE 6.0; Windows NT 5.0)"
80.137.76.211 - - [02/Sep/2003:04:01:06 -0700] "GET /download.html HTTP/1.0" 200 9276 "http://www.antlr.org/" "Mozilla/4.0 (compatible; MSIE 6.0; Windows NT 5.0)"
62.89.69.60 - - [02/Sep/2003:04:01:23 -0700] "GET / HTTP/1.0" 200 11690 "http://www.yourek.org/parsery/parser_generators.html" "Mozilla/4.0 (compatible; MSIE 5.5; Windows NT 5.0)"
62.89.69.60 - - [02/Sep/2003:04:01:35 -0700] "GET /download.html HTTP/1.0" 200 9276 "http://www.antlr.org/" "Mozilla/4.0 (compatible; MSIE 5.5; Windows NT 5.0)"
80.137.76.211 - - [02/Sep/2003:04:02:03 -0700] "GET / HTTP/1.0" 200 11690 "http://ant.apache.org/manual/cover.html" "Mozilla/4.0 (compatible; MSIE 6.0; Windows NT 5.0)"
213.78.109.185 - - [02/Sep/2003:04:02:19 -0700] "GET / HTTP/1.1" 200 11690 "-" "Mozilla/5.0 (X11; U; Linux i686; en-US; rv:1.2.1) Gecko/20030502 Debian/1.2.1-9woody3"
80.137.76.211 - - [02/Sep/2003:04:02:23 -0700] "GET /download/antlr-2.7.2.zip HTTP/1.0" 200 1943296 "http://www.antlr.org/download.html" "Mozilla/4.0 (compatible; MSIE 6.0; Windows NT 5.0)"
213.78.109.185 - - [02/Sep/2003:04:02:27 -0700] "GET /doc/getting-started.html HTTP/1.1" 200 11326 "http://www.antlr.org/" "Mozilla/5.0 (X11; U; Linux i686; en-US; rv:1.2.1) Gecko/20030502 Debian/1.2.1-9woody3"
62.89.69.60 - - [02/Sep/2003:04:02:57 -0700] "GET /grammar/list HTTP/1.0" 200 15685 "http://www.antlr.org/download.html" "Mozilla/4.0 (compatible; MSIE 5.5; Windows NT 5.0)"
217.70.98.93 - - [02/Sep/2003:04:02:58 -0700] "GET / HTTP/1.0" 200 11690 "-" "Mozilla/4.0 (compatible; MSIE 6.0; Windows NT 5.1; .NET CLR 1.0.3705; .NET CLR 1.1.4322)"
62.89.69.60 - - [02/Sep/2003:04:02:59 -0700] "GET /images/button-add-grammar.gif HTTP/1.0" 200 664 "http://www.antlr.org/grammar/list" "Mozilla/4.0 (compatible; MSIE 5.5; Windows NT 5.0)"
217.70.98.93 - - [02/Sep/2003:04:03:11 -0700] "GET /download.html HTTP/1.0" 200 9276 "http://www.antlr.org/" "Mozilla/4.0 (compatible; MSIE 6.0; Windows NT 5.1; .NET CLR 1.0.3705; .NET CLR 1.1.4322)"
62.104.157.85 - - [02/Sep/2003:04:03:16 -0700] "GET / HTTP/1.0" 200 11690 "http://compilers.iecc.com/comparch/article/98-06-086" "Mozilla/5.0 (Windows; U; Windows NT 5.0; en-US; rv:1.0.2) Gecko/20021120 Netscape/7.01"
62.104.157.85 - - [02/Sep/2003:04:03:16 -0700] "GET /favicon.ico HTTP/1.0" 404 173 "-" "Mozilla/5.0 (Windows; U; Windows NT 5.0; en-US; rv:1.0.2) Gecko/20021120 Netscape/7.01"
62.104.157.85 - - [02/Sep/2003:04:03:16 -0700] "GET /images/shim.gif HTTP/1.0" 200 43 "http://www.antlr.org/" "Mozilla/5.0 (Windows; U; Windows NT 5.0; en-US; rv:1.0.2) Gecko/20021120 Netscape/7.01"
62.104.157.85 - - [02/Sep/2003:04:03:16 -0700] "GET /images/logo-head.gif HTTP/1.0" 200 4098 "http://www.antlr.org/" "Mozilla/5.0 (Windows; U; Windows NT 5.0; en-US; rv:1.0.2) Gecko/20021120 Netscape/7.01"
62.104.157.85 - - [02/Sep/2003:04:03:16 -0700] "GET /images/button-download.gif HTTP/1.0" 200 733 "http://www.antlr.org/" "Mozilla/5.0 (Windows; U; Windows NT 5.0; en-US; rv:1.0.2) Gecko/20021120 Netscape/7.01"
62.104.157.85 - - [02/Sep/2003:04:03:16 -0700] "GET /images/parr-head.jpg HTTP/1.0" 200 3582 "http://www.antlr.org/" "Mozilla/5.0 (Windows; U; Windows NT 5.0; en-US; rv:1.0.2) Gecko/20021120 Netscape/7.01"
62.104.157.85 - - [02/Sep/2003:04:03:17 -0700] "GET /images/search-go.gif HTTP/1.0" 200 266 "http://www.antlr.org/" "Mozilla/5.0 (Windows; U; Windows NT 5.0; en-US; rv:1.0.2) Gecko/20021120 Netscape/7.01"
62.104.157.85 - - [02/Sep/2003:04:03:17 -0700] "GET /images/search.gif HTTP/1.0" 200 299 "http://www.antlr.org/" "Mozilla/5.0 (Windows; U; Windows NT 5.0; en-US; rv:1.0.2) Gecko/20021120 Netscape/7.01"
62.104.157.85 - - [02/Sep/2003:04:03:17 -0700] "GET /images/head-shim.gif HTTP/1.0" 200 158 "http://www.antlr.org/" "Mozilla/5.0 (Windows; U; Windows NT 5.0; en-US; rv:1.0.2) Gecko/20021120 Netscape/7.01"
62.89.69.60 - - [02/Sep/2003:04:03:23 -0700] "GET /about.html HTTP/1.0" 200 8707 "http://www.antlr.org/grammar/list" "Mozilla/4.0 (compatible; MSIE 5.5; Windows NT 5.0)"
62.89.69.60 - - [02/Sep/2003:04:03:51 -0700] "GET /why.html HTTP/1.0" 200 10713 "http://www.antlr.org/about.html" "Mozilla/4.0 (compatible; MSIE 5.5; Windows NT 5.0)"
62.89.69.60 - - [02/Sep/2003:04:03:56 -0700] "GET /download/antlr-2.7.2.zip HTTP/1.0" 200 1943296 "-" "Mozilla/4.0 (compatible; MSIE 5.5; Windows NT 5.0)"
210.59.144.149 - - [02/Sep/2003:04:04:05 -0700] "GET / HTTP/1.0" 200 11690 "-" "Openbot/3.0+(robot-response@openfind.com.tw;+http://www.openfind.com.tw/robot.html)"
62.89.69.60 - - [02/Sep/2003:04:04:12 -0700] "GET /license.html HTTP/1.0" 200 9083 "http://www.antlr.org/why.html" "Mozilla/4.0 (compatible; MSIE 5.5; Windows NT 5.0)"
62.89.69.60 - - [02/Sep/2003:04:04:19 -0700] "GET /images/antlr-link.gif HTTP/1.0" 200 1372 "http://www.antlr.org/license.html" "Mozilla/4.0 (compatible; MSIE 5.5; Windows NT 5.0)"
213.136.50.122 - - [02/Sep/2003:04:04:21 -0700] "GET /javadoc/antlr/debug/misc/JTreeASTModel.html HTTP/1.1" 200 16364 "http://www.google.com/search?hl=sv&ie=UTF-8&oe=UTF-8&q=%2Bjava.lang.Object+%2Bdownload&lr=" "Mozilla/4.0 (compatible; MSIE 6.0; Windows NT 5.0)"
213.136.50.122 - - [02/Sep/2003:04:04:21 -0700] "GET /images/shim.gif HTTP/1.1" 200 43 "http://www.antlr.org/javadoc/antlr/debug/misc/JTreeASTModel.html" "Mozilla/4.0 (compatible; MSIE 6.0; Windows NT 5.0)"
213.136.50.122 - - [02/Sep/2003:04:04:21 -0700] "GET /images/logo-head.gif HTTP/1.1" 200 4098 "http://www.antlr.org/javadoc/antlr/debug/misc/JTreeASTModel.html" "Mozilla/4.0 (compatible; MSIE 6.0; Windows NT 5.0)"
213.136.50.122 - - [02/Sep/2003:04:04:22 -0700] "GET /images/head-shim.gif HTTP/1.1" 200 158 "http://www.antlr.org/javadoc/antlr/debug/misc/JTreeASTModel.html" "Mozilla/4.0 (compatible; MSIE 6.0; Windows NT 5.0)"
213.136.50.122 - - [02/Sep/2003:04:04:22 -0700] "GET /images/button-download.gif HTTP/1.1" 200 733 "http://www.antlr.org/javadoc/antlr/debug/misc/JTreeASTModel.html" "Mozilla/4.0 (compatible; MSIE 6.0; Windows NT 5.0)"
213.136.50.122 - - [02/Sep/2003:04:04:22 -0700] "GET /images/search.gif HTTP/1.1" 200 299 "http://www.antlr.org/javadoc/antlr/debug/misc/JTreeASTModel.html" "Mozilla/4.0 (compatible; MSIE 6.0; Windows NT 5.0)"
213.136.50.122 - - [02/Sep/2003:04:04:22 -0700] "GET /images/search-go.gif HTTP/1.1" 200 266 "http://www.antlr.org/javadoc/antlr/debug/misc/JTreeASTModel.html" "Mozilla/4.0 (compatible; MSIE 6.0; Windows NT 5.0)"
217.70.98.93 - - [02/Sep/2003:04:04:43 -0700] "GET /download/antlr-2.7.2.zip HTTP/1.0" 200 212992 "http://gw.megasignal.com" "Mozilla/4.0 (compatible; MSIE 4.01; Windows 95; Alligator 1.22)"
213.78.109.185 - - [02/Sep/2003:04:05:18 -0700] "GET /doc/index.html HTTP/1.1" 200 26469 "http://www.antlr.org/" "Mozilla/5.0 (X11; U; Linux i686; en-US; rv:1.2.1) Gecko/20030502 Debian/1.2.1-9woody3"
213.78.109.185 - - [02/Sep/2003:04:06:07 -0700] "GET /doc/antlr272release.html HTTP/1.1" 200 29232 "http://www.antlr.org/doc/index.html" "Mozilla/5.0 (X11; U; Linux i686; en-US; rv:1.2.1) Gecko/20030502 Debian/1.2.1-9woody3"
216.88.158.142 - - [02/Sep/2003:04:06:19 -0700] "GET /fieldguide/symbdiff/symbdiff2.html HTTP/1.1" 302 168 "-" "Mozilla/4.0 compatible ZyBorg/1.0 DLC (wn.zyborg@looksmart.net; http://www.WISEnutbot.com)"
130.239.30.142 - - [02/Sep/2003:04:07:02 -0700] "GET /doc/lexer.html HTTP/1.1" 200 83864 "http://www.antlr.org/doc/metalang.html" "Mozilla/4.0 (compatible; MSIE 6.0; Windows NT 5.0; .NET CLR 1.1.4322)"
130.239.30.142 - - [02/Sep/2003:04:07:07 -0700] "GET /doc/metalang.html HTTP/1.1" 200 52606 "http://www.antlr.org/doc/index.html" "Mozilla/4.0 (compatible; MSIE 6.0; Windows NT 5.0; .NET CLR 1.1.4322)"
216.88.158.142 - - [02/Sep/2003:04:08:23 -0700] "GET /error.jsp?msg=Problems+extracting+content%2Ftitle+from+file+%2Ffieldguide%2Fsymbdiff%2Fsymbdiff2.html%3A+null HTTP/1.1" 200 6486 "-" "Mozilla/4.0 compatible ZyBorg/1.0 DLC (wn.zyborg@looksmart.net; http://www.WISEnutbot.com)"
213.78.109.185 - - [02/Sep/2003:04:10:20 -0700] "GET /doc/metalang.html HTTP/1.1" 200 40960 "http://www.antlr.org/doc/index.html" "Mozilla/5.0 (X11; U; Linux i686; en-US; rv:1.2.1) Gecko/20030502 Debian/1.2.1-9woody3"
213.78.109.185 - - [02/Sep/2003:04:10:22 -0700] "GET / HTTP/1.1" 200 11690 "http://www.antlr.org/doc/metalang.html#_bb1" "Mozilla/5.0 (X11; U; Linux i686; en-US; rv:1.2.1) Gecko/20030502 Debian/1.2.1-9woody3"
213.78.109.185 - - [02/Sep/2003:04:10:30 -0700] "GET /doc/index.html HTTP/1.1" 200 26469 "http://www.antlr.org/" "Mozilla/5.0 (X11; U; Linux i686; en-US; rv:1.2.1) Gecko/20030502 Debian/1.2.1-9woody3"
213.78.109.185 - - [02/Sep/2003:04:10:47 -0700] "GET /doc/metalang.html HTTP/1.1" 200 52606 "http://www.antlr.org/doc/index.html" "Mozilla/5.0 (X11; U; Linux i686; en-US; rv:1.2.1) Gecko/20030502 Debian/1.2.1-9woody3"
213.78.109.185 - - [02/Sep/2003:04:11:10 -0700] "GET /doc/subrule.gif HTTP/1.1" 200 1887 "http://www.antlr.org/doc/metalang.html#_bb1" "Mozilla/5.0 (X11; U; Linux i686; en-US; rv:1.2.1) Gecko/20030502 Debian/1.2.1-9woody3"
213.78.109.185 - - [02/Sep/2003:04:11:11 -0700] "GET /doc/closure.gif HTTP/1.1" 200 2166 "http://www.antlr.org/doc/metalang.html#_bb1" "Mozilla/5.0 (X11; U; Linux i686; en-US; rv:1.2.1) Gecko/20030502 Debian/1.2.1-9woody3"
213.78.109.185 - - [02/Sep/2003:04:11:11 -0700] "GET /doc/optional.gif HTTP/1.1" 200 2018 "http://www.antlr.org/doc/metalang.html#_bb1" "Mozilla/5.0 (X11; U; Linux i686; en-US; rv:1.2.1) Gecko/20030502 Debian/1.2.1-9woody3"
213.78.109.185 - - [02/Sep/2003:04:11:12 -0700] "GET /doc/posclosure.gif HTTP/1.1" 200 2031 "http://www.antlr.org/doc/metalang.html#_bb1" "Mozilla/5.0 (X11; U; Linux i686; en-US; rv:1.2.1) Gecko/20030502 Debian/1.2.1-9woody3"
220.240.3.30 - - [02/Sep/2003:04:12:46 -0700] "GET /images/button-download.gif HTTP/1.0" 200 733 "http://www.antlr.org/error.jsp?msg=Problems+extracting+content%2Ftitle+from+file+%2Fbuybook.html%3A+null" "Mozilla/4.0 (compatible; MSIE 5.0; Windows 98)"
220.240.3.30 - - [02/Sep/2003:04:12:46 -0700] "GET /images/head-shim.gif HTTP/1.0" 200 158 "http://www.antlr.org/error.jsp?msg=Problems+extracting+content%2Ftitle+from+file+%2Fbuybook.html%3A+null" "Mozilla/4.0 (compatible; MSIE 5.0; Windows 98)"
220.240.3.30 - - [02/Sep/2003:04:12:46 -0700] "GET /images/logo-head.gif HTTP/1.0" 200 4098 "http://www.antlr.org/error.jsp?msg=Problems+extracting+content%2Ftitle+from+file+%2Fbuybook.html%3A+null" "Mozilla/4.0 (compatible; MSIE 5.0; Windows 98)"
220.240.3.30 - - [02/Sep/2003:04:12:46 -0700] "GET /images/shim.gif HTTP/1.0" 200 43 "http://www.antlr.org/error.jsp?msg=Problems+extracting+content%2Ftitle+from+file+%2Fbuybook.html%3A+null" "Mozilla/4.0 (compatible; MSIE 5.0; Windows 98)"
220.240.3.30 - - [02/Sep/2003:04:12:48 -0700] "GET /images/search.gif HTTP/1.0" 200 299 "http://www.antlr.org/book/index.html" "Mozilla/4.0 (compatible; MSIE 5.0; Windows 98)"
217.70.98.93 - - [02/Sep/2003:04:13:02 -0700] "GET /download/antlr-2.7.2.zip HTTP/1.0" 200 1943296 "http://gw.megasignal.com" "Mozilla/4.0 (compatible; MSIE 4.01; Windows 95; Alligator 1.22)"
62.89.69.60 - - [02/Sep/2003:04:14:31 -0700] "GET /doc/index.html HTTP/1.0" 200 26469 "http://www.antlr.org/license.html" "Mozilla/4.0 (compatible; MSIE 5.5; Windows NT 5.0)"
62.89.69.60 - - [02/Sep/2003:04:14:45 -0700] "GET /doc/metalang.html HTTP/1.0" 200 52606 "http://www.antlr.org/doc/index.html" "Mozilla/4.0 (compatible; MSIE 5.5; Windows NT 5.0)"
62.89.69.60 - - [02/Sep/2003:04:14:50 -0700] "GET /doc/subrule.gif HTTP/1.0" 200 1887 "http://www.antlr.org/doc/metalang.html" "Mozilla/4.0 (compatible; MSIE 5.5; Windows NT 5.0)"
62.89.69.60 - - [02/Sep/2003:04:14:50 -0700] "GET /doc/closure.gif HTTP/1.0" 200 2166 "http://www.antlr.org/doc/metalang.html" "Mozilla/4.0 (compatible; MSIE 5.5; Windows NT 5.0)"
62.89.69.60 - - [02/Sep/2003:04:14:50 -0700] "GET /doc/posclosure.gif HTTP/1.0" 200 2031 "http://www.antlr.org/doc/metalang.html" "Mozilla/4.0 (compatible; MSIE 5.5; Windows NT 5.0)"
195.161.165.39 - - [02/Sep/2003:04:15:45 -0700] "GET / HTTP/1.1" 200 11690 "http://www.sai.msu.su/~megera/" "Mozilla/4.0 (compatible; MSIE 6.0; Windows NT 5.1)"
62.89.69.60 - - [02/Sep/2003:04:16:50 -0700] "GET /doc/optional.gif HTTP/1.0" 200 2018 "http://www.antlr.org/doc/metalang.html" "Mozilla/4.0 (compatible; MSIE 5.5; Windows NT 5.0)"
217.26.72.69 - - [02/Sep/2003:04:19:11 -0700] "GET /images/shim.gif HTTP/1.1" 304 - "http://www.antlr.org/" "Mozilla/4.0 (compatible; MSIE 6.0; Windows NT 5.0; .NET CLR 1.0.3705; .NET CLR 1.1.4322)"
217.26.72.69 - - [02/Sep/2003:04:19:12 -0700] "GET /images/logo-head.gif HTTP/1.1" 304 - "http://www.antlr.org/" "Mozilla/4.0 (compatible; MSIE 6.0; Windows NT 5.0; .NET CLR 1.0.3705; .NET CLR 1.1.4322)"
217.26.72.69 - - [02/Sep/2003:04:19:12 -0700] "GET / HTTP/1.1" 200 11690 "-" "Mozilla/4.0 (compatible; MSIE 6.0; Windows NT 5.0; .NET CLR 1.0.3705; .NET CLR 1.1.4322)"
217.26.72.69 - - [02/Sep/2003:04:19:14 -0700] "GET /images/button-download.gif HTTP/1.1" 304 - "http://www.antlr.org/" "Mozilla/4.0 (compatible; MSIE 6.0; Windows NT 5.0; .NET CLR 1.0.3705; .NET CLR 1.1.4322)"
217.26.72.69 - - [02/Sep/2003:04:19:14 -0700] "GET /images/parr-head.jpg HTTP/1.1" 304 - "http://www.antlr.org/" "Mozilla/4.0 (compatible; MSIE 6.0; Windows NT 5.0; .NET CLR 1.0.3705; .NET CLR 1.1.4322)"
217.26.72.69 - - [02/Sep/2003:04:19:15 -0700] "GET /images/head-shim.gif HTTP/1.1" 304 - "http://www.antlr.org/" "Mozilla/4.0 (compatible; MSIE 6.0; Windows NT 5.0; .NET CLR 1.0.3705; .NET CLR 1.1.4322)"
217.26.72.69 - - [02/Sep/2003:04:19:15 -0700] "GET /images/search.gif HTTP/1.1" 304 - "http://www.antlr.org/" "Mozilla/4.0 (compatible; MSIE 6.0; Windows NT 5.0; .NET CLR 1.0.3705; .NET CLR 1.1.4322)"
217.26.72.69 - - [02/Sep/2003:04:19:15 -0700] "GET /images/search-go.gif HTTP/1.1" 304 - "http://www.antlr.org/" "Mozilla/4.0 (compatible; MSIE 6.0; Windows NT 5.0; .NET CLR 1.0.3705; .NET CLR 1.1.4322)"
199.67.7.151 - - [02/Sep/2003:04:19:27 -0700] "GET /grammar/1060760563082/MS_SQL_SELECT.html HTTP/1.1" 302 174 "http://www.google.de/search?hl=de&ie=UTF-8&oe=UTF-8&q=sql+left+right+contains+where&btnG=Google+Suche&meta=" "Mozilla/4.0 (compatible; MSIE 6.0; Windows NT 5.0; T312461; AAFES)"
199.67.7.151 - - [02/Sep/2003:04:19:28 -0700] "GET /error.jsp?msg=Problems+extracting+content%2Ftitle+from+file+%2Fgrammar%2F1060760563082%2FMS_SQL_SELECT.html%3A+null HTTP/1.1" 200 6492 "http://www.google.de/search?hl=de&ie=UTF-8&oe=UTF-8&q=sql+left+right+contains+where&btnG=Google+Suche&meta=" "Mozilla/4.0 (compatible; MSIE 6.0; Windows NT 5.0; T312461; AAFES)"
199.67.7.151 - - [02/Sep/2003:04:19:29 -0700] "GET /images/shim.gif HTTP/1.1" 200 43 "http://www.antlr.org/error.jsp?msg=Problems+extracting+content%2Ftitle+from+file+%2Fgrammar%2F1060760563082%2FMS_SQL_SELECT.html%3A+null" "Mozilla/4.0 (compatible; MSIE 6.0; Windows NT 5.0; T312461; AAFES)"
199.67.7.151 - - [02/Sep/2003:04:19:29 -0700] "GET /images/logo-head.gif HTTP/1.1" 200 4098 "http://www.antlr.org/error.jsp?msg=Problems+extracting+content%2Ftitle+from+file+%2Fgrammar%2F1060760563082%2FMS_SQL_SELECT.html%3A+null" "Mozilla/4.0 (compatible; MSIE 6.0; Windows NT 5.0; T312461; AAFES)"
199.67.7.151 - - [02/Sep/2003:04:19:29 -0700] "GET /images/head-shim.gif HTTP/1.1" 200 158 "http://www.antlr.org/error.jsp?msg=Problems+extracting+content%2Ftitle+from+file+%2Fgrammar%2F1060760563082%2FMS_SQL_SELECT.html%3A+null" "Mozilla/4.0 (compatible; MSIE 6.0; Windows NT 5.0; T312461; AAFES)"
199.67.7.151 - - [02/Sep/2003:04:19:30 -0700] "GET /images/button-download.gif HTTP/1.1" 200 733 "http://www.antlr.org/error.jsp?msg=Problems+extracting+content%2Ftitle+from+file+%2Fgrammar%2F1060760563082%2FMS_SQL_SELECT.html%3A+null" "Mozilla/4.0 (compatible; MSIE 6.0; Windows NT 5.0; T312461; AAFES)"
216.39.50.145 - - [02/Sep/2003:04:19:56 -0700] "GET /robots.txt HTTP/1.0" 200 6457 "-" "Scooter/3.3_SF"
216.39.50.145 - - [02/Sep/2003:04:19:56 -0700] "GET /showcase.html HTTP/1.0" 302 143 "-" "Scooter/3.3_SF"
216.39.50.145 - - [02/Sep/2003:04:19:56 -0700] "GET /error.jsp?msg=Problems+extracting+content%2Ftitle+from+file+%2Fshowcase.html%3A+null HTTP/1.0" 200 6465 "http://www.antlr.org/showcase.html" "Scooter/3.3_SF"
193.249.244.85 - - [02/Sep/2003:04:22:28 -0700] "GET /testimonial/list HTTP/1.1" 200 12509 "-" "Mozilla/4.0 (compatible; MSIE 6.0; Windows NT 5.1; .NET CLR 1.0.3705)"
193.249.244.85 - - [02/Sep/2003:04:22:28 -0700] "GET /images/shim.gif HTTP/1.1" 200 43 "http://www.antlr.org/testimonial/list" "Mozilla/4.0 (compatible; MSIE 6.0; Windows NT 5.1; .NET CLR 1.0.3705)"
193.249.244.85 - - [02/Sep/2003:04:22:29 -0700] "GET /images/logo-head.gif HTTP/1.1" 200 4098 "http://www.antlr.org/testimonial/list" "Mozilla/4.0 (compatible; MSIE 6.0; Windows NT 5.1; .NET CLR 1.0.3705)"
193.249.244.85 - - [02/Sep/2003:04:22:29 -0700] "GET /images/button-download.gif HTTP/1.1" 200 733 "http://www.antlr.org/testimonial/list" "Mozilla/4.0 (compatible; MSIE 6.0; Windows NT 5.1; .NET CLR 1.0.3705)"
193.249.244.85 - - [02/Sep/2003:04:22:30 -0700] "GET /images/head-shim.gif HTTP/1.1" 200 158 "http://www.antlr.org/testimonial/list" "Mozilla/4.0 (compatible; MSIE 6.0; Windows NT 5.1; .NET CLR 1.0.3705)"
193.249.244.85 - - [02/Sep/2003:04:22:30 -0700] "GET /images/search.gif HTTP/1.1" 200 299 "http://www.antlr.org/testimonial/list" "Mozilla/4.0 (compatible; MSIE 6.0; Windows NT 5.1; .NET CLR 1.0.3705)"
193.249.244.85 - - [02/Sep/2003:04:22:31 -0700] "GET /images/search-go.gif HTTP/1.1" 200 266 "http://www.antlr.org/testimonial/list" "Mozilla/4.0 (compatible; MSIE 6.0; Windows NT 5.1; .NET CLR 1.0.3705)"
193.249.244.85 - - [02/Sep/2003:04:22:31 -0700] "GET /images/button-testimonial.gif HTTP/1.1" 200 701 "http://www.antlr.org/testimonial/list" "Mozilla/4.0 (compatible; MSIE 6.0; Windows NT 5.1; .NET CLR 1.0.3705)"
193.249.244.85 - - [02/Sep/2003:04:23:05 -0700] "GET /share/list HTTP/1.1" 200 10783 "-" "Mozilla/4.0 (compatible; MSIE 6.0; Windows NT 5.1; .NET CLR 1.0.3705)"
193.249.244.85 - - [02/Sep/2003:04:23:07 -0700] "GET /images/logo-head.gif HTTP/1.1" 304 - "http://www.antlr.org/share/list" "Mozilla/4.0 (compatible; MSIE 6.0; Windows NT 5.1; .NET CLR 1.0.3705)"
193.249.244.85 - - [02/Sep/2003:04:23:07 -0700] "GET /images/shim.gif HTTP/1.1" 304 - "http://www.antlr.org/share/list" "Mozilla/4.0 (compatible; MSIE 6.0; Windows NT 5.1; .NET CLR 1.0.3705)"
193.249.244.85 - - [02/Sep/2003:04:23:07 -0700] "GET /images/button-download.gif HTTP/1.1" 304 - "http://www.antlr.org/share/list" "Mozilla/4.0 (compatible; MSIE 6.0; Windows NT 5.1; .NET CLR 1.0.3705)"
193.249.244.85 - - [02/Sep/2003:04:23:07 -0700] "GET /images/head-shim.gif HTTP/1.1" 304 - "http://www.antlr.org/share/list" "Mozilla/4.0 (compatible; MSIE 6.0; Windows NT 5.1; .NET CLR 1.0.3705)"
193.249.244.85 - - [02/Sep/2003:04:23:07 -0700] "GET /images/search.gif HTTP/1.1" 304 - "http://www.antlr.org/share/list" "Mozilla/4.0 (compatible; MSIE 6.0; Windows NT 5.1; .NET CLR 1.0.3705)"
193.249.244.85 - - [02/Sep/2003:04:23:07 -0700] "GET /images/search-go.gif HTTP/1.1" 304 - "http://www.antlr.org/share/list" "Mozilla/4.0 (compatible; MSIE 6.0; Windows NT 5.1; .NET CLR 1.0.3705)"
193.249.244.85 - - [02/Sep/2003:04:23:08 -0700] "GET /images/button-shared-resource.gif HTTP/1.1" 200 853 "http://www.antlr.org/share/list" "Mozilla/4.0 (compatible; MSIE 6.0; Windows NT 5.1; .NET CLR 1.0.3705)"
159.149.157.151 - - [02/Sep/2003:04:23:55 -0700] "GET / HTTP/1.1" 200 11690 "http://javadude.com/vaj/resources/antlr-vaj/" "Mozilla/4.0 (compatible; MSIE 6.0; Windows NT 5.0; .NET CLR 1.0.3705)"
159.149.157.151 - - [02/Sep/2003:04:23:55 -0700] "GET /images/shim.gif HTTP/1.1" 304 - "http://www.antlr.org/" "Mozilla/4.0 (compatible; MSIE 6.0; Windows NT 5.0; .NET CLR 1.0.3705)"
159.149.157.151 - - [02/Sep/2003:04:23:56 -0700] "GET /images/logo-head.gif HTTP/1.1" 304 - "http://www.antlr.org/" "Mozilla/4.0 (compatible; MSIE 6.0; Windows NT 5.0; .NET CLR 1.0.3705)"
159.149.157.151 - - [02/Sep/2003:04:23:56 -0700] "GET /images/head-shim.gif HTTP/1.1" 304 - "http://www.antlr.org/" "Mozilla/4.0 (compatible; MSIE 6.0; Windows NT 5.0; .NET CLR 1.0.3705)"
159.149.157.151 - - [02/Sep/2003:04:23:56 -0700] "GET /images/button-download.gif HTTP/1.1" 304 - "http://www.antlr.org/" "Mozilla/4.0 (compatible; MSIE 6.0; Windows NT 5.0; .NET CLR 1.0.3705)"
159.149.157.151 - - [02/Sep/2003:04:23:57 -0700] "GET /images/search.gif HTTP/1.1" 304 - "http://www.antlr.org/" "Mozilla/4.0 (compatible; MSIE 6.0; Windows NT 5.0; .NET CLR 1.0.3705)"
159.149.157.151 - - [02/Sep/2003:04:23:58 -0700] "GET /images/search-go.gif HTTP/1.1" 304 - "http://www.antlr.org/" "Mozilla/4.0 (compatible; MSIE 6.0; Windows NT 5.0; .NET CLR 1.0.3705)"
159.149.157.151 - - [02/Sep/2003:04:24:00 -0700] "GET /images/parr-head.jpg HTTP/1.1" 304 - "http://www.antlr.org/" "Mozilla/4.0 (compatible; MSIE 6.0; Windows NT 5.0; .NET CLR 1.0.3705)"
159.149.157.151 - - [02/Sep/2003:04:24:24 -0700] "GET /favicon.ico HTTP/1.1" 404 1015 "-" "Mozilla/4.0 (compatible; MSIE 6.0; Windows NT 5.0; .NET CLR 1.0.3705)"
159.149.157.151 - - [02/Sep/2003:04:24:42 -0700] "GET /grammar/list HTTP/1.1" 200 15685 "http://www.antlr.org/" "Mozilla/4.0 (compatible; MSIE 6.0; Windows NT 5.0; .NET CLR 1.0.3705)"
159.149.157.151 - - [02/Sep/2003:04:24:44 -0700] "GET /images/button-add-grammar.gif HTTP/1.1" 200 664 "http://www.antlr.org/grammar/list" "Mozilla/4.0 (compatible; MSIE 6.0; Windows NT 5.0; .NET CLR 1.0.3705)"
217.80.163.135 - - [02/Sep/2003:04:24:48 -0700] "GET / HTTP/1.1" 200 11690 "-" "Mozilla/5.0 (Windows; U; Windows NT 5.0; en-US; rv:1.4b) Gecko/20030516 Mozilla Firebird/0.6"
217.80.163.135 - - [02/Sep/2003:04:24:48 -0700] "GET /images/shim.gif HTTP/1.1" 200 43 "http://www.antlr.org/" "Mozilla/5.0 (Windows; U; Windows NT 5.0; en-US; rv:1.4b) Gecko/20030516 Mozilla Firebird/0.6"
217.80.163.135 - - [02/Sep/2003:04:24:48 -0700] "GET /images/logo-head.gif HTTP/1.1" 200 4098 "http://www.antlr.org/" "Mozilla/5.0 (Windows; U; Windows NT 5.0; en-US; rv:1.4b) Gecko/20030516 Mozilla Firebird/0.6"
217.80.163.135 - - [02/Sep/2003:04:24:48 -0700] "GET /images/button-download.gif HTTP/1.1" 200 733 "http://www.antlr.org/" "Mozilla/5.0 (Windows; U; Windows NT 5.0; en-US; rv:1.4b) Gecko/20030516 Mozilla Firebird/0.6"
217.80.163.135 - - [02/Sep/2003:04:24:49 -0700] "GET /images/parr-head.jpg HTTP/1.1" 200 3582 "http://www.antlr.org/" "Mozilla/5.0 (Windows; U; Windows NT 5.0; en-US; rv:1.4b) Gecko/20030516 Mozilla Firebird/0.6"
217.80.163.135 - - [02/Sep/2003:04:24:49 -0700] "GET /favicon.ico HTTP/1.1" 404 173 "-" "Mozilla/5.0 (Windows; U; Windows NT 5.0; en-US; rv:1.4b) Gecko/20030516 Mozilla Firebird/0.6"
217.80.163.135 - - [02/Sep/2003:04:24:49 -0700] "GET /images/search.gif HTTP/1.1" 200 299 "http://www.antlr.org/" "Mozilla/5.0 (Windows; U; Windows NT 5.0; en-US; rv:1.4b) Gecko/20030516 Mozilla Firebird/0.6"
217.80.163.135 - - [02/Sep/2003:04:24:49 -0700] "GET /images/head-shim.gif HTTP/1.1" 200 158 "http://www.antlr.org/" "Mozilla/5.0 (Windows; U; Windows NT 5.0; en-US; rv:1.4b) Gecko/20030516 Mozilla Firebird/0.6"
217.80.163.135 - - [02/Sep/2003:04:24:49 -0700] "GET /images/search-go.gif HTTP/1.1" 200 266 "http://www.antlr.org/" "Mozilla/5.0 (Windows; U; Windows NT 5.0; en-US; rv:1.4b) Gecko/20030516 Mozilla Firebird/0.6"
217.80.163.135 - - [02/Sep/2003:04:25:04 -0700] "GET /download.html HTTP/1.1" 200 9276 "http://www.antlr.org/" "Mozilla/5.0 (Windows; U; Windows NT 5.0; en-US; rv:1.4b) Gecko/20030516 Mozilla Firebird/0.6"
159.149.157.151 - - [02/Sep/2003:04:25:06 -0700] "GET /doc/index.html HTTP/1.1" 200 26469 "http://www.antlr.org/grammar/list" "Mozilla/4.0 (compatible; MSIE 6.0; Windows NT 5.0; .NET CLR 1.0.3705)"
217.80.163.135 - - [02/Sep/2003:04:25:08 -0700] "HEAD /download/antlr-2.7.2.zip HTTP/1.1" 200 8192 "-" "Mozilla/5.0 (Windows; U; Windows NT 5.0; en-US; rv:1.4b) Gecko/20030516 Mozilla Firebird/0.6"
159.149.157.151 - - [02/Sep/2003:04:25:19 -0700] "GET /doc/csharp-runtime.html HTTP/1.1" 200 14148 "http://www.antlr.org/doc/index.html" "Mozilla/4.0 (compatible; MSIE 6.0; Windows NT 5.0; .NET CLR 1.0.3705)"
217.80.163.135 - - [02/Sep/2003:04:25:44 -0700] "GET /download/antlr-2.7.2.zip HTTP/1.1" 200 1943296 "-" "Mozilla/5.0 (Windows; U; Windows NT 5.0; en-US; rv:1.4b) Gecko/20030516 Mozilla Firebird/0.6"
159.149.157.151 - - [02/Sep/2003:04:26:34 -0700] "GET /javadoc/overview-summary.html HTTP/1.1" 200 9784 "http://www.antlr.org/doc/csharp-runtime.html" "Mozilla/4.0 (compatible; MSIE 6.0; Windows NT 5.0; .NET CLR 1.0.3705)"
159.149.157.151 - - [02/Sep/2003:04:26:40 -0700] "GET /javadoc/antlr/actions/csharp/package-summary.html HTTP/1.1" 200 8758 "http://www.antlr.org/javadoc/overview-summary.html" "Mozilla/4.0 (compatible; MSIE 6.0; Windows NT 5.0; .NET CLR 1.0.3705)"
159.149.157.151 - - [02/Sep/2003:04:26:55 -0700] "GET /download.html HTTP/1.1" 200 9276 "http://www.antlr.org/javadoc/antlr/actions/csharp/package-summary.html" "Mozilla/4.0 (compatible; MSIE 6.0; Windows NT 5.0; .NET CLR 1.0.3705)"
193.113.37.9 - - [02/Sep/2003:04:28:31 -0700] "GET /grammar/list HTTP/1.0" 200 15685 "http://www.antlr.org/doc/index.html" "Mozilla/4.0 (compatible; MSIE 6.0; Windows NT 5.0; Q312461; .NET CLR 1.0.3705; .NET CLR 1.1.4322)"
193.113.37.9 - - [02/Sep/2003:04:28:31 -0700] "GET /images/button-add-grammar.gif HTTP/1.0" 200 664 "http://www.antlr.org/grammar/list" "Mozilla/4.0 (compatible; MSIE 6.0; Windows NT 5.0; Q312461; .NET CLR 1.0.3705; .NET CLR 1.1.4322)"
146.72.57.254 - - [02/Sep/2003:04:28:42 -0700] "GET /grammar/1060760563082/MS_SQL_SELECT.html HTTP/1.1" 302 174 "http://www.google.com/search?sourceid=navclient&q=function+with+readpast" "Mozilla/4.0 (compatible; MSIE 6.0; Windows NT 5.0; .NET CLR 1.0.3705)"
146.72.57.254 - - [02/Sep/2003:04:28:43 -0700] "GET /error.jsp?msg=Problems+extracting+content%2Ftitle+from+file+%2Fgrammar%2F1060760563082%2FMS_SQL_SELECT.html%3A+null HTTP/1.1" 200 6492 "http://www.google.com/search?sourceid=navclient&q=function+with+readpast" "Mozilla/4.0 (compatible; MSIE 6.0; Windows NT 5.0; .NET CLR 1.0.3705)"
146.72.57.254 - - [02/Sep/2003:04:28:44 -0700] "GET /images/logo-head.gif HTTP/1.1" 200 4098 "http://www.antlr.org/error.jsp?msg=Problems+extracting+content%2Ftitle+from+file+%2Fgrammar%2F1060760563082%2FMS_SQL_SELECT.html%3A+null" "Mozilla/4.0 (compatible; MSIE 6.0; Windows NT 5.0; .NET CLR 1.0.3705)"
146.72.57.254 - - [02/Sep/2003:04:28:44 -0700] "GET /images/shim.gif HTTP/1.1" 200 43 "http://www.antlr.org/error.jsp?msg=Problems+extracting+content%2Ftitle+from+file+%2Fgrammar%2F1060760563082%2FMS_SQL_SELECT.html%3A+null" "Mozilla/4.0 (compatible; MSIE 6.0; Windows NT 5.0; .NET CLR 1.0.3705)"
159.149.157.151 - - [02/Sep/2003:04:28:45 -0700] "GET /download/antlr-2.7.2.zip HTTP/1.1" 200 1943296 "http://www.antlr.org/download.html" "Mozilla/4.0 (compatible; MSIE 6.0; Windows NT 5.0; .NET CLR 1.0.3705)"
146.72.57.254 - - [02/Sep/2003:04:28:45 -0700] "GET /images/head-shim.gif HTTP/1.1" 200 158 "http://www.antlr.org/error.jsp?msg=Problems+extracting+content%2Ftitle+from+file+%2Fgrammar%2F1060760563082%2FMS_SQL_SELECT.html%3A+null" "Mozilla/4.0 (compatible; MSIE 6.0; Windows NT 5.0; .NET CLR 1.0.3705)"
146.72.57.254 - - [02/Sep/2003:04:28:45 -0700] "GET /images/button-download.gif HTTP/1.1" 200 733 "http://www.antlr.org/error.jsp?msg=Problems+extracting+content%2Ftitle+from+file+%2Fgrammar%2F1060760563082%2FMS_SQL_SELECT.html%3A+null" "Mozilla/4.0 (compatible; MSIE 6.0; Windows NT 5.0; .NET CLR 1.0.3705)"
193.113.37.9 - - [02/Sep/2003:04:29:24 -0700] "GET /grammar/java HTTP/1.0" 200 8472 "http://www.antlr.org/grammar/list" "Mozilla/4.0 (compatible; MSIE 6.0; Windows NT 5.0; Q312461; .NET CLR 1.0.3705; .NET CLR 1.1.4322)"
193.113.37.9 - - [02/Sep/2003:04:29:31 -0700] "GET /grammar/java/java.g HTTP/1.0" 200 33216 "http://www.antlr.org/grammar/java" "Mozilla/4.0 (compatible; MSIE 6.0; Windows NT 5.0; Q312461; .NET CLR 1.0.3705; .NET CLR 1.1.4322)"
159.149.157.151 - - [02/Sep/2003:04:29:46 -0700] "GET /doc/getting-started.html HTTP/1.1" 200 11326 "http://www.antlr.org/download.html" "Mozilla/4.0 (compatible; MSIE 6.0; Windows NT 5.0; .NET CLR 1.0.3705)"
159.149.157.151 - - [02/Sep/2003:04:29:48 -0700] "GET /images/shim.gif HTTP/1.1" 304 - "http://www.antlr.org/doc/getting-started.html" "Mozilla/4.0 (compatible; MSIE 6.0; Windows NT 5.0; .NET CLR 1.0.3705)"
159.149.157.151 - - [02/Sep/2003:04:29:49 -0700] "GET /images/logo-head.gif HTTP/1.1" 304 - "http://www.antlr.org/doc/getting-started.html" "Mozilla/4.0 (compatible; MSIE 6.0; Windows NT 5.0; .NET CLR 1.0.3705)"
159.149.157.151 - - [02/Sep/2003:04:29:49 -0700] "GET /images/head-shim.gif HTTP/1.1" 304 - "http://www.antlr.org/doc/getting-started.html" "Mozilla/4.0 (compatible; MSIE 6.0; Windows NT 5.0; .NET CLR 1.0.3705)"
159.149.157.151 - - [02/Sep/2003:04:29:49 -0700] "GET /images/button-download.gif HTTP/1.1" 304 - "http://www.antlr.org/doc/getting-started.html" "Mozilla/4.0 (compatible; MSIE 6.0; Windows NT 5.0; .NET CLR 1.0.3705)"
193.249.246.247 - - [02/Sep/2003:04:29:50 -0700] "GET /share/list HTTP/1.1" 200 10783 "-" "Mozilla/4.0 (compatible; MSIE 6.0; Windows NT 5.1; .NET CLR 1.0.3705)"
159.149.157.151 - - [02/Sep/2003:04:29:50 -0700] "GET /images/search-go.gif HTTP/1.1" 304 - "http://www.antlr.org/doc/getting-started.html" "Mozilla/4.0 (compatible; MSIE 6.0; Windows NT 5.0; .NET CLR 1.0.3705)"
193.249.246.247 - - [02/Sep/2003:04:29:51 -0700] "GET /images/shim.gif HTTP/1.1" 304 - "http://www.antlr.org/share/list" "Mozilla/4.0 (compatible; MSIE 6.0; Windows NT 5.1; .NET CLR 1.0.3705)"
193.249.246.247 - - [02/Sep/2003:04:29:52 -0700] "GET /images/logo-head.gif HTTP/1.1" 304 - "http://www.antlr.org/share/list" "Mozilla/4.0 (compatible; MSIE 6.0; Windows NT 5.1; .NET CLR 1.0.3705)"
193.249.246.247 - - [02/Sep/2003:04:29:52 -0700] "GET /images/head-shim.gif HTTP/1.1" 304 - "http://www.antlr.org/share/list" "Mozilla/4.0 (compatible; MSIE 6.0; Windows NT 5.1; .NET CLR 1.0.3705)"
193.113.37.9 - - [02/Sep/2003:04:29:52 -0700] "GET /grammar/java/Main.java HTTP/1.0" 200 3315 "http://www.antlr.org/grammar/java" "Mozilla/4.0 (compatible; MSIE 6.0; Windows NT 5.0; Q312461; .NET CLR 1.0.3705; .NET CLR 1.1.4322)"
193.249.246.247 - - [02/Sep/2003:04:29:52 -0700] "GET /images/button-download.gif HTTP/1.1" 304 - "http://www.antlr.org/share/list" "Mozilla/4.0 (compatible; MSIE 6.0; Windows NT 5.1; .NET CLR 1.0.3705)"
193.249.246.247 - - [02/Sep/2003:04:29:52 -0700] "GET /images/search.gif HTTP/1.1" 304 - "http://www.antlr.org/share/list" "Mozilla/4.0 (compatible; MSIE 6.0; Windows NT 5.1; .NET CLR 1.0.3705)"
193.249.246.247 - - [02/Sep/2003:04:29:53 -0700] "GET /images/search-go.gif HTTP/1.1" 304 - "http://www.antlr.org/share/list" "Mozilla/4.0 (compatible; MSIE 6.0; Windows NT 5.1; .NET CLR 1.0.3705)"
193.249.246.247 - - [02/Sep/2003:04:29:53 -0700] "GET /images/button-shared-resource.gif HTTP/1.1" 304 - "http://www.antlr.org/share/list" "Mozilla/4.0 (compatible; MSIE 6.0; Windows NT 5.1; .NET CLR 1.0.3705)"
159.149.157.151 - - [02/Sep/2003:04:29:53 -0700] "GET /images/search.gif HTTP/1.1" 304 - "http://www.antlr.org/doc/getting-started.html" "Mozilla/4.0 (compatible; MSIE 6.0; Windows NT 5.0; .NET CLR 1.0.3705)"
141.44.29.32 - - [02/Sep/2003:04:30:00 -0700] "GET /images/shim.gif HTTP/1.1" 200 43 "http://www.antlr.org/doc/trees.html" "Mozilla/4.0 (compatible; MSIE 5.5; Windows NT 5.0)"
141.44.29.32 - - [02/Sep/2003:04:30:01 -0700] "GET /images/head-shim.gif HTTP/1.1" 200 158 "http://www.antlr.org/doc/trees.html" "Mozilla/4.0 (compatible; MSIE 5.5; Windows NT 5.0)"
141.44.29.32 - - [02/Sep/2003:04:30:01 -0700] "GET /images/logo-head.gif HTTP/1.1" 200 4098 "http://www.antlr.org/doc/trees.html" "Mozilla/4.0 (compatible; MSIE 5.5; Windows NT 5.0)"
141.44.29.32 - - [02/Sep/2003:04:30:02 -0700] "GET /doc/trees.html HTTP/1.1" 200 48468 "http://uk.search.yahoo.com/search/ukie?p=Tree+construction+in+Java" "Mozilla/4.0 (compatible; MSIE 5.5; Windows NT 5.0)"
141.44.29.32 - - [02/Sep/2003:04:30:03 -0700] "GET /images/button-download.gif HTTP/1.1" 200 733 "http://www.antlr.org/doc/trees.html" "Mozilla/4.0 (compatible; MSIE 5.5; Windows NT 5.0)"
141.44.29.32 - - [02/Sep/2003:04:30:03 -0700] "GET /images/search.gif HTTP/1.1" 200 299 "http://www.antlr.org/doc/trees.html" "Mozilla/4.0 (compatible; MSIE 5.5; Windows NT 5.0)"
141.44.29.32 - - [02/Sep/2003:04:30:04 -0700] "GET /images/search-go.gif HTTP/1.1" 200 266 "http://www.antlr.org/doc/trees.html" "Mozilla/4.0 (compatible; MSIE 5.5; Windows NT 5.0)"
193.113.37.9 - - [02/Sep/2003:04:30:05 -0700] "GET /doc/index.html HTTP/1.0" 200 26469 "http://www.antlr.org/grammar/list" "Mozilla/4.0 (compatible; MSIE 6.0; Windows NT 5.0; Q312461; .NET CLR 1.0.3705; .NET CLR 1.1.4322)"
193.249.246.247 - - [02/Sep/2003:04:30:08 -0700] "GET /news/list HTTP/1.1" 200 8648 "http://www.antlr.org/share/list" "Mozilla/4.0 (compatible; MSIE 6.0; Windows NT 5.1; .NET CLR 1.0.3705)"
193.113.37.9 - - [02/Sep/2003:04:30:14 -0700] "GET /share/list HTTP/1.0" 200 10783 "http://www.antlr.org/doc/index.html" "Mozilla/4.0 (compatible; MSIE 6.0; Windows NT 5.0; Q312461; .NET CLR 1.0.3705; .NET CLR 1.1.4322)"
212.157.192.194 - - [02/Sep/2003:04:30:14 -0700] "GET / HTTP/1.0" 200 11690 "-" "Mozilla/5.0 (Windows; U; Windows NT 5.1; en-US; rv:1.4) Gecko/20030612"
212.157.192.194 - - [02/Sep/2003:04:30:14 -0700] "GET /images/shim.gif HTTP/1.0" 304 - "http://www.antlr.org/" "Mozilla/5.0 (Windows; U; Windows NT 5.1; en-US; rv:1.4) Gecko/20030612"
212.157.192.194 - - [02/Sep/2003:04:30:14 -0700] "GET /images/logo-head.gif HTTP/1.0" 304 - "http://www.antlr.org/" "Mozilla/5.0 (Windows; U; Windows NT 5.1; en-US; rv:1.4) Gecko/20030612"
212.157.192.194 - - [02/Sep/2003:04:30:14 -0700] "GET /images/parr-head.jpg HTTP/1.0" 304 - "http://www.antlr.org/" "Mozilla/5.0 (Windows; U; Windows NT 5.1; en-US; rv:1.4) Gecko/20030612"
212.157.192.194 - - [02/Sep/2003:04:30:14 -0700] "GET /images/button-download.gif HTTP/1.0" 304 - "http://www.antlr.org/" "Mozilla/5.0 (Windows; U; Windows NT 5.1; en-US; rv:1.4) Gecko/20030612"
212.157.192.194 - - [02/Sep/2003:04:30:15 -0700] "GET /images/search.gif HTTP/1.0" 304 - "http://www.antlr.org/" "Mozilla/5.0 (Windows; U; Windows NT 5.1; en-US; rv:1.4) Gecko/20030612"
212.157.192.194 - - [02/Sep/2003:04:30:15 -0700] "GET /images/search-go.gif HTTP/1.0" 304 - "http://www.antlr.org/" "Mozilla/5.0 (Windows; U; Windows NT 5.1; en-US; rv:1.4) Gecko/20030612"
212.157.192.194 - - [02/Sep/2003:04:30:15 -0700] "GET /images/head-shim.gif HTTP/1.0" 304 - "http://www.antlr.org/" "Mozilla/5.0 (Windows; U; Windows NT 5.1; en-US; rv:1.4) Gecko/20030612"
193.113.37.9 - - [02/Sep/2003:04:30:15 -0700] "GET /images/button-shared-resource.gif HTTP/1.0" 200 853 "http://www.antlr.org/share/list" "Mozilla/4.0 (compatible; MSIE 6.0; Windows NT 5.0; Q312461; .NET CLR 1.0.3705; .NET CLR 1.1.4322)"
193.113.37.9 - - [02/Sep/2003:04:30:17 -0700] "GET /submit/edit?type=share HTTP/1.0" 200 9537 "http://www.antlr.org/share/list" "Mozilla/4.0 (compatible; MSIE 6.0; Windows NT 5.0; Q312461; .NET CLR 1.0.3705; .NET CLR 1.1.4322)"
193.113.37.9 - - [02/Sep/2003:04:30:18 -0700] "GET /images/button-submit.gif HTTP/1.0" 200 459 "http://www.antlr.org/submit/edit?type=share" "Mozilla/4.0 (compatible; MSIE 6.0; Windows NT 5.0; Q312461; .NET CLR 1.0.3705; .NET CLR 1.1.4322)"
193.113.37.9 - - [02/Sep/2003:04:30:18 -0700] "GET /images/button-cancel.gif HTTP/1.0" 200 466 "http://www.antlr.org/submit/edit?type=share" "Mozilla/4.0 (compatible; MSIE 6.0; Windows NT 5.0; Q312461; .NET CLR 1.0.3705; .NET CLR 1.1.4322)"
212.157.192.194 - - [02/Sep/2003:04:30:20 -0700] "GET /download.html HTTP/1.0" 200 9276 "http://www.antlr.org/" "Mozilla/5.0 (Windows; U; Windows NT 5.1; en-US; rv:1.4) Gecko/20030612"
193.113.37.9 - - [02/Sep/2003:04:30:37 -0700] "POST /search/results HTTP/1.0" 302 73 "http://www.antlr.org/share/list" "Mozilla/4.0 (compatible; MSIE 6.0; Windows NT 5.0; Q312461; .NET CLR 1.0.3705; .NET CLR 1.1.4322)"
193.113.37.9 - - [02/Sep/2003:04:30:38 -0700] "GET /search/results HTTP/1.0" 200 7765 "http://www.antlr.org/share/list" "Mozilla/4.0 (compatible; MSIE 6.0; Windows NT 5.0; Q312461; .NET CLR 1.0.3705; .NET CLR 1.1.4322)"
212.157.192.194 - - [02/Sep/2003:04:30:52 -0700] "GET /download/antlr-2.7.2.zip HTTP/1.0" 200 1943296 "http://www.antlr.org/download.html" "Mozilla/5.0 (Windows; U; Windows NT 5.1; en-US; rv:1.4) Gecko/20030612"
193.249.246.247 - - [02/Sep/2003:04:31:11 -0700] "GET /about.html HTTP/1.1" 200 8707 "http://www.antlr.org/news/list" "Mozilla/4.0 (compatible; MSIE 6.0; Windows NT 5.1; .NET CLR 1.0.3705)"
159.149.157.151 - - [02/Sep/2003:04:31:32 -0700] "GET /article/cutpaste/index.html HTTP/1.1" 200 10494 "http://www.antlr.org/doc/getting-started.html" "Mozilla/4.0 (compatible; MSIE 6.0; Windows NT 5.0; .NET CLR 1.0.3705)"
193.249.246.247 - - [02/Sep/2003:04:31:56 -0700] "GET /testimonial/list HTTP/1.1" 200 12509 "-" "Mozilla/4.0 (compatible; MSIE 6.0; Windows NT 5.1; .NET CLR 1.0.3705)"
193.249.246.247 - - [02/Sep/2003:04:31:57 -0700] "GET /images/button-testimonial.gif HTTP/1.1" 304 - "http://www.antlr.org/testimonial/list" "Mozilla/4.0 (compatible; MSIE 6.0; Windows NT 5.1; .NET CLR 1.0.3705)"
193.113.37.9 - - [02/Sep/2003:04:31:57 -0700] "GET /doc/streams.html HTTP/1.0" 200 37824 "http://www.jguru.com/faq/view.jsp?EID=93709" "Mozilla/4.0 (compatible; MSIE 6.0; Windows NT 5.0; Q312461; .NET CLR 1.0.3705; .NET CLR 1.1.4322)"
193.113.37.9 - - [02/Sep/2003:04:31:57 -0700] "GET /doc/lexer.to.parser.tokens.gif HTTP/1.0" 200 3585 "http://www.antlr.org/doc/streams.html" "Mozilla/4.0 (compatible; MSIE 6.0; Windows NT 5.0; Q312461; .NET CLR 1.0.3705; .NET CLR 1.1.4322)"
193.113.37.9 - - [02/Sep/2003:04:31:57 -0700] "GET /doc/stream.splitter.gif HTTP/1.0" 200 5527 "http://www.antlr.org/doc/streams.html" "Mozilla/4.0 (compatible; MSIE 6.0; Windows NT 5.0; Q312461; .NET CLR 1.0.3705; .NET CLR 1.1.4322)"
193.113.37.9 - - [02/Sep/2003:04:31:58 -0700] "GET /doc/hidden.stream.gif HTTP/1.0" 200 3667 "http://www.antlr.org/doc/streams.html" "Mozilla/4.0 (compatible; MSIE 6.0; Windows NT 5.0; Q312461; .NET CLR 1.0.3705; .NET CLR 1.1.4322)"
193.113.37.9 - - [02/Sep/2003:04:31:58 -0700] "GET /doc/stream.selector.gif HTTP/1.0" 200 5976 "http://www.antlr.org/doc/streams.html" "Mozilla/4.0 (compatible; MSIE 6.0; Windows NT 5.0; Q312461; .NET CLR 1.0.3705; .NET CLR 1.1.4322)"
193.113.37.9 - - [02/Sep/2003:04:31:58 -0700] "GET /doc/stream.perspectives.gif HTTP/1.0" 200 2679 "http://www.antlr.org/doc/streams.html" "Mozilla/4.0 (compatible; MSIE 6.0; Windows NT 5.0; Q312461; .NET CLR 1.0.3705; .NET CLR 1.1.4322)"
216.88.158.142 - - [02/Sep/2003:04:32:08 -0700] "GET /doc/csharp-runtime.html HTTP/1.1" 200 14148 "-" "Mozilla/4.0 compatible ZyBorg/1.0 DLC (wn.zyborg@looksmart.net; http://www.WISEnutbot.com)"
159.149.157.151 - - [02/Sep/2003:04:32:29 -0700] "GET /doc/getting-started.html HTTP/1.1" 200 11326 "http://www.antlr.org/article/cutpaste/index.html" "Mozilla/4.0 (compatible; MSIE 6.0; Windows NT 5.0; .NET CLR 1.0.3705)"
193.249.246.247 - - [02/Sep/2003:04:33:24 -0700] "GET /pccts133.html HTTP/1.1" 200 18035 "http://www.antlr.org/testimonial/list" "Mozilla/4.0 (compatible; MSIE 6.0; Windows NT 5.1; .NET CLR 1.0.3705)"
130.239.30.142 - - [02/Sep/2003:04:33:57 -0700] "GET /doc/index.html HTTP/1.1" 200 26469 "http://www.antlr.org/grammar/java" "Mozilla/4.0 (compatible; MSIE 6.0; Windows NT 5.0; .NET CLR 1.1.4322)"
130.239.30.142 - - [02/Sep/2003:04:34:04 -0700] "GET /doc/lexer.html HTTP/1.1" 200 83864 "http://www.antlr.org/doc/index.html" "Mozilla/4.0 (compatible; MSIE 6.0; Windows NT 5.0; .NET CLR 1.1.4322)"
