213.41.80.50 - - [02/Sep/2003:00:39:35 -0700] "GET /grammar/HTML/html.g HTTP/1.1" 200 14739 "-" "Mozilla/4.0 (compatible; MSIE 6.0; Windows NT 5.1) Opera 7.11  [en]"
218.80.51.37 - - [02/Sep/2003:00:39:37 -0700] "GET /doc/getting-started.html HTTP/1.1" 200 11326 "http://www.antlr.org/doc/index.html" "Mozilla/4.0 (compatible; MSIE 6.0; Windows NT 5.0)"
218.80.51.37 - - [02/Sep/2003:00:39:39 -0700] "GET / HTTP/1.1" 200 11690 "-" "Mozilla/4.0 (compatible; MSIE 6.0; Windows NT 5.0)"
219.133.0.1 - - [02/Sep/2003:00:40:01 -0700] "GET / HTTP/1.0" 200 11690 "http://www.google.com/search?q=Antlr&ie=GB2312&hl=zh-CN&lr=" "Mozilla/4.0 (compatible; MSIE 5.01; Windows NT 5.0)"
164.78.252.56 - - [02/Sep/2003:00:40:18 -0700] "GET /download.html HTTP/1.0" 200 9276 "http://www.antlr.org/" "Mozilla/4.0 (compatible; MSIE 6.0; Windows NT 5.0)"
195.248.163.78 - - [02/Sep/2003:00:40:28 -0700] "GET /book/index.html HTTP/1.0" 200 9357 "-" "Mozilla/4.0 (compatible; MSIE 6.0; Windows NT 5.0; .NET CLR 1.1.4322)"
195.248.163.78 - - [02/Sep/2003:00:40:31 -0700] "GET /images/shim.gif HTTP/1.0" 200 43 "http://www.antlr.org/" "Mozilla/4.0 (compatible; MSIE 6.0; Windows NT 5.0; .NET CLR 1.1.4322)"
195.248.163.78 - - [02/Sep/2003:00:40:31 -0700] "GET /images/logo-head.gif HTTP/1.0" 200 4098 "http://www.antlr.org/" "Mozilla/4.0 (compatible; MSIE 6.0; Windows NT 5.0; .NET CLR 1.1.4322)"
195.248.163.78 - - [02/Sep/2003:00:40:31 -0700] "GET /images/head-shim.gif HTTP/1.0" 200 158 "http://www.antlr.org/" "Mozilla/4.0 (compatible; MSIE 6.0; Windows NT 5.0; .NET CLR 1.1.4322)"
195.248.163.78 - - [02/Sep/2003:00:40:31 -0700] "GET /images/button-download.gif HTTP/1.0" 200 733 "http://www.antlr.org/" "Mozilla/4.0 (compatible; MSIE 6.0; Windows NT 5.0; .NET CLR 1.1.4322)"
195.248.163.78 - - [02/Sep/2003:00:40:33 -0700] "GET /images/search.gif HTTP/1.0" 200 299 "http://www.antlr.org/" "Mozilla/4.0 (compatible; MSIE 6.0; Windows NT 5.0; .NET CLR 1.1.4322)"
195.248.163.78 - - [02/Sep/2003:00:40:33 -0700] "GET /images/search-go.gif HTTP/1.0" 200 266 "http://www.antlr.org/" "Mozilla/4.0 (compatible; MSIE 6.0; Windows NT 5.0; .NET CLR 1.1.4322)"
195.248.163.78 - - [02/Sep/2003:00:40:37 -0700] "GET / HTTP/1.0" 200 11690 "-" "Mozilla/4.0 (compatible; MSIE 6.0; Windows NT 5.0; .NET CLR 1.1.4322)"
195.248.163.78 - - [02/Sep/2003:00:40:39 -0700] "GET /images/parr-head.jpg HTTP/1.0" 200 3582 "http://www.antlr.org/" "Mozilla/4.0 (compatible; MSIE 6.0; Windows NT 5.0; .NET CLR 1.1.4322)"
164.78.252.56 - - [02/Sep/2003:00:40:40 -0700] "GET /license.html HTTP/1.0" 200 9083 "http://www.antlr.org/download.html" "Mozilla/4.0 (compatible; MSIE 6.0; Windows NT 5.0)"
164.78.252.56 - - [02/Sep/2003:00:40:41 -0700] "GET /images/antlr-link.gif HTTP/1.0" 200 1372 "http://www.antlr.org/license.html" "Mozilla/4.0 (compatible; MSIE 6.0; Windows NT 5.0)"
195.248.163.78 - - [02/Sep/2003:00:40:47 -0700] "GET /doc/getting-started.html HTTP/1.0" 200 11326 "http://www.antlr.org/" "Mozilla/4.0 (compatible; MSIE 6.0; Windows NT 5.0; .NET CLR 1.1.4322)"
195.248.163.78 - - [02/Sep/2003:00:40:59 -0700] "GET /article/firstgr/index.html HTTP/1.0" 200 14192 "http://www.antlr.org/" "Mozilla/4.0 (compatible; MSIE 6.0; Windows NT 5.0; .NET CLR 1.1.4322)"
218.80.51.37 - - [02/Sep/2003:00:41:10 -0700] "GET /download/antlr-2.7.2.zip HTTP/1.1" 200 1943296 "http://www.antlr.org/download.html" "Mozilla/4.0 (compatible; MSIE 5.00; Windows 98)"
218.80.51.37 - - [02/Sep/2003:00:41:14 -0700] "GET /doc/index.html HTTP/1.1" 200 26469 "http://www.antlr.org/download.html" "Mozilla/4.0 (compatible; MSIE 6.0; Windows NT 5.0)"
218.80.51.37 - - [02/Sep/2003:00:41:25 -0700] "GET /download.html HTTP/1.1" 200 9276 "http://www.antlr.org/" "Mozilla/4.0 (compatible; MSIE 6.0; Windows NT 5.0)"
218.80.51.37 - - [02/Sep/2003:00:41:29 -0700] "GET / HTTP/1.1" 200 11690 "-" "Mozilla/4.0 (compatible; MSIE 6.0; Windows NT 5.0)"
219.133.0.1 - - [02/Sep/2003:00:41:38 -0700] "GET /download.html HTTP/1.0" 200 9276 "http://www.antlr.org/" "Mozilla/4.0 (compatible; MSIE 5.01; Windows NT 5.0)"
218.80.51.37 - - [02/Sep/2003:00:41:40 -0700] "GET /download.html HTTP/1.1" 200 9276 "http://www.antlr.org/" "Mozilla/4.0 (compatible; MSIE 6.0; Windows NT 5.0)"
164.78.252.56 - - [02/Sep/2003:00:41:43 -0700] "GET /download/antlr-2.7.2.zip HTTP/1.0" 200 1943296 "-" "Mozilla/4.0 (compatible; MSIE 6.0; Windows NT 5.0)"
218.80.51.37 - - [02/Sep/2003:00:41:45 -0700] "GET /doc/index.html HTTP/1.1" 200 26469 "http://www.antlr.org/download.html" "Mozilla/4.0 (compatible; MSIE 6.0; Windows NT 5.0)"
218.80.51.37 - - [02/Sep/2003:00:41:46 -0700] "GET / HTTP/1.1" 200 11690 "-" "Mozilla/4.0 (compatible; MSIE 6.0; Windows NT 5.0)"
164.78.252.56 - - [02/Sep/2003:00:42:09 -0700] "GET / HTTP/1.0" 200 11690 "http://www.antlr.org/javadoc/antlr/collections/impl/Vector.html" "Mozilla/4.0 (compatible; MSIE 6.0; Windows NT 5.0)"
164.78.252.56 - - [02/Sep/2003:00:42:09 -0700] "GET /images/shim.gif HTTP/1.0" 200 43 "-" "Mozilla/3.01 (compatible;)"
164.78.252.56 - - [02/Sep/2003:00:42:09 -0700] "GET /images/logo-head.gif HTTP/1.0" 200 4098 "-" "Mozilla/3.01 (compatible;)"
164.78.252.56 - - [02/Sep/2003:00:42:09 -0700] "GET /images/head-shim.gif HTTP/1.0" 200 158 "-" "Mozilla/3.01 (compatible;)"
164.78.252.56 - - [02/Sep/2003:00:42:09 -0700] "GET /images/parr-head.jpg HTTP/1.0" 200 3582 "-" "Mozilla/3.01 (compatible;)"
164.78.252.56 - - [02/Sep/2003:00:42:09 -0700] "GET /images/button-download.gif HTTP/1.0" 200 733 "-" "Mozilla/3.01 (compatible;)"
164.78.252.56 - - [02/Sep/2003:00:42:10 -0700] "GET /images/search.gif HTTP/1.0" 200 299 "-" "Mozilla/3.01 (compatible;)"
164.78.252.56 - - [02/Sep/2003:00:42:10 -0700] "GET /images/search-go.gif HTTP/1.0" 200 266 "-" "Mozilla/3.01 (compatible;)"
164.78.252.56 - - [02/Sep/2003:00:42:12 -0700] "GET /javadoc/antlr/collections/impl/Vector.html HTTP/1.0" 200 15530 "http://www.google.com.sg/search?q=java+vector&hl=en&lr=&ie=UTF-8&oe=UTF-8&start=20&sa=N" "Mozilla/4.0 (compatible; MSIE 6.0; Windows NT 5.0)"
212.176.3.105 - - [02/Sep/2003:00:42:17 -0700] "GET / HTTP/1.0" 200 11690 "-" "Mozilla/4.0 (compatible; MSIE 6.0; Windows NT 5.1)"
212.176.3.105 - - [02/Sep/2003:00:42:17 -0700] "GET /images/shim.gif HTTP/1.0" 200 43 "http://www.antlr.org/" "Mozilla/4.0 (compatible; MSIE 6.0; Windows NT 5.1)"
212.176.3.105 - - [02/Sep/2003:00:42:17 -0700] "GET /images/logo-head.gif HTTP/1.0" 200 4098 "http://www.antlr.org/" "Mozilla/4.0 (compatible; MSIE 6.0; Windows NT 5.1)"
212.176.3.105 - - [02/Sep/2003:00:42:17 -0700] "GET /images/head-shim.gif HTTP/1.0" 200 158 "http://www.antlr.org/" "Mozilla/4.0 (compatible; MSIE 6.0; Windows NT 5.1)"
212.176.3.105 - - [02/Sep/2003:00:42:17 -0700] "GET /images/button-download.gif HTTP/1.0" 200 733 "http://www.antlr.org/" "Mozilla/4.0 (compatible; MSIE 6.0; Windows NT 5.1)"
212.176.3.105 - - [02/Sep/2003:00:42:17 -0700] "GET /images/parr-head.jpg HTTP/1.0" 200 3582 "http://www.antlr.org/" "Mozilla/4.0 (compatible; MSIE 6.0; Windows NT 5.1)"
212.176.3.105 - - [02/Sep/2003:00:42:17 -0700] "GET /images/search.gif HTTP/1.0" 200 299 "http://www.antlr.org/" "Mozilla/4.0 (compatible; MSIE 6.0; Windows NT 5.1)"
212.176.3.105 - - [02/Sep/2003:00:42:17 -0700] "GET /images/search-go.gif HTTP/1.0" 200 266 "http://www.antlr.org/" "Mozilla/4.0 (compatible; MSIE 6.0; Windows NT 5.1)"
81.182.40.191 - - [02/Sep/2003:00:42:37 -0700] "GET / HTTP/1.0" 200 11690 "-" "Mozilla/5.0 (Windows; U; Windows NT 5.1; en-US; rv:1.4b) Gecko/20030516 Mozilla Firebird/0.6"
81.182.40.191 - - [02/Sep/2003:00:42:37 -0700] "GET /images/shim.gif HTTP/1.0" 200 43 "http://www.antlr.org/" "Mozilla/5.0 (Windows; U; Windows NT 5.1; en-US; rv:1.4b) Gecko/20030516 Mozilla Firebird/0.6"
81.182.40.191 - - [02/Sep/2003:00:42:37 -0700] "GET /images/logo-head.gif HTTP/1.0" 200 4098 "http://www.antlr.org/" "Mozilla/5.0 (Windows; U; Windows NT 5.1; en-US; rv:1.4b) Gecko/20030516 Mozilla Firebird/0.6"
81.182.40.191 - - [02/Sep/2003:00:42:37 -0700] "GET /favicon.ico HTTP/1.0" 404 173 "-" "Mozilla/5.0 (Windows; U; Windows NT 5.1; en-US; rv:1.4b) Gecko/20030516 Mozilla Firebird/0.6"
81.182.40.191 - - [02/Sep/2003:00:42:38 -0700] "GET /images/button-download.gif HTTP/1.0" 200 733 "http://www.antlr.org/" "Mozilla/5.0 (Windows; U; Windows NT 5.1; en-US; rv:1.4b) Gecko/20030516 Mozilla Firebird/0.6"
81.182.40.191 - - [02/Sep/2003:00:42:38 -0700] "GET /images/parr-head.jpg HTTP/1.0" 200 3582 "http://www.antlr.org/" "Mozilla/5.0 (Windows; U; Windows NT 5.1; en-US; rv:1.4b) Gecko/20030516 Mozilla Firebird/0.6"
81.182.40.191 - - [02/Sep/2003:00:42:38 -0700] "GET /images/head-shim.gif HTTP/1.0" 200 158 "http://www.antlr.org/" "Mozilla/5.0 (Windows; U; Windows NT 5.1; en-US; rv:1.4b) Gecko/20030516 Mozilla Firebird/0.6"
81.182.40.191 - - [02/Sep/2003:00:42:38 -0700] "GET /images/search.gif HTTP/1.0" 200 299 "http://www.antlr.org/" "Mozilla/5.0 (Windows; U; Windows NT 5.1; en-US; rv:1.4b) Gecko/20030516 Mozilla Firebird/0.6"
81.182.40.191 - - [02/Sep/2003:00:42:39 -0700] "GET /images/search-go.gif HTTP/1.0" 200 266 "http://www.antlr.org/" "Mozilla/5.0 (Windows; U; Windows NT 5.1; en-US; rv:1.4b) Gecko/20030516 Mozilla Firebird/0.6"
134.58.253.130 - - [02/Sep/2003:00:43:05 -0700] "GET /images/shim.gif HTTP/1.1" 304 - "http://www.antlr.org/doc/glossary.html" "Mozilla/5.0 (compatible; Konqueror/2.2.2; Linux)"
134.58.253.130 - - [02/Sep/2003:00:43:05 -0700] "GET /doc/glossary.html HTTP/1.1" 200 31009 "-" "Mozilla/5.0 (compatible; Konqueror/2.2.2; Linux)"
134.58.253.130 - - [02/Sep/2003:00:43:05 -0700] "GET /images/logo-head.gif HTTP/1.1" 304 - "http://www.antlr.org/doc/glossary.html" "Mozilla/5.0 (compatible; Konqueror/2.2.2; Linux)"
134.58.253.130 - - [02/Sep/2003:00:43:05 -0700] "GET /images/head-shim.gif HTTP/1.1" 304 - "http://www.antlr.org/doc/glossary.html" "Mozilla/5.0 (compatible; Konqueror/2.2.2; Linux)"
134.58.253.130 - - [02/Sep/2003:00:43:05 -0700] "GET /images/button-download.gif HTTP/1.1" 304 - "http://www.antlr.org/doc/glossary.html" "Mozilla/5.0 (compatible; Konqueror/2.2.2; Linux)"
134.58.253.130 - - [02/Sep/2003:00:43:05 -0700] "GET /images/search.gif HTTP/1.1" 304 - "http://www.antlr.org/doc/glossary.html" "Mozilla/5.0 (compatible; Konqueror/2.2.2; Linux)"
134.58.253.130 - - [02/Sep/2003:00:43:05 -0700] "GET /images/search-go.gif HTTP/1.1" 304 - "http://www.antlr.org/doc/glossary.html" "Mozilla/5.0 (compatible; Konqueror/2.2.2; Linux)"
134.58.253.130 - - [02/Sep/2003:00:43:06 -0700] "GET /favicon.ico HTTP/1.1" 404 173 "-" "Mozilla/5.0 (compatible; Konqueror/2.2.2; Linux)"
202.111.154.39 - - [02/Sep/2003:00:43:16 -0700] "GET /images/shim.gif HTTP/1.0" 200 43 "http://www.antlr.org/" "Mozilla/4.0 (compatible; MSIE 6.0; Windows 98)"
202.111.154.39 - - [02/Sep/2003:00:43:16 -0700] "GET /images/logo-head.gif HTTP/1.0" 200 4098 "http://www.antlr.org/" "Mozilla/4.0 (compatible; MSIE 6.0; Windows 98)"
202.111.154.39 - - [02/Sep/2003:00:43:16 -0700] "GET /images/head-shim.gif HTTP/1.0" 200 158 "http://www.antlr.org/" "Mozilla/4.0 (compatible; MSIE 6.0; Windows 98)"
219.133.0.1 - - [02/Sep/2003:00:43:18 -0700] "GET /doc/index.html HTTP/1.0" 200 26469 "http://www.antlr.org/download.html" "Mozilla/4.0 (compatible; MSIE 5.01; Windows NT 5.0)"
193.234.247.50 - - [02/Sep/2003:00:43:18 -0700] "GET /images/shim.gif HTTP/1.1" 200 43 "http://www.antlr.org/article/1055550418982/building.dev.tools.html" "Mozilla/4.0 (compatible; MSIE 6.0; Windows NT 5.0)"
193.234.247.50 - - [02/Sep/2003:00:43:18 -0700] "GET /images/logo-head.gif HTTP/1.1" 200 4098 "http://www.antlr.org/article/1055550418982/building.dev.tools.html" "Mozilla/4.0 (compatible; MSIE 6.0; Windows NT 5.0)"
193.234.247.50 - - [02/Sep/2003:00:43:19 -0700] "GET /article/1055550418982/building.dev.tools.html HTTP/1.1" 200 37518 "http://www.google.com/search?hl=en&lr=&ie=UTF-8&oe=UTF-8&q=migration+tool+html+parser" "Mozilla/4.0 (compatible; MSIE 6.0; Windows NT 5.0)"
193.234.247.50 - - [02/Sep/2003:00:43:19 -0700] "GET /images/button-download.gif HTTP/1.1" 200 733 "http://www.antlr.org/article/1055550418982/building.dev.tools.html" "Mozilla/4.0 (compatible; MSIE 6.0; Windows NT 5.0)"
193.234.247.50 - - [02/Sep/2003:00:43:19 -0700] "GET /images/head-shim.gif HTTP/1.1" 200 158 "http://www.antlr.org/article/1055550418982/building.dev.tools.html" "Mozilla/4.0 (compatible; MSIE 6.0; Windows NT 5.0)"
202.111.154.39 - - [02/Sep/2003:00:43:19 -0700] "GET / HTTP/1.0" 200 11690 "http://www.huihoo.org/~mep/index.html" "Mozilla/4.0 (compatible; MSIE 6.0; Windows 98)"
193.234.247.50 - - [02/Sep/2003:00:43:19 -0700] "GET /images/search.gif HTTP/1.1" 200 299 "http://www.antlr.org/article/1055550418982/building.dev.tools.html" "Mozilla/4.0 (compatible; MSIE 6.0; Windows NT 5.0)"
193.234.247.50 - - [02/Sep/2003:00:43:19 -0700] "GET /images/search-go.gif HTTP/1.1" 200 266 "http://www.antlr.org/article/1055550418982/building.dev.tools.html" "Mozilla/4.0 (compatible; MSIE 6.0; Windows NT 5.0)"
193.234.247.50 - - [02/Sep/2003:00:43:19 -0700] "GET /logo.gif HTTP/1.1" 200 6455 "http://www.antlr.org/article/1055550418982/building.dev.tools.html" "Mozilla/4.0 (compatible; MSIE 6.0; Windows NT 5.0)"
202.111.154.39 - - [02/Sep/2003:00:43:20 -0700] "GET /images/parr-head.jpg HTTP/1.0" 200 3582 "http://www.antlr.org/" "Mozilla/4.0 (compatible; MSIE 6.0; Windows 98)"
202.111.154.39 - - [02/Sep/2003:00:43:21 -0700] "GET /images/search-go.gif HTTP/1.0" 200 266 "http://www.antlr.org/" "Mozilla/4.0 (compatible; MSIE 6.0; Windows 98)"
202.111.154.39 - - [02/Sep/2003:00:43:24 -0700] "GET /images/search.gif HTTP/1.0" 200 299 "http://www.antlr.org/" "Mozilla/4.0 (compatible; MSIE 6.0; Windows 98)"
202.111.154.39 - - [02/Sep/2003:00:43:29 -0700] "GET /images/button-download.gif HTTP/1.0" 200 733 "http://www.antlr.org/" "Mozilla/4.0 (compatible; MSIE 6.0; Windows 98)"
218.80.51.37 - - [02/Sep/2003:00:43:40 -0700] "GET /doc/index.html HTTP/1.1" 200 24576 "http://www.antlr.org/download.html" "Mozilla/4.0 (compatible; MSIE 6.0; Windows NT 5.0)"
64.68.82.169 - - [02/Sep/2003:00:43:42 -0700] "GET /doc/antlr271release.html HTTP/1.0" 302 156 "-" "Googlebot/2.1 (+http://www.googlebot.com/bot.html)"
64.68.82.169 - - [02/Sep/2003:00:43:43 -0700] "GET /error.jsp?msg=Problems+extracting+content%2Ftitle+from+file+%2Fdoc%2Fantlr271release.html%3A+null HTTP/1.0" 200 6476 "-" "Googlebot/2.1 (+http://www.googlebot.com/bot.html)"
218.80.51.37 - - [02/Sep/2003:00:43:43 -0700] "GET /download.html HTTP/1.1" 200 9276 "http://www.antlr.org/" "Mozilla/4.0 (compatible; MSIE 6.0; Windows NT 5.0)"
218.80.51.37 - - [02/Sep/2003:00:43:44 -0700] "GET / HTTP/1.1" 200 11690 "-" "Mozilla/4.0 (compatible; MSIE 6.0; Windows NT 5.0)"
212.176.3.105 - - [02/Sep/2003:00:43:53 -0700] "GET /grammar/list HTTP/1.0" 200 15685 "http://www.antlr.org/" "Mozilla/4.0 (compatible; MSIE 6.0; Windows NT 5.1)"
212.176.3.105 - - [02/Sep/2003:00:43:53 -0700] "GET /images/button-add-grammar.gif HTTP/1.0" 200 664 "http://www.antlr.org/grammar/list" "Mozilla/4.0 (compatible; MSIE 6.0; Windows NT 5.1)"
218.80.51.37 - - [02/Sep/2003:00:43:57 -0700] "GET / HTTP/1.1" 200 11690 "-" "Mozilla/4.0 (compatible; MSIE 6.0; Windows NT 5.0)"
218.80.51.37 - - [02/Sep/2003:00:43:59 -0700] "GET /doc/getting-started.html HTTP/1.1" 200 11326 "http://www.antlr.org/" "Mozilla/4.0 (compatible; MSIE 6.0; Windows NT 5.0)"
212.176.3.105 - - [02/Sep/2003:00:44:36 -0700] "GET /grammar/OCL HTTP/1.0" 200 7822 "http://www.antlr.org/grammar/list" "Mozilla/4.0 (compatible; MSIE 6.0; Windows NT 5.1)"
64.119.3.125 - - [02/Sep/2003:00:44:51 -0700] "GET /favicon.ico HTTP/1.1" 404 173 "-" "Mozilla/5.0 (X11; U; Linux i686; en-US; rv:1.3a) Gecko/20021207 Phoenix/0.5"
64.119.3.125 - - [02/Sep/2003:00:44:54 -0700] "GET /1.33/pccts_faq.html HTTP/1.1" 200 29779 "http://search.yahoo.com/search?p=pccts+1.3&ei=UTF-8&vm=i&n=20&fl=0&x=wrt" "Mozilla/5.0 (X11; U; Linux i686; en-US; rv:1.3a) Gecko/20021207 Phoenix/0.5"
64.119.3.125 - - [02/Sep/2003:00:44:55 -0700] "GET /images/shim.gif HTTP/1.1" 200 43 "http://www.antlr.org/1.33/pccts_faq.html" "Mozilla/5.0 (X11; U; Linux i686; en-US; rv:1.3a) Gecko/20021207 Phoenix/0.5"
64.119.3.125 - - [02/Sep/2003:00:44:56 -0700] "GET /images/button-download.gif HTTP/1.1" 200 733 "http://www.antlr.org/1.33/pccts_faq.html" "Mozilla/5.0 (X11; U; Linux i686; en-US; rv:1.3a) Gecko/20021207 Phoenix/0.5"
64.119.3.125 - - [02/Sep/2003:00:44:56 -0700] "GET /images/logo-head.gif HTTP/1.1" 200 4098 "http://www.antlr.org/1.33/pccts_faq.html" "Mozilla/5.0 (X11; U; Linux i686; en-US; rv:1.3a) Gecko/20021207 Phoenix/0.5"
64.119.3.125 - - [02/Sep/2003:00:44:57 -0700] "GET /images/search.gif HTTP/1.1" 200 299 "http://www.antlr.org/1.33/pccts_faq.html" "Mozilla/5.0 (X11; U; Linux i686; en-US; rv:1.3a) Gecko/20021207 Phoenix/0.5"
64.119.3.125 - - [02/Sep/2003:00:44:59 -0700] "GET /images/search-go.gif HTTP/1.1" 200 266 "http://www.antlr.org/1.33/pccts_faq.html" "Mozilla/5.0 (X11; U; Linux i686; en-US; rv:1.3a) Gecko/20021207 Phoenix/0.5"
64.119.3.125 - - [02/Sep/2003:00:44:59 -0700] "GET /images/head-shim.gif HTTP/1.1" 200 158 "http://www.antlr.org/1.33/pccts_faq.html" "Mozilla/5.0 (X11; U; Linux i686; en-US; rv:1.3a) Gecko/20021207 Phoenix/0.5"
212.176.3.105 - - [02/Sep/2003:00:45:09 -0700] "GET /grammar/OCL/Main.java HTTP/1.0" 200 1982 "http://www.antlr.org/grammar/OCL" "Mozilla/4.0 (compatible; MSIE 5.0; Windows 98)"
219.133.0.1 - - [02/Sep/2003:00:45:13 -0700] "GET /download/antlr-2.7.2.zip HTTP/1.0" 200 1943296 "http://www.antlr.org/download.html" "Mozilla/4.0 (compatible; MSIE 5.01; Windows NT 5.0)"
212.176.3.105 - - [02/Sep/2003:00:45:25 -0700] "GET /grammar/OCL/Main.java HTTP/1.0" 200 1982 "http://www.antlr.org/grammar/OCL" "Mozilla/4.0 (compatible; MSIE 5.0; Windows 98)"
212.176.3.105 - - [02/Sep/2003:00:45:32 -0700] "GET /grammar/OCL/OCL.g HTTP/1.0" 200 12200 "http://www.antlr.org/grammar/OCL" "Mozilla/4.0 (compatible; MSIE 5.0; Windows 98)"
212.176.3.105 - - [02/Sep/2003:00:45:36 -0700] "GET /grammar/OCL/OCL.g HTTP/1.0" 200 12200 "http://www.antlr.org/grammar/OCL" "Mozilla/4.0 (compatible; MSIE 5.0; Windows 98)"
212.176.3.105 - - [02/Sep/2003:00:45:39 -0700] "GET /grammar/OCL/OCL.tree.g HTTP/1.0" 200 3129 "http://www.antlr.org/grammar/OCL" "Mozilla/4.0 (compatible; MSIE 5.0; Windows 98)"
212.176.3.105 - - [02/Sep/2003:00:45:44 -0700] "GET /grammar/OCL/OCL.tree.g HTTP/1.0" 200 3129 "http://www.antlr.org/grammar/OCL" "Mozilla/4.0 (compatible; MSIE 5.0; Windows 98)"
64.68.82.28 - - [02/Sep/2003:00:45:56 -0700] "GET /article/1055550346383/antlr.ps HTTP/1.0" 200 125057 "-" "Googlebot/2.1 (+http://www.googlebot.com/bot.html)"
212.176.3.105 - - [02/Sep/2003:00:46:07 -0700] "GET /grammar/OCL/test.in HTTP/1.0" 200 833 "http://www.antlr.org/grammar/OCL" "Mozilla/4.0 (compatible; MSIE 5.0; Windows 98)"
212.176.3.105 - - [02/Sep/2003:00:46:10 -0700] "GET /grammar/OCL/test.in HTTP/1.0" 200 833 "http://www.antlr.org/grammar/OCL" "Mozilla/4.0 (compatible; MSIE 5.0; Windows 98)"
195.208.32.174 - - [02/Sep/2003:00:47:16 -0700] "GET / HTTP/1.1" 200 11690 "-" "Mozilla/4.0 (compatible; MSIE 6.0; Windows NT 5.0)"
195.208.32.174 - - [02/Sep/2003:00:47:16 -0700] "GET /images/shim.gif HTTP/1.1" 200 43 "http://www.antlr.org/" "Mozilla/4.0 (compatible; MSIE 6.0; Windows NT 5.0)"
195.208.32.174 - - [02/Sep/2003:00:47:17 -0700] "GET /images/logo-head.gif HTTP/1.1" 200 4098 "http://www.antlr.org/" "Mozilla/4.0 (compatible; MSIE 6.0; Windows NT 5.0)"
195.208.32.174 - - [02/Sep/2003:00:47:17 -0700] "GET /images/head-shim.gif HTTP/1.1" 200 158 "http://www.antlr.org/" "Mozilla/4.0 (compatible; MSIE 6.0; Windows NT 5.0)"
195.208.32.174 - - [02/Sep/2003:00:47:17 -0700] "GET /images/button-download.gif HTTP/1.1" 200 733 "http://www.antlr.org/" "Mozilla/4.0 (compatible; MSIE 6.0; Windows NT 5.0)"
195.208.32.174 - - [02/Sep/2003:00:47:17 -0700] "GET /images/parr-head.jpg HTTP/1.1" 200 3582 "http://www.antlr.org/" "Mozilla/4.0 (compatible; MSIE 6.0; Windows NT 5.0)"
195.208.32.174 - - [02/Sep/2003:00:47:17 -0700] "GET /images/search.gif HTTP/1.1" 200 299 "http://www.antlr.org/" "Mozilla/4.0 (compatible; MSIE 6.0; Windows NT 5.0)"
195.208.32.174 - - [02/Sep/2003:00:47:17 -0700] "GET /images/search-go.gif HTTP/1.1" 200 266 "http://www.antlr.org/" "Mozilla/4.0 (compatible; MSIE 6.0; Windows NT 5.0)"
218.58.69.26 - - [02/Sep/2003:00:48:07 -0700] "GET / HTTP/1.0" 200 11690 "http://www.cjsdn.com/post/view?bid=1&id=48408&sty=1&tpg=1&age=0" "Mozilla/5.0 (Windows; U; Windows NT 5.0; en-US; rv:1.4) Gecko/20030624"
218.58.69.26 - - [02/Sep/2003:00:48:08 -0700] "GET /images/shim.gif HTTP/1.0" 200 43 "http://www.antlr.org/" "Mozilla/5.0 (Windows; U; Windows NT 5.0; en-US; rv:1.4) Gecko/20030624"
218.58.69.26 - - [02/Sep/2003:00:48:08 -0700] "GET /images/logo-head.gif HTTP/1.0" 200 4098 "http://www.antlr.org/" "Mozilla/5.0 (Windows; U; Windows NT 5.0; en-US; rv:1.4) Gecko/20030624"
218.58.69.26 - - [02/Sep/2003:00:48:09 -0700] "GET /images/button-download.gif HTTP/1.0" 200 733 "http://www.antlr.org/" "Mozilla/5.0 (Windows; U; Windows NT 5.0; en-US; rv:1.4) Gecko/20030624"
218.58.69.26 - - [02/Sep/2003:00:48:09 -0700] "GET /images/parr-head.jpg HTTP/1.0" 200 3582 "http://www.antlr.org/" "Mozilla/5.0 (Windows; U; Windows NT 5.0; en-US; rv:1.4) Gecko/20030624"
218.58.69.26 - - [02/Sep/2003:00:48:10 -0700] "GET /images/search.gif HTTP/1.0" 200 299 "http://www.antlr.org/" "Mozilla/5.0 (Windows; U; Windows NT 5.0; en-US; rv:1.4) Gecko/20030624"
218.58.69.26 - - [02/Sep/2003:00:48:10 -0700] "GET /images/search-go.gif HTTP/1.0" 200 266 "http://www.antlr.org/" "Mozilla/5.0 (Windows; U; Windows NT 5.0; en-US; rv:1.4) Gecko/20030624"
81.182.40.191 - - [02/Sep/2003:00:48:14 -0700] "GET /documentation/list HTTP/1.0" 200 8489 "http://www.antlr.org/" "Mozilla/5.0 (Windows; U; Windows NT 5.1; en-US; rv:1.4b) Gecko/20030516 Mozilla Firebird/0.6"
81.182.40.191 - - [02/Sep/2003:00:48:20 -0700] "GET /share/list HTTP/1.0" 200 10783 "http://www.antlr.org/documentation/list" "Mozilla/5.0 (Windows; U; Windows NT 5.1; en-US; rv:1.4b) Gecko/20030516 Mozilla Firebird/0.6"
81.182.40.191 - - [02/Sep/2003:00:48:21 -0700] "GET /images/button-shared-resource.gif HTTP/1.0" 200 853 "http://www.antlr.org/share/list" "Mozilla/5.0 (Windows; U; Windows NT 5.1; en-US; rv:1.4b) Gecko/20030516 Mozilla Firebird/0.6"
219.133.0.1 - - [02/Sep/2003:00:48:43 -0700] "GET /download.html HTTP/1.0" 200 9276 "http://www.antlr.org/" "Mozilla/4.0 (compatible; MSIE 5.01; Windows 98)"
219.133.0.1 - - [02/Sep/2003:00:49:08 -0700] "GET /article/list HTTP/1.0" 200 15911 "http://www.antlr.org/download.html" "Mozilla/4.0 (compatible; MSIE 5.01; Windows 98)"
219.133.0.1 - - [02/Sep/2003:00:49:10 -0700] "GET /images/button-add-article.gif HTTP/1.0" 200 579 "http://www.antlr.org/article/list" "Mozilla/4.0 (compatible; MSIE 5.01; Windows 98)"
193.234.247.50 - - [02/Sep/2003:00:49:22 -0700] "GET /about.html HTTP/1.1" 200 8707 "http://www.antlr.org/article/1055550418982/building.dev.tools.html" "Mozilla/4.0 (compatible; MSIE 6.0; Windows NT 5.0)"
193.234.247.50 - - [02/Sep/2003:00:49:23 -0700] "GET /images/shim.gif HTTP/1.1" 304 - "http://www.antlr.org/about.html" "Mozilla/4.0 (compatible; MSIE 6.0; Windows NT 5.0)"
193.234.247.50 - - [02/Sep/2003:00:49:23 -0700] "GET /images/logo-head.gif HTTP/1.1" 304 - "http://www.antlr.org/about.html" "Mozilla/4.0 (compatible; MSIE 6.0; Windows NT 5.0)"
193.234.247.50 - - [02/Sep/2003:00:49:23 -0700] "GET /images/button-download.gif HTTP/1.1" 304 - "http://www.antlr.org/about.html" "Mozilla/4.0 (compatible; MSIE 6.0; Windows NT 5.0)"
193.234.247.50 - - [02/Sep/2003:00:49:23 -0700] "GET /images/head-shim.gif HTTP/1.1" 304 - "http://www.antlr.org/about.html" "Mozilla/4.0 (compatible; MSIE 6.0; Windows NT 5.0)"
193.234.247.50 - - [02/Sep/2003:00:49:24 -0700] "GET /images/search.gif HTTP/1.1" 304 - "http://www.antlr.org/about.html" "Mozilla/4.0 (compatible; MSIE 6.0; Windows NT 5.0)"
193.234.247.50 - - [02/Sep/2003:00:49:24 -0700] "GET /images/search-go.gif HTTP/1.1" 304 - "http://www.antlr.org/about.html" "Mozilla/4.0 (compatible; MSIE 6.0; Windows NT 5.0)"
81.182.40.191 - - [02/Sep/2003:00:49:27 -0700] "POST /search/results HTTP/1.0" 302 73 "http://www.antlr.org/" "Mozilla/5.0 (Windows; U; Windows NT 5.1; en-US; rv:1.4b) Gecko/20030516 Mozilla Firebird/0.6"
81.182.40.191 - - [02/Sep/2003:00:49:28 -0700] "GET /search/results HTTP/1.0" 200 7765 "http://www.antlr.org/" "Mozilla/5.0 (Windows; U; Windows NT 5.1; en-US; rv:1.4b) Gecko/20030516 Mozilla Firebird/0.6"
195.208.32.174 - - [02/Sep/2003:00:49:40 -0700] "GET /images/shim.gif HTTP/1.1" 304 - "http://www.antlr.org/doc/index.html" "Mozilla/4.0 (compatible; MSIE 6.0; Windows NT 5.0)"
195.208.32.174 - - [02/Sep/2003:00:49:40 -0700] "GET /images/logo-head.gif HTTP/1.1" 304 - "http://www.antlr.org/doc/index.html" "Mozilla/4.0 (compatible; MSIE 6.0; Windows NT 5.0)"
195.208.32.174 - - [02/Sep/2003:00:49:40 -0700] "GET /images/button-download.gif HTTP/1.1" 304 - "http://www.antlr.org/doc/index.html" "Mozilla/4.0 (compatible; MSIE 6.0; Windows NT 5.0)"
195.208.32.174 - - [02/Sep/2003:00:49:41 -0700] "GET /doc/index.html HTTP/1.1" 200 26469 "http://www.antlr.org/" "Mozilla/4.0 (compatible; MSIE 6.0; Windows NT 5.0)"
195.208.32.174 - - [02/Sep/2003:00:49:41 -0700] "GET /images/head-shim.gif HTTP/1.1" 304 - "http://www.antlr.org/doc/index.html" "Mozilla/4.0 (compatible; MSIE 6.0; Windows NT 5.0)"
195.208.32.174 - - [02/Sep/2003:00:49:41 -0700] "GET /images/search.gif HTTP/1.1" 304 - "http://www.antlr.org/doc/index.html" "Mozilla/4.0 (compatible; MSIE 6.0; Windows NT 5.0)"
195.208.32.174 - - [02/Sep/2003:00:49:44 -0700] "GET /images/search-go.gif HTTP/1.1" 304 - "http://www.antlr.org/doc/index.html" "Mozilla/4.0 (compatible; MSIE 6.0; Windows NT 5.0)"
218.80.51.37 - - [02/Sep/2003:00:49:59 -0700] "GET /article/cutpaste/index.html HTTP/1.1" 200 10494 "http://www.antlr.org/doc/getting-started.html" "Mozilla/4.0 (compatible; MSIE 6.0; Windows NT 5.0)"
218.80.51.37 - - [02/Sep/2003:00:50:05 -0700] "GET / HTTP/1.1" 200 11690 "-" "Mozilla/4.0 (compatible; MSIE 6.0; Windows NT 5.0)"
202.233.47.72 - - [02/Sep/2003:00:51:01 -0700] "GET /robots.txt HTTP/1.0" 200 6457 "-" "Mozilla/4.0 (compatible; MSIE 5.5; Windows NT 5.0; T312461; MSIECrawler)"
202.233.47.72 - - [02/Sep/2003:00:51:02 -0700] "GET /images/shim.gif HTTP/1.0" 200 43 "-" "Mozilla/3.01 (compatible;)"
202.233.47.72 - - [02/Sep/2003:00:51:02 -0700] "GET /images/logo-head.gif HTTP/1.0" 200 4098 "-" "Mozilla/3.01 (compatible;)"
202.233.47.72 - - [02/Sep/2003:00:51:02 -0700] "GET /images/head-shim.gif HTTP/1.0" 200 158 "-" "Mozilla/3.01 (compatible;)"
202.233.47.72 - - [02/Sep/2003:00:51:02 -0700] "GET /images/button-download.gif HTTP/1.0" 200 733 "-" "Mozilla/3.01 (compatible;)"
218.80.51.37 - - [02/Sep/2003:00:51:26 -0700] "GET /doc/getting-started.html HTTP/1.1" 200 11326 "http://www.antlr.org/" "Mozilla/4.0 (compatible; MSIE 6.0; Windows NT 5.0)"
195.208.32.174 - - [02/Sep/2003:00:51:49 -0700] "GET /images/shim.gif HTTP/1.1" 304 - "http://www.antlr.org/doc/lexer.html" "Mozilla/4.0 (compatible; MSIE 6.0; Windows NT 5.0)"
195.208.32.174 - - [02/Sep/2003:00:51:50 -0700] "GET /images/logo-head.gif HTTP/1.1" 304 - "http://www.antlr.org/doc/lexer.html" "Mozilla/4.0 (compatible; MSIE 6.0; Windows NT 5.0)"
195.208.32.174 - - [02/Sep/2003:00:51:50 -0700] "GET /images/head-shim.gif HTTP/1.1" 304 - "http://www.antlr.org/doc/lexer.html" "Mozilla/4.0 (compatible; MSIE 6.0; Windows NT 5.0)"
195.208.32.174 - - [02/Sep/2003:00:51:50 -0700] "GET /images/button-download.gif HTTP/1.1" 304 - "http://www.antlr.org/doc/lexer.html" "Mozilla/4.0 (compatible; MSIE 6.0; Windows NT 5.0)"
195.208.32.174 - - [02/Sep/2003:00:51:51 -0700] "GET /doc/lexer.html HTTP/1.1" 200 83864 "http://www.antlr.org/doc/index.html" "Mozilla/4.0 (compatible; MSIE 6.0; Windows NT 5.0)"
195.208.32.174 - - [02/Sep/2003:00:51:51 -0700] "GET /images/search.gif HTTP/1.1" 304 - "http://www.antlr.org/doc/lexer.html" "Mozilla/4.0 (compatible; MSIE 6.0; Windows NT 5.0)"
195.208.32.174 - - [02/Sep/2003:00:51:51 -0700] "GET /images/search-go.gif HTTP/1.1" 304 - "http://www.antlr.org/doc/lexer.html" "Mozilla/4.0 (compatible; MSIE 6.0; Windows NT 5.0)"
64.68.82.170 - - [02/Sep/2003:00:52:01 -0700] "GET /doc/options.html HTTP/1.0" 200 37045 "-" "Googlebot/2.1 (+http://www.googlebot.com/bot.html)"
218.80.51.37 - - [02/Sep/2003:00:52:08 -0700] "GET /article/firstgr/index.html HTTP/1.1" 200 14192 "http://www.antlr.org/doc/getting-started.html" "Mozilla/4.0 (compatible; MSIE 6.0; Windows NT 5.0)"
218.80.51.37 - - [02/Sep/2003:00:52:10 -0700] "GET / HTTP/1.1" 200 11690 "-" "Mozilla/4.0 (compatible; MSIE 6.0; Windows NT 5.0)"
195.208.32.174 - - [02/Sep/2003:00:52:34 -0700] "GET /images/shim.gif HTTP/1.1" 304 - "http://www.antlr.org/doc/err.html" "Mozilla/4.0 (compatible; MSIE 6.0; Windows NT 5.0)"
195.208.32.174 - - [02/Sep/2003:00:52:34 -0700] "GET /images/logo-head.gif HTTP/1.1" 304 - "http://www.antlr.org/doc/err.html" "Mozilla/4.0 (compatible; MSIE 6.0; Windows NT 5.0)"
195.208.32.174 - - [02/Sep/2003:00:52:34 -0700] "GET /doc/err.html HTTP/1.1" 200 22111 "http://www.antlr.org/doc/index.html" "Mozilla/4.0 (compatible; MSIE 6.0; Windows NT 5.0)"
195.208.32.174 - - [02/Sep/2003:00:52:35 -0700] "GET /images/head-shim.gif HTTP/1.1" 304 - "http://www.antlr.org/doc/err.html" "Mozilla/4.0 (compatible; MSIE 6.0; Windows NT 5.0)"
195.208.32.174 - - [02/Sep/2003:00:52:35 -0700] "GET /images/button-download.gif HTTP/1.1" 304 - "http://www.antlr.org/doc/err.html" "Mozilla/4.0 (compatible; MSIE 6.0; Windows NT 5.0)"
195.208.32.174 - - [02/Sep/2003:00:52:35 -0700] "GET /images/search.gif HTTP/1.1" 304 - "http://www.antlr.org/doc/err.html" "Mozilla/4.0 (compatible; MSIE 6.0; Windows NT 5.0)"
195.208.32.174 - - [02/Sep/2003:00:52:35 -0700] "GET /images/search-go.gif HTTP/1.1" 304 - "http://www.antlr.org/doc/err.html" "Mozilla/4.0 (compatible; MSIE 6.0; Windows NT 5.0)"
195.208.32.174 - - [02/Sep/2003:00:52:36 -0700] "GET /doc/ANTLRException.gif HTTP/1.1" 200 14504 "http://www.antlr.org/doc/err.html" "Mozilla/4.0 (compatible; MSIE 6.0; Windows NT 5.0)"
218.80.51.37 - - [02/Sep/2003:00:52:58 -0700] "GET /doc/getting-started.html HTTP/1.1" 200 11326 "http://www.antlr.org/" "Mozilla/4.0 (compatible; MSIE 6.0; Windows NT 5.0)"
212.185.248.90 - - [02/Sep/2003:00:53:28 -0700] "GET /article/1055549665389/symbdiff.html HTTP/1.1" 200 21288 "http://www.google.de/search?hl=de&ie=UTF-8&oe=UTF-8&q=differentiation+parser+java&meta=" "Mozilla/4.0 (compatible; MSIE 6.0; Windows 98; Win 9x 4.90)"
212.185.249.187 - - [02/Sep/2003:00:53:29 -0700] "GET /images/logo-head.gif HTTP/1.1" 200 4098 "http://www.antlr.org/article/1055549665389/symbdiff.html" "Mozilla/4.0 (compatible; MSIE 6.0; Windows 98; Win 9x 4.90)"
212.185.248.57 - - [02/Sep/2003:00:53:29 -0700] "GET /images/shim.gif HTTP/1.1" 200 43 "http://www.antlr.org/article/1055549665389/symbdiff.html" "Mozilla/4.0 (compatible; MSIE 6.0; Windows 98; Win 9x 4.90)"
212.185.248.123 - - [02/Sep/2003:00:53:29 -0700] "GET /images/button-download.gif HTTP/1.1" 200 733 "http://www.antlr.org/article/1055549665389/symbdiff.html" "Mozilla/4.0 (compatible; MSIE 6.0; Windows 98; Win 9x 4.90)"
212.185.248.123 - - [02/Sep/2003:00:53:30 -0700] "GET /images/search-go.gif HTTP/1.1" 200 266 "http://www.antlr.org/article/1055549665389/symbdiff.html" "Mozilla/4.0 (compatible; MSIE 6.0; Windows 98; Win 9x 4.90)"
212.185.248.89 - - [02/Sep/2003:00:53:30 -0700] "GET /images/head-shim.gif HTTP/1.1" 200 158 "http://www.antlr.org/article/1055549665389/symbdiff.html" "Mozilla/4.0 (compatible; MSIE 6.0; Windows 98; Win 9x 4.90)"
212.185.248.58 - - [02/Sep/2003:00:53:30 -0700] "GET /images/search.gif HTTP/1.1" 200 299 "http://www.antlr.org/article/1055549665389/symbdiff.html" "Mozilla/4.0 (compatible; MSIE 6.0; Windows 98; Win 9x 4.90)"
212.185.249.186 - - [02/Sep/2003:00:53:30 -0700] "GET /logo.gif HTTP/1.1" 200 6455 "http://www.antlr.org/article/1055549665389/symbdiff.html" "Mozilla/4.0 (compatible; MSIE 6.0; Windows 98; Win 9x 4.90)"
218.80.51.37 - - [02/Sep/2003:00:53:33 -0700] "GET / HTTP/1.1" 200 11690 "-" "Mozilla/4.0 (compatible; MSIE 6.0; Windows NT 5.0)"
218.80.51.37 - - [02/Sep/2003:00:53:37 -0700] "GET / HTTP/1.1" 200 11690 "-" "Mozilla/4.0 (compatible; MSIE 6.0; Windows NT 5.0)"
212.185.248.56 - - [02/Sep/2003:00:53:57 -0700] "GET /download.html HTTP/1.1" 200 9276 "http://www.antlr.org/article/1055549665389/symbdiff.html" "Mozilla/4.0 (compatible; MSIE 6.0; Windows 98; Win 9x 4.90)"
64.68.82.28 - - [02/Sep/2003:00:54:15 -0700] "GET /article/1055550517640/parr.phd.thesis.pdf HTTP/1.0" 200 489215 "-" "Googlebot/2.1 (+http://www.googlebot.com/bot.html)"
212.11.227.1 - - [02/Sep/2003:00:54:25 -0700] "GET / HTTP/1.0" 200 11690 "-" "Mozilla/5.0 (Windows; U; Windows NT 5.1; en-US; rv:1.0.2) Gecko/20030208 Netscape/7.02"
212.11.227.1 - - [02/Sep/2003:00:54:26 -0700] "GET /images/shim.gif HTTP/1.0" 304 - "http://www.antlr.org/" "Mozilla/5.0 (Windows; U; Windows NT 5.1; en-US; rv:1.0.2) Gecko/20030208 Netscape/7.02"
212.11.227.1 - - [02/Sep/2003:00:54:26 -0700] "GET /images/logo-head.gif HTTP/1.0" 304 - "http://www.antlr.org/" "Mozilla/5.0 (Windows; U; Windows NT 5.1; en-US; rv:1.0.2) Gecko/20030208 Netscape/7.02"
212.11.227.1 - - [02/Sep/2003:00:54:26 -0700] "GET /images/button-download.gif HTTP/1.0" 304 - "http://www.antlr.org/" "Mozilla/5.0 (Windows; U; Windows NT 5.1; en-US; rv:1.0.2) Gecko/20030208 Netscape/7.02"
217.237.159.199 - - [02/Sep/2003:00:54:26 -0700] "GET /download/antlr-2.7.2.zip HTTP/1.1" 200 1943296 "http://www.antlr.org/download.html" "Mozilla/4.0 (compatible; MSIE 6.0; Windows 98; Win 9x 4.90)"
212.11.227.1 - - [02/Sep/2003:00:54:27 -0700] "GET /images/parr-head.jpg HTTP/1.0" 304 - "http://www.antlr.org/" "Mozilla/5.0 (Windows; U; Windows NT 5.1; en-US; rv:1.0.2) Gecko/20030208 Netscape/7.02"
212.11.227.1 - - [02/Sep/2003:00:54:27 -0700] "GET /images/search.gif HTTP/1.0" 304 - "http://www.antlr.org/" "Mozilla/5.0 (Windows; U; Windows NT 5.1; en-US; rv:1.0.2) Gecko/20030208 Netscape/7.02"
212.11.227.1 - - [02/Sep/2003:00:54:27 -0700] "GET /images/search-go.gif HTTP/1.0" 304 - "http://www.antlr.org/" "Mozilla/5.0 (Windows; U; Windows NT 5.1; en-US; rv:1.0.2) Gecko/20030208 Netscape/7.02"
212.11.227.1 - - [02/Sep/2003:00:54:28 -0700] "GET /images/head-shim.gif HTTP/1.0" 304 - "http://www.antlr.org/" "Mozilla/5.0 (Windows; U; Windows NT 5.1; en-US; rv:1.0.2) Gecko/20030208 Netscape/7.02"
212.11.227.1 - - [02/Sep/2003:00:54:28 -0700] "GET /favicon.ico HTTP/1.0" 404 173 "-" "Mozilla/5.0 (Windows; U; Windows NT 5.1; en-US; rv:1.0.2) Gecko/20030208 Netscape/7.02"
195.208.32.174 - - [02/Sep/2003:00:55:14 -0700] "GET /download.html HTTP/1.1" 200 9276 "http://www.antlr.org/" "Mozilla/4.0 (compatible; MSIE 6.0; Windows NT 5.0)"
213.144.12.8 - - [02/Sep/2003:00:55:24 -0700] "GET / HTTP/1.0" 200 11690 "-" "Mozilla/4.0 (compatible; MSIE 6.0; Windows NT 5.1)"
213.144.12.8 - - [02/Sep/2003:00:55:29 -0700] "GET /favicon.ico HTTP/1.0" 404 1015 "-" "Mozilla/4.0 (compatible; MSIE 6.0; Windows NT 5.1)"
195.208.32.174 - - [02/Sep/2003:00:56:36 -0700] "GET /pccts133.html HTTP/1.1" 200 18035 "http://www.antlr.org/download.html" "Mozilla/4.0 (compatible; MSIE 6.0; Windows NT 5.0)"
217.232.2.7 - - [02/Sep/2003:00:57:29 -0700] "GET / HTTP/1.1" 200 11690 "-" "Mozilla/5.0 (Windows; U; Windows NT 5.0; en-US; rv:1.4) Gecko/20030624"
217.232.2.7 - - [02/Sep/2003:00:57:29 -0700] "GET /images/shim.gif HTTP/1.1" 200 43 "-" "Mozilla/5.0 (Windows; U; Windows NT 5.0; en-US; rv:1.4) Gecko/20030624"
217.232.2.7 - - [02/Sep/2003:00:57:29 -0700] "GET /images/logo-head.gif HTTP/1.1" 200 4098 "-" "Mozilla/5.0 (Windows; U; Windows NT 5.0; en-US; rv:1.4) Gecko/20030624"
217.232.2.7 - - [02/Sep/2003:00:57:29 -0700] "GET /images/button-download.gif HTTP/1.1" 200 733 "-" "Mozilla/5.0 (Windows; U; Windows NT 5.0; en-US; rv:1.4) Gecko/20030624"
195.208.32.174 - - [02/Sep/2003:00:57:29 -0700] "GET /download.html HTTP/1.1" 200 9276 "http://www.antlr.org/" "Mozilla/4.0 (compatible; MSIE 6.0; Windows NT 5.0)"
217.232.2.7 - - [02/Sep/2003:00:57:29 -0700] "GET /images/parr-head.jpg HTTP/1.1" 200 3582 "-" "Mozilla/5.0 (Windows; U; Windows NT 5.0; en-US; rv:1.4) Gecko/20030624"
217.232.2.7 - - [02/Sep/2003:00:57:29 -0700] "GET /images/search.gif HTTP/1.1" 200 299 "-" "Mozilla/5.0 (Windows; U; Windows NT 5.0; en-US; rv:1.4) Gecko/20030624"
217.232.2.7 - - [02/Sep/2003:00:57:30 -0700] "GET /images/search-go.gif HTTP/1.1" 200 266 "-" "Mozilla/5.0 (Windows; U; Windows NT 5.0; en-US; rv:1.4) Gecko/20030624"
217.232.2.7 - - [02/Sep/2003:00:57:30 -0700] "GET /images/head-shim.gif HTTP/1.1" 200 158 "-" "Mozilla/5.0 (Windows; U; Windows NT 5.0; en-US; rv:1.4) Gecko/20030624"
217.232.2.7 - - [02/Sep/2003:00:57:53 -0700] "GET /images/shim.gif HTTP/1.1" 304 - "-" "Mozilla/5.0 (Windows; U; Windows NT 5.0; en-US; rv:1.4) Gecko/20030624"
217.232.2.7 - - [02/Sep/2003:00:57:53 -0700] "GET /grammar/list HTTP/1.1" 200 15685 "-" "Mozilla/5.0 (Windows; U; Windows NT 5.0; en-US; rv:1.4) Gecko/20030624"
217.232.2.7 - - [02/Sep/2003:00:57:54 -0700] "GET /images/logo-head.gif HTTP/1.1" 304 - "-" "Mozilla/5.0 (Windows; U; Windows NT 5.0; en-US; rv:1.4) Gecko/20030624"
217.232.2.7 - - [02/Sep/2003:00:57:54 -0700] "GET /images/button-download.gif HTTP/1.1" 304 - "-" "Mozilla/5.0 (Windows; U; Windows NT 5.0; en-US; rv:1.4) Gecko/20030624"
217.232.2.7 - - [02/Sep/2003:00:57:54 -0700] "GET /images/head-shim.gif HTTP/1.1" 304 - "-" "Mozilla/5.0 (Windows; U; Windows NT 5.0; en-US; rv:1.4) Gecko/20030624"
217.232.2.7 - - [02/Sep/2003:00:57:54 -0700] "GET /images/search.gif HTTP/1.1" 304 - "-" "Mozilla/5.0 (Windows; U; Windows NT 5.0; en-US; rv:1.4) Gecko/20030624"
217.232.2.7 - - [02/Sep/2003:00:57:54 -0700] "GET /images/search-go.gif HTTP/1.1" 304 - "-" "Mozilla/5.0 (Windows; U; Windows NT 5.0; en-US; rv:1.4) Gecko/20030624"
217.232.2.7 - - [02/Sep/2003:00:57:54 -0700] "GET /images/button-add-grammar.gif HTTP/1.1" 200 664 "-" "Mozilla/5.0 (Windows; U; Windows NT 5.0; en-US; rv:1.4) Gecko/20030624"
195.208.32.174 - - [02/Sep/2003:00:58:09 -0700] "GET /download/antlr-2.7.2.zip HTTP/1.1" 200 1943296 "http://www.antlr.org/download.html" "Mozilla/4.0 (compatible; MSIE 6.0; Windows NT 5.0)"
217.232.2.7 - - [02/Sep/2003:00:58:18 -0700] "GET /download.html HTTP/1.1" 200 9276 "-" "Mozilla/5.0 (Windows; U; Windows NT 5.0; en-US; rv:1.4) Gecko/20030624"
217.232.2.7 - - [02/Sep/2003:00:58:19 -0700] "GET /images/shim.gif HTTP/1.1" 304 - "-" "Mozilla/5.0 (Windows; U; Windows NT 5.0; en-US; rv:1.4) Gecko/20030624"
217.232.2.7 - - [02/Sep/2003:00:58:19 -0700] "GET /images/logo-head.gif HTTP/1.1" 304 - "-" "Mozilla/5.0 (Windows; U; Windows NT 5.0; en-US; rv:1.4) Gecko/20030624"
217.232.2.7 - - [02/Sep/2003:00:58:19 -0700] "GET /images/button-download.gif HTTP/1.1" 304 - "-" "Mozilla/5.0 (Windows; U; Windows NT 5.0; en-US; rv:1.4) Gecko/20030624"
217.232.2.7 - - [02/Sep/2003:00:58:19 -0700] "GET /images/head-shim.gif HTTP/1.1" 304 - "-" "Mozilla/5.0 (Windows; U; Windows NT 5.0; en-US; rv:1.4) Gecko/20030624"
217.232.2.7 - - [02/Sep/2003:00:58:19 -0700] "GET /images/search.gif HTTP/1.1" 304 - "-" "Mozilla/5.0 (Windows; U; Windows NT 5.0; en-US; rv:1.4) Gecko/20030624"
217.232.2.7 - - [02/Sep/2003:00:58:19 -0700] "GET /images/search-go.gif HTTP/1.1" 304 - "-" "Mozilla/5.0 (Windows; U; Windows NT 5.0; en-US; rv:1.4) Gecko/20030624"
217.232.2.7 - - [02/Sep/2003:00:58:27 -0700] "GET /license.html HTTP/1.1" 200 9083 "-" "Mozilla/5.0 (Windows; U; Windows NT 5.0; en-US; rv:1.4) Gecko/20030624"
217.232.2.7 - - [02/Sep/2003:00:58:27 -0700] "GET /images/shim.gif HTTP/1.1" 304 - "-" "Mozilla/5.0 (Windows; U; Windows NT 5.0; en-US; rv:1.4) Gecko/20030624"
217.232.2.7 - - [02/Sep/2003:00:58:28 -0700] "GET /images/logo-head.gif HTTP/1.1" 304 - "-" "Mozilla/5.0 (Windows; U; Windows NT 5.0; en-US; rv:1.4) Gecko/20030624"
217.232.2.7 - - [02/Sep/2003:00:58:28 -0700] "GET /images/button-download.gif HTTP/1.1" 304 - "-" "Mozilla/5.0 (Windows; U; Windows NT 5.0; en-US; rv:1.4) Gecko/20030624"
217.232.2.7 - - [02/Sep/2003:00:58:28 -0700] "GET /images/head-shim.gif HTTP/1.1" 304 - "-" "Mozilla/5.0 (Windows; U; Windows NT 5.0; en-US; rv:1.4) Gecko/20030624"
217.232.2.7 - - [02/Sep/2003:00:58:28 -0700] "GET /images/search.gif HTTP/1.1" 304 - "-" "Mozilla/5.0 (Windows; U; Windows NT 5.0; en-US; rv:1.4) Gecko/20030624"
217.232.2.7 - - [02/Sep/2003:00:58:28 -0700] "GET /images/search-go.gif HTTP/1.1" 304 - "-" "Mozilla/5.0 (Windows; U; Windows NT 5.0; en-US; rv:1.4) Gecko/20030624"
217.232.2.7 - - [02/Sep/2003:00:58:28 -0700] "GET /images/antlr-link.gif HTTP/1.1" 200 1372 "-" "Mozilla/5.0 (Windows; U; Windows NT 5.0; en-US; rv:1.4) Gecko/20030624"
130.239.30.142 - - [02/Sep/2003:00:59:53 -0700] "GET /doc/getting-started.html HTTP/1.1" 200 11326 "http://www.antlr.org/" "Mozilla/4.0 (compatible; MSIE 6.0; Windows NT 5.0; .NET CLR 1.1.4322)"
130.239.30.142 - - [02/Sep/2003:00:59:58 -0700] "GET /article/firstgr/index.html HTTP/1.1" 200 14192 "http://www.antlr.org/doc/getting-started.html" "Mozilla/4.0 (compatible; MSIE 6.0; Windows NT 5.0; .NET CLR 1.1.4322)"
218.80.51.37 - - [02/Sep/2003:01:00:03 -0700] "GET /doc/getting-started.html HTTP/1.1" 200 11326 "http://www.antlr.org/" "Mozilla/4.0 (compatible; MSIE 6.0; Windows NT 5.0)"
216.88.158.142 - - [02/Sep/2003:01:00:06 -0700] "GET /doc/options.html HTTP/1.1" 200 16384 "-" "Mozilla/4.0 compatible ZyBorg/1.0 DLC (wn.zyborg@looksmart.net; http://www.WISEnutbot.com)"
219.150.172.3 - - [02/Sep/2003:01:00:22 -0700] "GET /doc/index.html HTTP/1.0" 200 26469 "-" "Mozilla/4.0 (compatible; MSIE 5.01; Windows NT 5.0)"
219.150.172.3 - - [02/Sep/2003:01:00:30 -0700] "GET /article/list HTTP/1.0" 200 15911 "-" "Mozilla/4.0 (compatible; MSIE 5.01; Windows NT 5.0)"
219.150.172.3 - - [02/Sep/2003:01:00:31 -0700] "GET /images/button-add-article.gif HTTP/1.0" 200 579 "http://www.antlr.org/article/list" "Mozilla/4.0 (compatible; MSIE 5.01; Windows NT 5.0)"
62.189.217.225 - - [02/Sep/2003:01:00:43 -0700] "GET / HTTP/1.1" 200 11690 "http://www.google.com/search?sourceid=navclient&ie=UTF-8&oe=UTF-8&q=antlr" "Mozilla/4.0 (compatible; MSIE 6.0; Windows NT 4.0)"
62.189.217.225 - - [02/Sep/2003:01:00:43 -0700] "GET /images/shim.gif HTTP/1.1" 200 43 "http://www.antlr.org/" "Mozilla/4.0 (compatible; MSIE 6.0; Windows NT 4.0)"
62.189.217.225 - - [02/Sep/2003:01:00:44 -0700] "GET /images/logo-head.gif HTTP/1.1" 200 4098 "http://www.antlr.org/" "Mozilla/4.0 (compatible; MSIE 6.0; Windows NT 4.0)"
62.189.217.225 - - [02/Sep/2003:01:00:44 -0700] "GET /images/head-shim.gif HTTP/1.1" 200 158 "http://www.antlr.org/" "Mozilla/4.0 (compatible; MSIE 6.0; Windows NT 4.0)"
62.189.217.225 - - [02/Sep/2003:01:00:44 -0700] "GET /images/button-download.gif HTTP/1.1" 200 733 "http://www.antlr.org/" "Mozilla/4.0 (compatible; MSIE 6.0; Windows NT 4.0)"
62.189.217.225 - - [02/Sep/2003:01:00:44 -0700] "GET /images/parr-head.jpg HTTP/1.1" 200 3582 "http://www.antlr.org/" "Mozilla/4.0 (compatible; MSIE 6.0; Windows NT 4.0)"
62.189.217.225 - - [02/Sep/2003:01:00:44 -0700] "GET /images/search.gif HTTP/1.1" 200 299 "http://www.antlr.org/" "Mozilla/4.0 (compatible; MSIE 6.0; Windows NT 4.0)"
62.189.217.225 - - [02/Sep/2003:01:00:44 -0700] "GET /images/search-go.gif HTTP/1.1" 200 266 "http://www.antlr.org/" "Mozilla/4.0 (compatible; MSIE 6.0; Windows NT 4.0)"
81.3.148.146 - - [02/Sep/2003:01:01:27 -0700] "GET /doc/csharp-runtime.html HTTP/1.1" 200 14148 "http://www.google.com.ru/search?q=antlr+C%23&ie=UTF-8&oe=UTF-8&hl=ru&lr=" "Mozilla/4.0 (compatible; MSIE 6.0; Windows NT 5.1; .NET CLR 1.1.4322; .NET CLR 1.0.3705)"
81.3.148.146 - - [02/Sep/2003:01:01:28 -0700] "GET /images/shim.gif HTTP/1.1" 200 43 "http://www.antlr.org/doc/csharp-runtime.html" "Mozilla/4.0 (compatible; MSIE 6.0; Windows NT 5.1; .NET CLR 1.1.4322; .NET CLR 1.0.3705)"
81.3.148.146 - - [02/Sep/2003:01:01:28 -0700] "GET /images/logo-head.gif HTTP/1.1" 200 4098 "http://www.antlr.org/doc/csharp-runtime.html" "Mozilla/4.0 (compatible; MSIE 6.0; Windows NT 5.1; .NET CLR 1.1.4322; .NET CLR 1.0.3705)"
81.3.148.146 - - [02/Sep/2003:01:01:28 -0700] "GET /images/head-shim.gif HTTP/1.1" 200 158 "http://www.antlr.org/doc/csharp-runtime.html" "Mozilla/4.0 (compatible; MSIE 6.0; Windows NT 5.1; .NET CLR 1.1.4322; .NET CLR 1.0.3705)"
81.3.148.146 - - [02/Sep/2003:01:01:28 -0700] "GET /images/button-download.gif HTTP/1.1" 200 733 "http://www.antlr.org/doc/csharp-runtime.html" "Mozilla/4.0 (compatible; MSIE 6.0; Windows NT 5.1; .NET CLR 1.1.4322; .NET CLR 1.0.3705)"
81.3.148.146 - - [02/Sep/2003:01:01:28 -0700] "GET /images/search.gif HTTP/1.1" 200 299 "http://www.antlr.org/doc/csharp-runtime.html" "Mozilla/4.0 (compatible; MSIE 6.0; Windows NT 5.1; .NET CLR 1.1.4322; .NET CLR 1.0.3705)"
81.3.148.146 - - [02/Sep/2003:01:01:29 -0700] "GET /images/search-go.gif HTTP/1.1" 200 266 "http://www.antlr.org/doc/csharp-runtime.html" "Mozilla/4.0 (compatible; MSIE 6.0; Windows NT 5.1; .NET CLR 1.1.4322; .NET CLR 1.0.3705)"
81.3.148.146 - - [02/Sep/2003:01:01:56 -0700] "GET /grammar/list HTTP/1.1" 200 15685 "http://www.antlr.org/doc/csharp-runtime.html" "Mozilla/4.0 (compatible; MSIE 6.0; Windows NT 5.1; .NET CLR 1.1.4322; .NET CLR 1.0.3705)"
81.3.148.146 - - [02/Sep/2003:01:01:58 -0700] "GET /images/button-add-grammar.gif HTTP/1.1" 200 664 "http://www.antlr.org/grammar/list" "Mozilla/4.0 (compatible; MSIE 6.0; Windows NT 5.1; .NET CLR 1.1.4322; .NET CLR 1.0.3705)"
62.189.217.225 - - [02/Sep/2003:01:02:08 -0700] "GET /logo.gif HTTP/1.1" 200 6455 "http://www.antlr.org/article/needlook.html" "Mozilla/4.0 (compatible; MSIE 6.0; Windows NT 4.0)"
62.189.217.225 - - [02/Sep/2003:01:02:09 -0700] "GET /article/needlook.html HTTP/1.1" 200 41059 "http://www.google.com/search?sourceid=navclient&ie=UTF-8&oe=UTF-8&q=antlr+lr+ll" "Mozilla/4.0 (compatible; MSIE 6.0; Windows NT 4.0)"
219.150.172.3 - - [02/Sep/2003:01:02:42 -0700] "GET /book/index.html HTTP/1.0" 200 9357 "http://www.antlr.org/article/list" "Mozilla/4.0 (compatible; MSIE 5.01; Windows NT 5.0)"
141.45.5.138 - - [02/Sep/2003:01:03:16 -0700] "GET / HTTP/1.1" 200 11690 "-" "Mozilla/5.0 (X11; U; Linux i686; en-US; rv:1.4b) Gecko/20030630 Mozilla Firebird/0.6"
141.45.5.138 - - [02/Sep/2003:01:03:16 -0700] "GET /images/shim.gif HTTP/1.1" 200 43 "http://www.antlr.org/" "Mozilla/5.0 (X11; U; Linux i686; en-US; rv:1.4b) Gecko/20030630 Mozilla Firebird/0.6"
141.45.5.138 - - [02/Sep/2003:01:03:16 -0700] "GET /images/logo-head.gif HTTP/1.1" 200 4098 "http://www.antlr.org/" "Mozilla/5.0 (X11; U; Linux i686; en-US; rv:1.4b) Gecko/20030630 Mozilla Firebird/0.6"
141.45.5.138 - - [02/Sep/2003:01:03:16 -0700] "GET /favicon.ico HTTP/1.1" 404 173 "-" "Mozilla/5.0 (X11; U; Linux i686; en-US; rv:1.4b) Gecko/20030630 Mozilla Firebird/0.6"
141.45.5.138 - - [02/Sep/2003:01:03:17 -0700] "GET /images/button-download.gif HTTP/1.1" 200 733 "http://www.antlr.org/" "Mozilla/5.0 (X11; U; Linux i686; en-US; rv:1.4b) Gecko/20030630 Mozilla Firebird/0.6"
141.45.5.138 - - [02/Sep/2003:01:03:18 -0700] "GET /images/search.gif HTTP/1.1" 200 299 "http://www.antlr.org/" "Mozilla/5.0 (X11; U; Linux i686; en-US; rv:1.4b) Gecko/20030630 Mozilla Firebird/0.6"
141.45.5.138 - - [02/Sep/2003:01:03:18 -0700] "GET /images/parr-head.jpg HTTP/1.1" 200 3582 "http://www.antlr.org/" "Mozilla/5.0 (X11; U; Linux i686; en-US; rv:1.4b) Gecko/20030630 Mozilla Firebird/0.6"
141.45.5.138 - - [02/Sep/2003:01:03:19 -0700] "GET /images/search-go.gif HTTP/1.1" 200 266 "http://www.antlr.org/" "Mozilla/5.0 (X11; U; Linux i686; en-US; rv:1.4b) Gecko/20030630 Mozilla Firebird/0.6"
141.45.5.138 - - [02/Sep/2003:01:03:20 -0700] "GET /images/head-shim.gif HTTP/1.1" 200 158 "http://www.antlr.org/" "Mozilla/5.0 (X11; U; Linux i686; en-US; rv:1.4b) Gecko/20030630 Mozilla Firebird/0.6"
62.189.217.225 - - [02/Sep/2003:01:03:20 -0700] "GET /logo.gif HTTP/1.1" 200 6455 "http://www.antlr.org/article/needlook.html" "Mozilla/4.0 (compatible; MSIE 6.0; Windows NT 4.0)"
62.189.217.225 - - [02/Sep/2003:01:03:20 -0700] "GET /article/needlook.html HTTP/1.1" 200 41059 "http://www.google.com/search?sourceid=navclient&ie=UTF-8&oe=UTF-8&q=antlr+lr+ll" "Mozilla/4.0 (compatible; MSIE 6.0; Windows NT 4.0)"
62.189.217.225 - - [02/Sep/2003:01:03:29 -0700] "GET / HTTP/1.1" 200 11690 "http://www.antlr.org/article/needlook.html" "Mozilla/4.0 (compatible; MSIE 6.0; Windows NT 4.0)"
64.68.82.14 - - [02/Sep/2003:01:03:34 -0700] "GET /tool/list HTTP/1.0" 302 102 "-" "Googlebot/2.1 (+http://www.googlebot.com/bot.html)"
203.126.11.62 - - [02/Sep/2003:01:03:34 -0700] "GET / HTTP/1.1" 200 11690 "-" "Mozilla/4.0 (compatible; MSIE 5.5; Windows NT 5.0)"
64.68.82.14 - - [02/Sep/2003:01:03:35 -0700] "GET /error.jsp?msg=No+such+resource+type%3A+tool HTTP/1.0" 200 6428 "-" "Googlebot/2.1 (+http://www.googlebot.com/bot.html)"
141.45.5.138 - - [02/Sep/2003:01:03:44 -0700] "GET /grammar/list HTTP/1.1" 200 15685 "http://www.antlr.org/" "Mozilla/5.0 (X11; U; Linux i686; en-US; rv:1.4b) Gecko/20030630 Mozilla Firebird/0.6"
141.45.5.138 - - [02/Sep/2003:01:03:44 -0700] "GET /images/button-add-grammar.gif HTTP/1.1" 200 664 "http://www.antlr.org/grammar/list" "Mozilla/5.0 (X11; U; Linux i686; en-US; rv:1.4b) Gecko/20030630 Mozilla Firebird/0.6"
62.189.217.225 - - [02/Sep/2003:01:03:47 -0700] "GET /testimonial/list HTTP/1.1" 200 12509 "http://www.antlr.org/" "Mozilla/4.0 (compatible; MSIE 6.0; Windows NT 4.0)"
62.189.217.225 - - [02/Sep/2003:01:03:48 -0700] "GET /images/button-testimonial.gif HTTP/1.1" 200 701 "http://www.antlr.org/testimonial/list" "Mozilla/4.0 (compatible; MSIE 6.0; Windows NT 4.0)"
141.45.5.138 - - [02/Sep/2003:01:04:05 -0700] "GET /doc/glossary.html HTTP/1.1" 200 31009 "http://www.antlr.org/" "Mozilla/5.0 (X11; U; Linux i686; en-US; rv:1.4b) Gecko/20030630 Mozilla Firebird/0.6"
62.189.217.225 - - [02/Sep/2003:01:04:14 -0700] "GET / HTTP/1.1" 200 11690 "http://www.antlr.org/article/needlook.html" "Mozilla/4.0 (compatible; MSIE 6.0; Windows NT 4.0)"
